******************************************************************************
              TMS320C55x Linker PC v4.4.1                      
******************************************************************************
>> Linked Sun Oct 07 10:05:06 2018

OUTPUT FILE NAME:   <foo.out>
ENTRY POINT SYMBOL: "_c_int00"  address: 00035194


MEMORY CONFIGURATION

         name            origin    length      used     unused   attr    fill
                        (bytes)   (bytes)    (bytes)   (bytes)
----------------------  --------  ---------  --------  --------  ----  --------
PAGE 0:
  MMR                   00000000   000000c0  00000000  000000c0  RWIX
  DARAM0                000000c0   0000ff40  0000b782  000047be  RWIX
  SARAM0                00010000   00010000  0000fffc  00000004  RWIX
  SARAM1                00020000   00020000  000152d6  0000ad2a  RWIX
  SARAM2                00040000   0000cdda  00000b28  0000c2b2  RWIX
  VECS                  0004ce00   00000200  00000200  00000000  RWIX
  PDROM                 00ff8000   00008000  00000000  00008000  R IX

PAGE 2:
  IOPORT                00000000   00020000  00000000  00020000  RWI 


SECTION ALLOCATION MAP
(Addresses surrounded by []'s are displayed for convenience only!)

output                                                          attributes/
section   page  orgn(bytes) orgn(words) len(bytes) len(words)   input sections
--------  ----  ----------- ----------- ---------- ----------   --------------
.pinit       0   [ 00040000 ]  00020000          *   00000000   UNINITIALIZED

.stack       0   [ 000000c0 ]  00000060          *   00001000   
                 [ 000000c0 ]  00000060          *   00001000   --HOLE-- [fill = a5a5a5a5]

.data        0   [ 000000c0 ]  00000060          *   00000000   UNINITIALIZED

.sysstack 
*            0   [ 000020c0 ]  00001060          *   00000800   
                 [ 000020c0 ]  00001060          *   00000800   --HOLE-- [fill = a5a5a5a5]

.sysmem      0   [ 000030c0 ]  00001860          *   00002800   UNINITIALIZED
                 [ 000030c0 ]  00001860          *   00002800   --HOLE--

.bss.1       0   [ 000080c0 ]  00004060          *   00001181   UNINITIALIZED
                 [ 000080c0 ]  00004060          *   0000050d   csl_mmcsd_ataIf.obj (.bss)
                 [ 00008ada ]  0000456d          *   00000400   mem_test.obj (.bss)
                 [ 000092da ]  0000496d          *   00000200   spiflash_test.obj (.bss)
                 [ 000096da ]  00004b6d          *   00000001   integer.obj (.bss)
                 [ 000096dc ]  00004b6e          *   000001be   csl_usb.obj (.bss)
                 [ 00009a58 ]  00004d2c          *   00000124   dma.obj (.bss)
                 [ 00009ca0 ]  00004e50          *   00000119   rts55x.lib : defs.obj (.bss)
                 [ 00009ed2 ]  00004f69          *   00000001              : fopen.obj (.bss)
                 [ 00009ed4 ]  00004f6a          *   00000112   ezdsp5535_spiflash.obj (.bss)
                 [ 0000a0f8 ]  0000507c          *   000000d0   rts55x.lib : trgdrv.obj (.bss)
                 [ 0000a298 ]  0000514c          *   00000095   ezdsp5535_sdcard.obj (.bss)

.bss.2       0   [ 0000a3c4 ]  000051e2          *   00000101   UNINITIALIZED
                 [ 0000a3c4 ]  000051e2          *   00000084   csl_intc.obj (.bss)
                 [ 0000a4cc ]  00005266          *   0000007d   tasks_sysStk.obj (.bss)

.bss.3       0   [ 0000a5c8 ]  000052e4          *   0000020d   UNINITIALIZED
                 [ 0000a5c8 ]  000052e4          *   00000071   rts55x.lib : lowlev.obj (.bss)
                 [ 0000a6aa ]  00005355          *   00000061   i2s.obj (.bss)
                 [ 0000a76c ]  000053b6          *   0000004e   port.obj (.bss)
                 [ 0000a808 ]  00005404          *   00000036   main.obj (.bss)
                 [ 0000a874 ]  0000543a          *   0000002a   csl_i2s.obj (.bss)
                 [ 0000a8c8 ]  00005464          *   00000020   queue.obj (.bss)
                 [ 0000a908 ]  00005484          *   00000016   ezdsp5535_uart.obj (.bss)
                 [ 0000a934 ]  0000549a          *   00000014   rtc.obj (.bss)
                 [ 0000a95c ]  000054ae          *   00000012   csl_i2c.obj (.bss)
                 [ 0000a980 ]  000054c0          *   00000012   dynamic.obj (.bss)
                 [ 0000a9a4 ]  000054d2          *   0000000c   QPeek.obj (.bss)
                 [ 0000a9bc ]  000054de          *   0000000a   blocktim.obj (.bss)
                 [ 0000a9d0 ]  000054e8          *   00000009   semtest.obj (.bss)

.bss.4       0   [ 0000a9e4 ]  000054f2          *   00000039   UNINITIALIZED
                 [ 0000a9e4 ]  000054f2          *   00000008   QueueOverwrite.obj (.bss)
                 [ 0000a9f4 ]  000054fa          *   00000008   ezdsp5535_sar.obj (.bss)
                 [ 0000aa04 ]  00005502          *   00000006   rts55x.lib : memory.obj (.bss)
                 [ 0000aa10 ]  00005508          *   00000004   ParTest.obj (.bss)
                 [ 0000aa18 ]  0000550c          *   00000004   PollQ.obj (.bss)
                 [ 0000aa20 ]  00005510          *   00000004   ezdsp5535_gpio.obj (.bss)
                 [ 0000aa28 ]  00005514          *   00000004   flash.obj (.bss)
                 [ 0000aa30 ]  00005518          *   00000004   flop.obj (.bss)
                 [ 0000aa38 ]  0000551c          *   00000004   rts55x.lib : _lock.obj (.bss)
                 [ 0000aa40 ]  00005520          *   00000004              : exit.obj (.bss)
                 [ 0000aa48 ]  00005524          *   00000004   timer.obj (.bss)
                 [ 0000aa50 ]  00005528          *   00000003   csl_spi.obj (.bss)

.bss.5       0   [ 0000aa58 ]  0000552c          *   00000002   UNINITIALIZED
                 [ 0000aa58 ]  0000552c          *   00000002   ezdsp5535_i2s.obj (.bss)

.const.1     0   [ 0000aa5c ]  0000552e          *   00000447   
                 [ 0000aa5c ]  0000552e          *   00000346   ezdsp5535_sdcard.obj (.const:.string)
                 [ 0000b0e8 ]  00005874          *   00000101   rts55x.lib : ctype.obj (.const:__ctypes_)

.const.2     0   [ 0000b2ec ]  00005976          *   00000081   
                 [ 0000b2ec ]  00005976          *   00000081   csl_cdc.obj (.const:.string)

.const.3     0   [ 0000b3f0 ]  000059f8          *   00000061   
                 [ 0000b3f0 ]  000059f8          *   00000061   main.obj (.const:.string)

.const.4     0   [ 0000b4b4 ]  00005a5a          *   0000005d   
                 [ 0000b4b4 ]  00005a5a          *   0000005d   spiflash_test.obj (.const:.string)

.const.5     0   [ 0000b570 ]  00005ab8          *   0000003f   
                 [ 0000b570 ]  00005ab8          *   0000003f   semtest.obj (.const:.string)

.const.6     0   [ 0000b5f0 ]  00005af8          *   0000006b   
                 [ 0000b5f0 ]  00005af8          *   0000003e   dynamic.obj (.const:.string)
                 [ 0000b66c ]  00005b36          *   0000002d   QPeek.obj (.const:.string)

.const.7     0   [ 0000b6c8 ]  00005b64          *   00000045   
                 [ 0000b6c8 ]  00005b64          *   00000024   rts55x.lib : _printfi.obj (.const:.string)
                 [ 0000b710 ]  00005b88          *   00000021   blocktim.obj (.const:.string)

.const.8     0   [ 0000b754 ]  00005baa          *   00000073   
                 [ 0000b754 ]  00005baa          *   00000020   PollQ.obj (.const:.string)
                 [ 0000b794 ]  00005bca          *   00000018   flop.obj (.const:.string)
                 [ 0000b7c4 ]  00005be2          *   00000014   flop.obj (.const)
                 [ 0000b7ec ]  00005bf6          *   0000000c   rts55x.lib : _printfi.obj (.const)
                 [ 0000b804 ]  00005c02          *   00000008   integer.obj (.const:.string)
                 [ 0000b814 ]  00005c0a          *   00000008   rts55x.lib : divd.obj (.const:_initial_approx$1)
                 [ 0000b824 ]  00005c12          *   00000006   QueueOverwrite.obj (.const:.string)
                 [ 0000b830 ]  00005c18          *   00000005   flash.obj (.const:.string)

.const.9     0   [ 0000b83c ]  00005c1e          *   00000009   
                 [ 0000b83c ]  00005c1e          *   00000005   tasks_sysStk.obj (.const:.string)
                 [ 0000b846 ]  00005c23          *   00000004   main.obj (.const:_$P$T0$2)

.const.10 
*            0   [ 0000b850 ]  00005c28          *   00000006   
                 [ 0000b850 ]  00005c28          *   00000002   rts55x.lib : fputs.obj (.const:.string)
                 [ 0000b854 ]  00005c2a          *   00000002              : fltlid.obj (.const)
                 [ 0000b858 ]  00005c2c          *   00000002              : fltuld.obj (.const)

.text.1      0     00010000  [ 00008000 ] 0000da46          *   
                   00010000  [ 00008000 ] 0000444f          *   csl_mmcsd.obj (.text)
                   0001444f  [ 0000a227 ] 00000001          *   --HOLE-- [fill = 20]
                   00014450  [ 0000a228 ] 00002b4f          *   csl_msc.obj (.text)
                   00016f9f  [ 0000b7cf ] 00000001          *   --HOLE-- [fill = 20]
                   00016fa0  [ 0000b7d0 ] 00002a24          *   csl_sdio.obj (.text)
                   000199c4  [ 0000cce2 ] 000021d5          *   csl_usb.obj (.text)
                   0001bb99  [ 0000ddcc+] 00000002          *   rts55x.lib : vectors.obj (.text)
                   0001bb9b  [ 0000ddcd ] 00000001          *   --HOLE-- [fill = 20]
                   0001bb9c  [ 0000ddce ] 00001ea9          *   tasks_sysStk.obj (.text)
                   0001da45  [ 0000ed22 ] 00000001          *   --HOLE-- [fill = 20]

.text.2      0     0001da48  [ 0000ed24 ] 00002512          *   
                   0001da48  [ 0000ed24 ] 000018ac          *   csl_dma.obj (.text)
                   0001f2f4  [ 0000f97a ] 00000c65          *   csl_cdc.obj (.text)
                   0001ff59  [ 0000ffac ] 00000001          *   --HOLE-- [fill = 20]

.text.3      0     0001ff5c  [ 0000ffae ] 000000a4          *   
                   0001ff5c  [ 0000ffae ] 000000a2          *   ezdsp5535_uart.obj (.text)
                   0001fffe  [ 0000ffff ] 00000002          *   --HOLE-- [fill = 20]

.text.4      0     00020000  [ 00010000 ] 00004ac8          *   
                   00020000  [ 00010000 ] 000015a4          *   rts55x.lib : _printfi.obj (.text)
                   000215a4  [ 00010ad2 ] 00001230          *   queue.obj (.text)
                   000227d4  [ 000113ea ] 000011eb          *   csl_nand.obj (.text)
                   000239bf  [ 00011cdf ] 00000001          *   --HOLE-- [fill = 20]
                   000239c0  [ 00011ce0 ] 00001106          *   csl_uart.obj (.text)
                   00024ac6  [ 00012563 ] 00000002          *   --HOLE-- [fill = 20]

.text.5      0     00024ac8  [ 00012564 ] 00000dc2          *   
                   00024ac8  [ 00012564 ] 00000dc1          *   csl_dat.obj (.text)
                   00025889  [ 00012c44 ] 00000001          *   --HOLE-- [fill = 20]

.text.6      0     0002588c  [ 00012c46 ] 00002500          *   
                   0002588c  [ 00012c46 ] 00000d74          *   csl_audioClass.obj (.text)
                   00026600  [ 00013300 ] 00000c4c          *   csl_i2c.obj (.text)
                   0002724c  [ 00013926 ] 00000b3e          *   csl_mmcsd_ataIf.obj (.text)
                   00027d8a  [ 00013ec5 ] 00000002          *   --HOLE-- [fill = 20]

.text.7      0     00027d8c  [ 00013ec6 ] 000049e2          *   
                   00027d8c  [ 00013ec6 ] 00000b2b          *   csl_sar.obj (.text)
                   000288b7  [ 0001445b ] 00000001          *   --HOLE-- [fill = 20]
                   000288b8  [ 0001445c ] 00000a58          *   stream_buffer.obj (.text)
                   00029310  [ 00014988 ] 000009e3          *   csl_i2s.obj (.text)
                   00029cf3  [ 00014e79 ] 00000001          *   --HOLE-- [fill = 20]
                   00029cf4  [ 00014e7a ] 0000092f          *   portASM.obj (.text)
                   0002a623  [ 00015311 ] 00000001          *   --HOLE-- [fill = 20]
                   0002a624  [ 00015312 ] 000008b4          *   csl_rtc.obj (.text)
                   0002aed8  [ 0001576c ] 0000083f          *   main.obj (.text)
                   0002b717  [ 00015b8b ] 00000001          *   --HOLE-- [fill = 20]
                   0002b718  [ 00015b8c ] 00000838          *   csl_lcdc.obj (.text)
                   0002bf50  [ 00015fa8 ] 0000081d          *   oled_test.obj (.text)
                   0002c76d  [ 000163b6 ] 00000001          *   --HOLE-- [fill = 20]

.text.8      0     0002c770  [ 000163b8 ] 00001cc0          *   
                   0002c770  [ 000163b8 ] 00000697          *   csl_gpio.obj (.text)
                   0002ce07  [ 00016703 ] 00000001          *   --HOLE-- [fill = 20]
                   0002ce08  [ 00016704 ] 000005bb          *   csl_spi.obj (.text)
                   0002d3c3  [ 000169e1 ] 00000001          *   --HOLE-- [fill = 20]
                   0002d3c4  [ 000169e2 ] 000005b3          *   blocktim.obj (.text)
                   0002d977  [ 00016cbb ] 00000001          *   --HOLE-- [fill = 20]
                   0002d978  [ 00016cbc ] 00000573          *   event_groups.obj (.text)
                   0002deeb  [ 00016f75+] 00000543          *   rts55x.lib : lowlev.obj (.text)
                   0002e42e  [ 00017217 ] 00000002          *   --HOLE-- [fill = 20]

.text.9      0     0002e430  [ 00017218 ] 000013ec          *   
                   0002e430  [ 00017218 ] 00000538          *   csl_intc.obj (.text)
                   0002e968  [ 000174b4 ] 00000528          *   rts55x.lib : trgdrv.obj (.text)
                   0002ee90  [ 00017748 ] 000004d5          *   ezdsp5535_sdcard.obj (.text)
                   0002f365  [ 000179b2+] 000004b5          *   rts55x.lib : memory.obj (.text)
                   0002f81a  [ 00017c0d ] 00000002          *   --HOLE-- [fill = 20]

.text.10     0     0002f81c  [ 00017c0e ] 00000430          *   
                   0002f81c  [ 00017c0e ] 0000042e          *   QPeek.obj (.text)
                   0002fc4a  [ 00017e25 ] 00000002          *   --HOLE-- [fill = 20]

.text.11     0     0002fc4c  [ 00017e26 ] 00000b9c          *   
                   0002fc4c  [ 00017e26 ] 000003fb          *   dynamic.obj (.text)
                   00030047  [ 00018023 ] 00000001          *   --HOLE-- [fill = 20]
                   00030048  [ 00018024 ] 000003d2          *   flop.obj (.text)
                   0003041a  [ 0001820d ] 000003cc          *   rts55x.lib : divd.obj (.text)
                   000307e6  [ 000183f3 ] 00000002          *   --HOLE-- [fill = 20]

.text.12     0     000307e8  [ 000183f4 ] 000003c4          *   
                   000307e8  [ 000183f4 ] 000003c2          *   ezdsp5535_spiflash.obj (.text)
                   00030baa  [ 000185d5 ] 00000002          *   --HOLE-- [fill = 20]

.text.13     0     00030bac  [ 000185d6 ] 00000346          *   
                   00030bac  [ 000185d6 ] 00000345          *   csl_mem.obj (.text)
                   00030ef1  [ 00018778 ] 00000001          *   --HOLE-- [fill = 20]

.text.14     0     00030ef4  [ 0001877a ] 000017c0          *   
                   00030ef4  [ 0001877a ] 000002f7          *   csl_gpt.obj (.text)
                   000311eb  [ 000188f5 ] 00000001          *   --HOLE-- [fill = 20]
                   000311ec  [ 000188f6 ] 000002f4          *   semtest.obj (.text)
                   000314e0  [ 00018a70 ] 000002ef          *   aic_test_i2c.obj (.text)
                   000317cf  [ 00018be7 ] 00000001          *   --HOLE-- [fill = 20]
                   000317d0  [ 00018be8 ] 000002ac          *   csl_pll.obj (.text)
                   00031a7c  [ 00018d3e ] 00000298          *   i2s_register.obj (.text)
                   00031d14  [ 00018e8a ] 0000027f          *   rts55x.lib : fopen.obj (.text)
                   00031f93  [ 00018fc9 ] 00000001          *   --HOLE-- [fill = 20]
                   00031f94  [ 00018fca ] 00000266          *   csl_wdt.obj (.text)
                   000321fa  [ 000190fd ] 0000025e          *   rts55x.lib : llmpy.obj (.text)
                   00032458  [ 0001922c ] 0000025a          *              : addd.obj (.text)
                   000326b2  [ 00019359 ] 00000002          *   --HOLE-- [fill = 20]

.text.15     0     000326b4  [ 0001935a ] 00000250          *   
                   000326b4  [ 0001935a ] 0000024e          *   port.obj (.text)
                   00032902  [ 00019481 ] 00000002          *   --HOLE-- [fill = 20]

.text.16     0     00032904  [ 00019482 ] 00000238          *   
                   00032904  [ 00019482 ] 00000236          *   QueueOverwrite.obj (.text)
                   00032b3a  [ 0001959d ] 00000002          *   --HOLE-- [fill = 20]

.text.17     0     00032b3c  [ 0001959e ] 00000220          *   
                   00032b3c  [ 0001959e ] 0000021e          *   dma.obj (.text)
                   00032d5a  [ 000196ad ] 00000002          *   --HOLE-- [fill = 20]

.text.18     0     00032d5c  [ 000196ae ] 000003e2          *   
                   00032d5c  [ 000196ae ] 000001f7          *   ezdsp5535_led.obj (.text)
                   00032f53  [ 000197a9+] 000001ea          *   rts55x.lib : cmpd.obj (.text)
                   0003313d  [ 0001989e ] 00000001          *   --HOLE-- [fill = 20]

.text.19     0     00033140  [ 000198a0 ] 000001c4          *   
                   00033140  [ 000198a0 ] 000001c2          *   PollQ.obj (.text)
                   00033302  [ 00019981 ] 00000002          *   --HOLE-- [fill = 20]

.text.20     0     00033304  [ 00019982 ] 000001b0          *   
                   00033304  [ 00019982 ] 000001ae          *   list.obj (.text)
                   000334b2  [ 00019a59 ] 00000002          *   --HOLE-- [fill = 20]

.text.21     0     000334b4  [ 00019a5a ] 00000196          *   
                   000334b4  [ 00019a5a ] 00000195          *   ezdsp5535_lcd.obj (.text)
                   00033649  [ 00019b24 ] 00000001          *   --HOLE-- [fill = 20]

.text.22     0     0003364c  [ 00019b26 ] 000006d4          *   
                   0003364c  [ 00019b26 ] 0000018b          *   spiflash_test.obj (.text)
                   000337d7  [ 00019beb ] 00000001          *   --HOLE-- [fill = 20]
                   000337d8  [ 00019bec ] 0000017c          *   ezdsp5535_sar.obj (.text)
                   00033954  [ 00019caa ] 00000163          *   rts55x.lib : fputs.obj (.text)
                   00033ab7  [ 00019d5b+] 0000014c          *              : mpyd.obj (.text)
                   00033c03  [ 00019e01 ] 00000001          *   --HOLE-- [fill = 20]
                   00033c04  [ 00019e02 ] 0000011a          *   timer.obj (.text:retain)
                   00033d1e  [ 00019e8f ] 00000002          *   --HOLE-- [fill = 20]

.text.23     0     00033d20  [ 00019e90 ] 00000114          *   
                   00033d20  [ 00019e90 ] 00000112          *   ezdsp5535_i2s.obj (.text)
                   00033e32  [ 00019f19 ] 00000002          *   --HOLE-- [fill = 20]

.text.24     0     00033e34  [ 00019f1a ] 000002e8          *   
                   00033e34  [ 00019f1a ] 00000104          *   integer.obj (.text)
                   00033f38  [ 00019f9c ] 000000fc          *   rtc.obj (.text)
                   00034034  [ 0001a01a ] 000000e6          *   rts55x.lib : setvbuf.obj (.text)
                   0003411a  [ 0001a08d ] 00000002          *   --HOLE-- [fill = 20]

.text.25     0     0003411c  [ 0001a08e ] 00000530          *   
                   0003411c  [ 0001a08e ] 000000de          *   flash.obj (.text)
                   000341fa  [ 0001a0fd ] 000000dd          *   rts55x.lib : _io_perm.obj (.text)
                   000342d7  [ 0001a16b+] 000000c2          *              : fflush.obj (.text)
                   00034399  [ 0001a1cc+] 000000ba          *              : trgmsg.obj (.text:CIO_breakpoint)
                   00034453  [ 0001a229 ] 00000001          *   --HOLE-- [fill = 20]
                   00034454  [ 0001a22a ] 000000af          *   mem_test.obj (.text)
                   00034503  [ 0001a281+] 000000a6          *   rts55x.lib : fputc.obj (.text)
                   000345a9  [ 0001a2d4+] 000000a1          *              : divul.obj (.text)
                   0003464a  [ 0001a325 ] 00000002          *   --HOLE-- [fill = 20]

.text.26     0     0003464c  [ 0001a326 ] 0000009c          *   
                   0003464c  [ 0001a326 ] 0000009a          *   ParTest.obj (.text)
                   000346e6  [ 0001a373 ] 00000002          *   --HOLE-- [fill = 20]

.text.27     0     000346e8  [ 0001a374 ] 0000076e          *   
                   000346e8  [ 0001a374 ] 00000094          *   ezdsp5535_i2c.obj (.text)
                   0003477c  [ 0001a3be ] 0000008c          *   csl_irqplug.obj (.text)
                   00034808  [ 0001a404 ] 0000008c          *   i2s.obj (.text)
                   00034894  [ 0001a44a ] 0000008a          *   ezdsp5535_gpio.obj (.text)
                   0003491e  [ 0001a48f ] 0000007f          *   vectors.obj (.text)
                   0003499d  [ 0001a4ce+] 0000007d          *   rts55x.lib : ltoa.obj (.text)
                   00034a1a  [ 0001a50d ] 0000007b          *              : fclose.obj (.text)
                   00034a95  [ 0001a54a+] 00000076          *              : frcmpyd.obj (.text)
                   00034b0b  [ 0001a585+] 00000073          *              : frcmpyd_div.obj (.text)
                   00034b7e  [ 0001a5bf ] 00000072          *              : remul.obj (.text)
                   00034bf0  [ 0001a5f8 ] 0000006f          *              : fixdli.obj (.text)
                   00034c5f  [ 0001a62f+] 0000006d          *              : trgmsg.obj (.text)
                   00034ccc  [ 0001a666 ] 0000006b          *              : fseek.obj (.text)
                   00034d37  [ 0001a69b+] 00000067          *              : fltlid.obj (.text)
                   00034d9e  [ 0001a6cf ] 0000005c          *              : atoi.obj (.text)
                   00034dfa  [ 0001a6fd ] 0000005b          *              : fltuld.obj (.text)
                   00034e55  [ 0001a72a ] 00000001          *   --HOLE-- [fill = 20]

.text.28     0     00034e58  [ 0001a72c ] 00000058          *   
                   00034e58  [ 0001a72c ] 00000056          *   ezdsp5535.obj (.text)
                   00034eae  [ 0001a757 ] 00000002          *   --HOLE-- [fill = 20]

.text.29     0     00034eb0  [ 0001a758 ] 000000a4          *   
                   00034eb0  [ 0001a758 ] 00000052          *   timer.obj (.text)
                   00034f02  [ 0001a781 ] 00000050          *   rts55x.lib : printf.obj (.text)
                   00034f52  [ 0001a7a9 ] 00000002          *   --HOLE-- [fill = 20]

.text.30     0     00034f54  [ 0001a7aa ] 0000017a          *   
                   00034f54  [ 0001a7aa ] 0000004e          *   rtc.obj (.text:retain)
                   00034fa2  [ 0001a7d1 ] 0000004d          *   rts55x.lib : autoinit.obj (.text)
                   00034fef  [ 0001a7f7+] 0000004b          *              : args_main.obj (.text)
                   0003503a  [ 0001a81d ] 0000004b          *              : remli.obj (.text)
                   00035085  [ 0001a842+] 00000048          *              : divli.obj (.text)
                   000350cd  [ 0001a866 ] 00000001          *   --HOLE-- [fill = 20]

.text.31     0     000350d0  [ 0001a868 ] 00000214          *   
                   000350d0  [ 0001a868 ] 00000047          *   heap_3.obj (.text)
                   00035117  [ 0001a88b+] 0000003f          *   rts55x.lib : memcpy.obj (.text)
                   00035156  [ 0001a8ab ] 0000003e          *              : exit.obj (.text)
                   00035194  [ 0001a8ca ] 00000034          *              : boot.obj (.text)
                   000351c8  [ 0001a8e4 ] 0000002a          *              : fixdi.obj (.text)
                   000351f2  [ 0001a8f9 ] 0000002a          *              : udiv.obj (.text)
                   0003521c  [ 0001a90e ] 00000023          *              : memccpy.obj (.text)
                   0003523f  [ 0001a91f+] 0000001a          *              : isinf.obj (.text)
                   00035259  [ 0001a92c+] 00000014          *              : subd.obj (.text)
                   0003526d  [ 0001a936+] 00000013          *              : lmpy.obj (.text)
                   00035280  [ 0001a940 ] 00000012          *              : _lock.obj (.text)
                   00035292  [ 0001a949 ] 00000011          *              : memset.obj (.text)
                   000352a3  [ 0001a951+] 00000011          *              : strlen.obj (.text)
                   000352b4  [ 0001a95a ] 00000010          *              : negd.obj (.text)
                   000352c4  [ 0001a962 ] 0000000e          *              : fltud.obj (.text)
                   000352d2  [ 0001a969 ] 0000000a          *              : remove.obj (.text)
                   000352dc  [ 0001a96e ] 00000007          *              : exit.obj (.text:CIO_breakpoint)
                   000352e3  [ 0001a971 ] 00000001          *   --HOLE-- [fill = 20]

.cinit       0   [ 00040000 ]  00020000          *   00000394   
                 [ 00040000 ]  00020000          *   000000e8   port.obj (.cinit)
                 [ 000401d0 ]  000200e8          *   000000dc   dma.obj (.cinit)
                 [ 00040388 ]  000201c4          *   00000054   main.obj (.cinit)
                 [ 00040430 ]  00020218          *   0000003d   tasks_sysStk.obj (.cinit)
                 [ 000404aa ]  00020255          *   0000002d   rts55x.lib : lowlev.obj (.cinit)
                 [ 00040504 ]  00020282          *   0000002a              : defs.obj (.cinit)
                 [ 00040558 ]  000202ac          *   0000001f   dynamic.obj (.cinit)
                 [ 00040596 ]  000202cb          *   00000015   csl_mmcsd_ataIf.obj (.cinit)
                 [ 000405c0 ]  000202e0          *   00000014   blocktim.obj (.cinit)
                 [ 000405e8 ]  000202f4          *   00000013   QueueOverwrite.obj (.cinit)
                 [ 0004060e ]  00020307          *   00000010   timer.obj (.cinit)
                 [ 0004062e ]  00020317          *   0000000e   QPeek.obj (.cinit)
                 [ 0004064a ]  00020325          *   0000000d   ParTest.obj (.cinit)
                 [ 00040664 ]  00020332          *   0000000c   ezdsp5535_sar.obj (.cinit)
                 [ 0004067c ]  0002033e          *   0000000c   semtest.obj (.cinit)
                 [ 00040694 ]  0002034a          *   0000000a   rts55x.lib : _lock.obj (.cinit)
                 [ 000406a8 ]  00020354          *   0000000a              : exit.obj (.cinit)
                 [ 000406bc ]  0002035e          *   00000009   flash.obj (.cinit)
                 [ 000406ce ]  00020367          *   00000008   PollQ.obj (.cinit)
                 [ 000406de ]  0002036f          *   00000008   csl_i2s.obj (.cinit)
                 [ 000406ee ]  00020377          *   00000008   rtc.obj (.cinit)
                 [ 000406fe ]  0002037f          *   00000004   flop.obj (.cinit)
                 [ 00040706 ]  00020383          *   00000004   i2s.obj (.cinit)
                 [ 0004070e ]  00020387          *   00000004   integer.obj (.cinit)
                 [ 00040716 ]  0002038b          *   00000004   rts55x.lib : fopen.obj (.cinit)
                 [ 0004071e ]  0002038f          *   00000004              : memory.obj (.cinit)
                 [ 00040726 ]  00020393          *   00000001   --HOLE-- [fill = 0]

.cio         0   [ 00040728 ]  00020394          *   00000120   UNINITIALIZED
                 [ 00040728 ]  00020394          *   00000120   rts55x.lib : trgmsg.obj (.cio)

.switch      0   [ 00040968 ]  000204b4          *   000000e0   
                 [ 00040968 ]  000204b4          *   00000022   csl_sdio.obj (.switch:_SDIO_eventDisable)
                 [ 000409ac ]  000204d6          *   00000022   csl_sdio.obj (.switch:_SDIO_eventEnable)
                 [ 000409f0 ]  000204f8          *   00000020   csl_dma.obj (.switch:_DMA_config)
                 [ 00040a30 ]  00020518          *   00000020   csl_dma.obj (.switch:_DMA_getConfig)
                 [ 00040a70 ]  00020538          *   00000020   csl_dma.obj (.switch:_DMA_reset)
                 [ 00040ab0 ]  00020558          *   00000018   csl_usb.obj (.switch:_USB_coreEventProcessEp0)
                 [ 00040ae0 ]  00020570          *   00000014   rtc.obj (.switch:_NtoC)
                 [ 00040b08 ]  00020584          *   00000010   csl_msc.obj (.switch:_MSC_Bulk)

vectors      0     0004ce00  [ 00026700 ] 00000200          *   
                   0004ce00  [ 00026700 ] 00000100          *   rts55x.lib : vectors.obj (vectors)
                   0004cf00  [ 00026780 ] 00000100          *   vectors.obj (vectors)


GLOBAL SYMBOLS: SORTED ALPHABETICALLY BY Name 

abs. value/
byte addr   word addr   name
---------   ---------   ----
00000002                $TI_capability$C5500$CallingConvention
00000002                $TI_capability$C5500$MemoryModel
00000001                $TI_capability_requires_rev3
ffffffff                .bss
ffffffff                .data
ffffffff                .text
000352dd                C$$EXIT
0003444e                C$$IO$$
0003526d                I$$LMPY
000351f2                I$$UDIV
00035207                I$$UMOD
00025b50                _AC_Close
00025b8c                _AC_Ctrl
00025e20                _AC_GetactivityFlagStatus
00025e3c                _AC_GetsuspendFlagStatus
00025d84                _AC_Iso
00025908                _AC_Open
00025e54                _AC_initDescriptors
000263b8                _AC_reqGetCurrent
00026104                _AC_reqGetDescriptor
000264c0                _AC_reqGetMaximum
0002647c                _AC_reqGetMinimum
00026504                _AC_reqGetResolution
000262dc                _AC_reqSetCurrent
00026548                _AC_reqSetInterface
000314e0                _AIC3254_init
            0000456c    _ATA_No_Swap
0002b2c8                _BlinkLED
            000053b5    _Buf_Address
            000054a3    _Buf_day
            000054a0    _Buf_hour
            0000549d    _Buf_min
            000054a6    _Buf_month
            0000549a    _Buf_sec
            000054a9    _Buf_year
0001f580                _CDC_Close
0001f5bc                _CDC_GetactivityFlagStatus
0001f5d4                _CDC_GetsuspendFlagStatus
0001f388                _CDC_Open
0001f3ac                _CDC_OpenFullspeed
0001f9e8                _CDC_bulkInHandler
0001f8e8                _CDC_bulkOutHandler
0001f5ec                _CDC_eventHandler
0001fcd8                _CDC_getData
0001fd68                _CDC_putData
0002b2ac                _ConfigPort
            000054ad    _Conunt_RTC
00024ba0                _DAT_close
00024d34                _DAT_copy
00025230                _DAT_fill
00024ac8                _DAT_open
00025740                _DAT_wait
            000053f3    _DBSTAT_RESTORE
            000053f2    _DBSTAT_SAVE
            00004e4c    _DMA_Count
            00004e4f    _DMA_Done
0001db6c                _DMA_close
0001db8c                _DMA_config
0001e760                _DMA_getConfig
0001f248                _DMA_getLastTransferType
0001da48                _DMA_init
0001da80                _DMA_open
0001eee4                _DMA_reset
0001ecd0                _DMA_start
0001ede0                _DMA_stop
0001f1d0                _DMA_swapWords
0001ffe4                _EVM5515_UART_getChar
0001ffcc                _EVM5515_UART_putChar
00034900                _EZDSP5535_GPIO_getInput
00034894                _EZDSP5535_GPIO_init
000348c0                _EZDSP5535_GPIO_setDirection
000348e4                _EZDSP5535_GPIO_setOutput
000346e8                _EZDSP5535_I2C_init
00034754                _EZDSP5535_I2C_read
00034720                _EZDSP5535_I2C_reset
0003472c                _EZDSP5535_I2C_write
00033e20                _EZDSP5535_I2S_close
00033d20                _EZDSP5535_I2S_init
00033d7c                _EZDSP5535_I2S_readLeft
00033de0                _EZDSP5535_I2S_readRight
00033db0                _EZDSP5535_I2S_writeLeft
00033e04                _EZDSP5535_I2S_writeRight
00032d94                _EZDSP5535_LED_getall
00032d5c                _EZDSP5535_LED_init
00032e90                _EZDSP5535_LED_off
00032e58                _EZDSP5535_LED_on
00032de8                _EZDSP5535_LED_setall
00032ec4                _EZDSP5535_LED_toggle
00033528                _EZDSP5535_OSD9616_init
000334dc                _EZDSP5535_OSD9616_multiSend
0003360c                _EZDSP5535_OSD9616_printLetter
000334b4                _EZDSP5535_OSD9616_send
000338a0                _EZDSP5535_SAR_getKey
000337d8                _EZDSP5535_SAR_init
0002f2a0                _EZDSP5535_SDCARD_close
0002ee90                _EZDSP5535_SDCARD_init
0002f238                _EZDSP5535_SDCARD_read
0002f26c                _EZDSP5535_SDCARD_write
00030890                _EZDSP5535_SPIFLASH_erase
000307e8                _EZDSP5535_SPIFLASH_init
00030994                _EZDSP5535_SPIFLASH_read
0003084c                _EZDSP5535_SPIFLASH_status
00030a44                _EZDSP5535_SPIFLASH_write
0001ff5c                _EZDSP5535_UART_open
00032f24                _EZDSP5535_XF_get
00032f18                _EZDSP5535_XF_off
00032f0c                _EZDSP5535_XF_on
00032f34                _EZDSP5535_XF_toggle
00034ea0                _EZDSP5535_init
00034e58                _EZDSP5535_wait
00034e8c                _EZDSP5535_waitusec
            00004e4d    _Error_Count_L
            00004e4e    _Error_Count_R
            000054ac    _Flag_RTC
0002cc64                _GPIO_clearInt
0002c7b4                _GPIO_close
0002c7d8                _GPIO_config
0002ca10                _GPIO_configBit
0002cb58                _GPIO_disableInt
0002cbd8                _GPIO_enableInt
0002c860                _GPIO_getConfig
0002c770                _GPIO_open
0002c8e8                _GPIO_read
0002cd78                _GPIO_reset
0002ccf0                _GPIO_statusBit
0002c96c                _GPIO_write
00031034                _GPT_close
00031144                _GPT_config
00031108                _GPT_getCnt
00030ef4                _GPT_open
00030fb8                _GPT_reset
000310ac                _GPT_start
000310dc                _GPT_stop
0002b300                _GenerateAudioTone
            00005510    _GpioObj
0002ee32                _HOSTclock
0002edc7                _HOSTclose
0002ed12                _HOSTlseek
0002ec73                _HOSTopen
0002ebe6                _HOSTread
0002eb38                _HOSTrename
0002eada                _HOSTtime
0002ea70                _HOSTunlink
0002e9e3                _HOSTwrite
000266ac                _I2C_config
00027080                _I2C_eventDisable
00026f4c                _I2C_eventEnable
00026814                _I2C_getConfig
00027230                _I2C_getEventId
00026600                _I2C_init
00026d2c                _I2C_read
000271a0                _I2C_setCallback
000268ec                _I2C_setup
00026ae8                _I2C_write
            00005355    _I2S_RCV_L
            00005385    _I2S_RCV_R
0002973c                _I2S_close
00029310                _I2S_open
000297e8                _I2S_read
00029bfc                _I2S_reset
00029454                _I2S_setup
00029ca8                _I2S_transEnable
00029aa4                _I2S_write
0002e4b8                _IRQ_clear
0002e524                _IRQ_clearAll
0002e534                _IRQ_config
0002e644                _IRQ_disable
0002e6c4                _IRQ_disableAll
0002e6d4                _IRQ_enable
0002e7d0                _IRQ_getArg
0002e5bc                _IRQ_getConfig
0002e91c                _IRQ_globalDisable
0002e938                _IRQ_globalEnable
0002e954                _IRQ_globalRestore
0002e430                _IRQ_init
0002e848                _IRQ_map
0003477c                _IRQ_plug
0002e760                _IRQ_restore
0002e814                _IRQ_setArg
0002e874                _IRQ_setVecs
0002e8a8                _IRQ_test
0002b244                _InitSystem
0002bf30                _LCD_close
0002bbe0                _LCD_configDMA
0002b718                _LCD_init
0002b740                _LCD_open
0002b784                _LCD_setup
            00005516    _LED_Blink_ctr
0002b58c                _LED_Control
0002b430                _LED_TaskBlue
0002b53c                _LED_TaskGreen
0002b468                _LED_TaskRed
0002b4f4                _LED_TaskXF
0002b5c0                _LED_TaskXF2
            000053f4    _LOOP_BITS
00030d80                _MEM_disablePartialRetentionMode
00030bf4                _MEM_disableRetentionMode
00030c38                _MEM_enablePartialRetentionMode
00030bb0                _MEM_enableRetentionMode
00030ee0                _MEM_getmSDRAMClock
00030bac                _MEM_init
00030ea4                _MEM_setmSDRAMClock
00027d14                _MMC_busyStatusCheck
0001438c                _MMC_checkReadDmaDone
00010368                _MMC_clearResponse
00010248                _MMC_close
00027cfc                _MMC_commandReadyStatusCheck
00010aa0                _MMC_config
00027d08                _MMC_dataReadyStatusCheck
00010df0                _MMC_deselectCard
000108b8                _MMC_drrdy
00010900                _MMC_dxrdy
000106e0                _MMC_eventDisable
000104e4                _MMC_eventEnable
00027d30                _MMC_file_system_format
00027d58                _MMC_flushFat
00011a8c                _MMC_getCardCsd
00014164                _MMC_getCardStatus
00010b3c                _MMC_getConfig
00010330                _MMC_getNumberOfCards
00027d20                _MMC_getSerialID
00010988                _MMC_getStatus
00027d50                _MMC_get_date
00027d54                _MMC_get_mod_date
00027d4c                _MMC_get_mod_time
00027d48                _MMC_get_time
00010488                _MMC_ierDisable
00010444                _MMC_ierEnable
00010000                _MMC_init
0002724c                _MMC_initState
000104bc                _MMC_intEnable
00027670                _MMC_issueReadCommand
00010038                _MMC_open
000125bc                _MMC_read
00027a68                _MMC_readNSectors
00027910                _MMC_readNextNWords
0002782c                _MMC_readNextWord
0002789c                _MMC_readNextWord1
00027390                _MMC_readWriteControl
00027c18                _MMC_read_CID
00027c84                _MMC_read_CSD
00027d3c                _MMC_reset
00010948                _MMC_saveStatus
00010ec0                _MMC_selectCard
000116c8                _MMC_sendAllCID
00010bdc                _MMC_sendCmd
00010c90                _MMC_sendGoIdle
00011450                _MMC_sendOpCond
00013e2c                _MMC_setBlockLength
000102f0                _MMC_setCallBack
000102bc                _MMC_setCardPtr
00010288                _MMC_setCardType
00013c74                _MMC_setDataTransferCallback
00013cc4                _MMC_setDmaChanConfig
00013c14                _MMC_setDmaHandle
00013da4                _MMC_setEndianMode
000114f4                _MMC_setRca
00013ec4                _MMC_setWriteBlkEraseCnt
000109ec                _MMC_setupNative
00010d18                _MMC_stop
00012fd8                _MMC_write
00027b40                _MMC_writeNSectors
00027980                _MMC_writeSector
00027cf0                _MMC_writeSectorFlush
000153c4                _MSC_Bulk
00014fa0                _MSC_Close
000151cc                _MSC_Ctrl
00015c58                _MSC_ExecuteRead
0001604c                _MSC_ExecuteWrite
000154c0                _MSC_GetLunLockedStatus
000154f0                _MSC_GetactivityFlagStatus
0001550c                _MSC_GetsuspendFlagStatus
00016824                _MSC_HandlePreventAllowMediaRemoval
000169c8                _MSC_HandleReadCapacity
000159b4                _MSC_HandleStateWaitForCBW
00016600                _MSC_HandleTestUnitReady
00014c30                _MSC_Open
00014c54                _MSC_OpenFullspeed
00014fdc                _MSC_SetLunAttr
00016f24                _MSC_handleDataDirMisMatch
00016e50                _MSC_reqBotMscReset
00016c18                _MSC_reqGetDescriptor
00016ebc                _MSC_sendCswWithPhaseError
00022f98                _NAND_checkCommandStatus
0002316c                _NAND_disableHwECC
00023044                _NAND_enableHwECC
00022d84                _NAND_getBankInfo
00023878                _NAND_getIntrNum
00023758                _NAND_hasCacheProg
00023788                _NAND_hasCopyBack
000236f8                _NAND_hasRandomRead
00023728                _NAND_hasRandomWrite
000227d4                _NAND_init
00023960                _NAND_intrClear
00023818                _NAND_intrDisable
000237b8                _NAND_intrEnable
00023898                _NAND_intrReadAT
000238d8                _NAND_intrReadLT
0002391c                _NAND_intrReadWR
00022e84                _NAND_isStatusWriteProtected
00023254                _NAND_readECC
00023408                _NAND_readNBytes
00022f6c                _NAND_sendCommand
00023000                _NAND_setAddress
00022e48                _NAND_setLatchEnableOffset
00022868                _NAND_setup
0002351c                _NAND_writeNBytes
            000053fb    _PC_REG_HIGH_RESTORE
            000053fd    _PC_REG_HIGH_SAVE
            000053fc    _PC_REG_LOW_RESTORE
            000053fe    _PC_REG_LOW_SAVE
000319c0                _PLL_bypass
00031834                _PLL_config
00031958                _PLL_enable
000317fc                _PLL_init
00031a10                _PLL_reset
0004cf00                _RST
00034f54                _RTC_Isr
0002adbc                _RTC_bcdToDec
0002a6ec                _RTC_config
0002ad7c                _RTC_decToBcd
0002ac74                _RTC_eventDisable
0002ab88                _RTC_eventEnable
0002a7d8                _RTC_getConfig
0002a9c0                _RTC_getDate
0002ad28                _RTC_getEventId
0002a904                _RTC_getTime
0002a6b0                _RTC_reset
0002aa00                _RTC_setAlarm
0002adfc                _RTC_setCallback
0002ae8c                _RTC_setCompensation
0002a950                _RTC_setDate
0002aad4                _RTC_setPeriodicInterval
0002a888                _RTC_setTime
0002a6c0                _RTC_start
0002a6e4                _RTC_stop
            00004dec    _RcvL_Sine
            00004e1c    _RcvR_Sine
0004ce00                _Reset
00028320                _SAR_A2DMeasParamSet
0002879c                _SAR_GPODirSet
00027e8c                _SAR_chanClose
00027f10                _SAR_chanConfig
00028210                _SAR_chanCycSet
00027e0c                _SAR_chanInit
00027e28                _SAR_chanOpen
00027ffc                _SAR_chanSetup
00027dec                _SAR_deInit
00027f88                _SAR_getConfig
00028878                _SAR_getStatus
00027d8c                _SAR_init
000282dc                _SAR_readData
00028260                _SAR_startConversion
00028294                _SAR_stopConversion
00017f38                _SDIO_clearResponse
000170ac                _SDIO_close
000170d4                _SDIO_config
00017b4c                _SDIO_deselectCard
000171ac                _SDIO_detectCard
00018310                _SDIO_eventDisable
000180e8                _SDIO_eventEnable
00017a84                _SDIO_getRca
00017da4                _SDIO_getResponse
0001807c                _SDIO_getSdioStatus
00018014                _SDIO_getStatus
00016fa0                _SDIO_init
00017518                _SDIO_initCard
00016fe0                _SDIO_open
00019028                _SDIO_readBlocks
000187a4                _SDIO_readBytes
00018578                _SDIO_readSingleByte
00018540                _SDIO_readWaitDisable
00018508                _SDIO_readWaitEnable
0001799c                _SDIO_resetCard
00017c0c                _SDIO_selectCard
00017cd0                _SDIO_sendCommand
0001993c                _SDIO_setClock
000198bc                _SDIO_setEndianMode
00019468                _SDIO_writeBlocks
00018be8                _SDIO_writeBytes
000186a4                _SDIO_writeSingleByte
00014260                _SD_configurePullup
00011ee0                _SD_getCardCsd
000118a0                _SD_sendAllCID
000115cc                _SD_sendRca
00013ff4                _SD_setBusWidth
0002cea0                _SPI_close
0002cecc                _SPI_config
0002d350                _SPI_dataTransaction
0002d154                _SPI_deInit
0002ce08                _SPI_init
0002ce6c                _SPI_open
0002d180                _SPI_read
0002d264                _SPI_write
            000053f6    _STATUS0_HIGH
            000053f5    _STATUS0_LOW
            000053f8    _STATUS1_HIGH
            000053f7    _STATUS1_LOW
            000053fa    _STATUS2_HIGH
            000053f9    _STATUS2_LOW
0002b2bc                _SYS_GlobalIntDisable
0002b2b4                _SYS_GlobalIntEnable
            000054fe    _SarHandle
            000054fa    _SarObj
            000053c8    _Ssave_xsp
            000053c9    _Ssave_xssp
00034ef4                _StartTimer0
0002b5ec                _StartUpTask
0002b648                _TestTask1
            00005418    _TestTask1Handle
0002b67c                _TestTask2
            0000541a    _TestTask2Handle
0002b6b0                _TestTask3
            0000541c    _TestTask3Handle
0002b6e4                _TestTask4
            0000541e    _TestTask4Handle
00034eb0                _Timer0Init
            00005526    _Timer0_Int_CTR
            00005527    _Timer2_Int_CTR
00033c04                _Timer_isr
00023fb0                _UART_config
000242f0                _UART_eventDisable
00024258                _UART_eventEnable
00024630                _UART_fgetc
00024758                _UART_fgets
000246d0                _UART_fputc
00024888                _UART_fputs
000249a0                _UART_getConfig
00024978                _UART_getEventId
00023a4c                _UART_init
00024380                _UART_read
000241c4                _UART_reset
0002420c                _UART_resetOff
00024a60                _UART_setCallback
00023b08                _UART_setup
000240b8                _UART_setupBaudRate
000244ac                _UART_write
0001b16c                _USB_abortAllTransaction
0001b00c                _USB_abortTransaction
0001aa68                _USB_bytesRemaining
0001ac70                _USB_clearEndptStall
0001b1c0                _USB_connectDev
0001b6e0                _USB_coreEventProcessEp0
0001b1f4                _USB_disconnectDev
0001aedc                _USB_epNumToHandle
0001b55c                _USB_findFifoSize
0001b504                _USB_getDataCountReadFromFifo
0001ae58                _USB_getEndptStall
0001a694                _USB_getEvents
0001b304                _USB_getFrameNo
0001b4b0                _USB_getMaxPower
0001b254                _USB_getRemoteWakeupStat
0001a77c                _USB_getSetupPacket
00019c58                _USB_init
0001a2ac                _USB_initEndptObj
0001b3d0                _USB_initPLL
0001a9e0                _USB_isTransactionDone
0001b26c                _USB_issueRemoteWakeup
0001a70c                _USB_peekEvents
0001a824                _USB_postTransaction
0001a07c                _USB_resetDev
0001b364                _USB_selfwakeup
0001b2bc                _USB_setDevAddr
0001b4d0                _USB_setFullSpeedMode
0001b454                _USB_setParams
0001b224                _USB_setRemoteWakeup
0001aafc                _USB_stallEndpt
0001b320                _USB_suspendDevice
0004cf00                _VECSTART
000320cc                _WDTIM_close
00032144                _WDTIM_config
0003209c                _WDTIM_getCnt
000321b0                _WDTIM_getConfig
00031f94                _WDTIM_open
00032110                _WDTIM_service
0003200c                _WDTIM_start
00032054                _WDTIM_stop
            00004d2c    _XmitL_Sine_1K
            00004d5c    _XmitL_Sine_2K
            00004d8c    _XmitR_Sine_1K
            00004dbc    _XmitR_Sine_2K
            00020394    __CIOBUF_
            00001060    __STACK_END
00002000                __STACK_SIZE
00005000                __SYSMEM_SIZE
00001000                __SYSSTACK_SIZE
00000001                __TI_args_main
ffffffff                ___binit__
ffffffff                ___bss__
ffffffff                ___c_args__
            00020000    ___cinit__
ffffffff                ___data__
ffffffff                ___edata__
ffffffff                ___end__
ffffffff                ___etext__
0003523f                ___isinf
ffffffff                ___pinit__
ffffffff                ___text__
00032458                __addd
00034fef                __args_main
00031e35                __cleanup
            00005520    __cleanup_ptr
000330e5                __cmpd
            00005874    __ctypes_
0003041a                __divd
00035085                __divli
00032423                __divlli
000351f2                __divu
000345a9                __divul
0003232f                __divull
000342d7                __doflush
            00005522    __dtors_ptr
000330b1                __eqld
000351c8                __fixdi
00034bf0                __fixdli
00034d37                __fltlid
000352c4                __fltud
00034dfa                __fltuld
00034a95                __frcmpyd
00034b0b                __frcmpyd_div
            00004f68    __ft_end
            00004e50    __ftable
00033067                __geqd
0003301c                __gtrd
00032fcf                __leqd
            0000551c    __lock
00032f87                __lssd
00033ab7                __mpyd
0003526d                __mpyli
00032277                __mpylli
000352b4                __negd
00032f53                __neqd
00035290                __nop
00021362                __printfi
0003427a                __rd_ok
00035288                __register_lock
00035280                __register_unlock
0003503a                __remli
00032248                __remlli
00035207                __remu
00034b7e                __remul
000321fa                __remull
            00000060    __stack
00035259                __subd
            00001860    __sys_memory
            00001060    __sysstack
            00004ec8    __tmpnams
            0000551e    __unlock
000341fa                __wrt_ok
000352dc                _abort
0002e33e                _add_device
00034d9e                _atoi
00034fa2                _auto_init
0002b4a0                _blueLedToggle
            0000540a    _blueTaskHandle
00035194                _c_int00
            00004564    _cached_phySector0
            00004566    _cached_phySector1
            00004568    _cached_phySector2
            0000456a    _cached_phySector3
0002f7f4                _calloc
            000051de    _cardAddr
0002f7ec                _chkheap
0002e2cb                _close
            000053c2    _context_switch_counter
            00005414    _controlTaskHandle
00034000                _convert_number_to_string
00031cdc                _disable_i2s0
00031cea                _disable_i2s1
00031cf8                _disable_i2s2
00031d06                _disable_i2s3
0001c0f4                _eTaskGetState
00032d4c                _enable_dma_int
00031ca4                _enable_i2s0
00031cb2                _enable_i2s1
00031cc0                _enable_i2s2
00031cce                _enable_i2s3
00033f38                _enable_rtc_second_int
00035156                _exit
            00005405    _f1KToneOn
            00005406    _f2KToneOn
            00005404    _fSineWave
            00005524    _fTimer
            00005525    _fTimer02
00034a1a                _fclose
00034340                _fflush
0002e2c2                _find_registered_device
            000053d6    _first_flag
            000053ce    _first_save_xsp
            000053d0    _first_save_xssp
00031f58                _fopen
00034503                _fputc
00033954                _fputs
0002f365                _free
0002f796                _free_memory
00031e8f                _freopen
            00005462    _fsError
00034ccc                _fseek
            00004c46    _gBulkInTransfer
            00004c54    _gBulkOutTransfer
            00004c38    _gCtrlTransfer
            00004c8c    _gEpStatus
            000054ae    _gI2cObj
            00004c7e    _gIntInTransfer
            00004c62    _gIsoInTransfer
            00004c70    _gIsoOutTransfer
            00004162    _gNextPhySector
            00004060    _gReadBuf
            00004b70    _gUsbContext
            00004d1c    _gUsbEpHandle
            00004160    _gWordCount
            00004164    _gWriteBuf
0002e968                _getenv
            0000540e    _greenTaskHandle
            00005512    _hGpio
            0000552c    _hI2s
            0000507a    _hSpi
            00005498    _hUart
            000054be    _i2cHandle
00031a7c                _i2s0_read_CR
00031ac4                _i2s0_read_INTR
00031aca                _i2s0_read_INT_MASK
00031ad6                _i2s0_read_RXL_LSW
00031ae2                _i2s0_read_RXL_MSW
00031aee                _i2s0_read_RXR_LSW
00031afa                _i2s0_read_RXR_MSW
00031a88                _i2s0_read_SRGR
00031a94                _i2s0_read_TXL_LSW
00031aa0                _i2s0_read_TXL_MSW
00031aac                _i2s0_read_TXR_LSW
00031ab8                _i2s0_read_TXR_MSW
00031a82                _i2s0_write_CR
00031ad0                _i2s0_write_INT_MASK
00031adc                _i2s0_write_RXL_LSW
00031ae8                _i2s0_write_RXL_MSW
00031af4                _i2s0_write_RXR_LSW
00031b00                _i2s0_write_RXR_MSW
00031a8e                _i2s0_write_SRGR
00031a9a                _i2s0_write_TXL_LSW
00031aa6                _i2s0_write_TXL_MSW
00031ab2                _i2s0_write_TXR_LSW
00031abe                _i2s0_write_TXR_MSW
00031b06                _i2s1_read_CR
00031b4e                _i2s1_read_INTR
00031b54                _i2s1_read_INT_MASK
00031b60                _i2s1_read_RXL_LSW
00031b6c                _i2s1_read_RXL_MSW
00031b78                _i2s1_read_RXR_LSW
00031b84                _i2s1_read_RXR_MSW
00031b12                _i2s1_read_SRGR
00031b1e                _i2s1_read_TXL_LSW
00031b2a                _i2s1_read_TXL_MSW
00031b36                _i2s1_read_TXR_LSW
00031b42                _i2s1_read_TXR_MSW
00031b0c                _i2s1_write_CR
00031b5a                _i2s1_write_INT_MASK
00031b66                _i2s1_write_RXL_LSW
00031b72                _i2s1_write_RXL_MSW
00031b7e                _i2s1_write_RXR_LSW
00031b8a                _i2s1_write_RXR_MSW
00031b18                _i2s1_write_SRGR
00031b24                _i2s1_write_TXL_LSW
00031b30                _i2s1_write_TXL_MSW
00031b3c                _i2s1_write_TXR_LSW
00031b48                _i2s1_write_TXR_MSW
00031b90                _i2s2_read_CR
00031bd8                _i2s2_read_INTR
00031bde                _i2s2_read_INT_MASK
00031bea                _i2s2_read_RXL_LSW
00031bf6                _i2s2_read_RXL_MSW
00031c02                _i2s2_read_RXR_LSW
00031c0e                _i2s2_read_RXR_MSW
00031b9c                _i2s2_read_SRGR
00031ba8                _i2s2_read_TXL_LSW
00031bb4                _i2s2_read_TXL_MSW
00031bc0                _i2s2_read_TXR_LSW
00031bcc                _i2s2_read_TXR_MSW
00031b96                _i2s2_write_CR
00031be4                _i2s2_write_INT_MASK
00031bf0                _i2s2_write_RXL_LSW
00031bfc                _i2s2_write_RXL_MSW
00031c08                _i2s2_write_RXR_LSW
00031c14                _i2s2_write_RXR_MSW
00031ba2                _i2s2_write_SRGR
00031bae                _i2s2_write_TXL_LSW
00031bba                _i2s2_write_TXL_MSW
00031bc6                _i2s2_write_TXR_LSW
00031bd2                _i2s2_write_TXR_MSW
00031c1a                _i2s3_read_CR
00031c62                _i2s3_read_INTR
00031c68                _i2s3_read_INT_MASK
00031c74                _i2s3_read_RXL_LSW
00031c80                _i2s3_read_RXL_MSW
00031c8c                _i2s3_read_RXR_LSW
00031c98                _i2s3_read_RXR_MSW
00031c26                _i2s3_read_SRGR
00031c32                _i2s3_read_TXL_LSW
00031c3e                _i2s3_read_TXL_MSW
00031c4a                _i2s3_read_TXR_LSW
00031c56                _i2s3_read_TXR_MSW
00031c20                _i2s3_write_CR
00031c6e                _i2s3_write_INT_MASK
00031c7a                _i2s3_write_RXL_LSW
00031c86                _i2s3_write_RXL_MSW
00031c92                _i2s3_write_RXR_LSW
00031c9e                _i2s3_write_RXR_MSW
00031c2c                _i2s3_write_SRGR
00031c38                _i2s3_write_TXL_LSW
00031c44                _i2s3_write_TXL_MSW
00031c50                _i2s3_write_TXR_LSW
00031c5c                _i2s3_write_TXR_MSW
            00005500    _keyCnt1
            00005501    _keyCnt2
            00005508    _led_tsk_ctr
            00005408    _led_tsks_running
0002e25c                _lseek
0003499d                _ltoa
0002aed8                _main
0002f496                _malloc
0002f73c                _max_free
            0000456d    _mem
00034454                _mem_test
0003521c                _memccpy
00035117                _memcpy
            000053c6    _memory_leak1
            000053cc    _memory_leak2
            000053ca    _memory_leak3
00035292                _memset
0002f431                _minit
            0000518e    _mmcCardObj
            000051e0    _mmcStatus
            0000518c    _mmcsdHandle
            00004161    _nbuf_cached
0002bf50                _oled_test
0002e19d                _open
            00005463    _ouError
            0000514c    _pMmcsdContObj
00022718                _pcQueueGetName
0001c8a0                _pcTaskGetName
            000053b6    _portFLAGS_INT_ENABLED
            000053b7    _portFLAGS_INT_ENABLED_POPPED
            000054fd    _preKey
00034f02                _printf
000328e8                _prvSetupTimerInterrupt
00034503                _putc
0003459a                _putchar
00033a89                _puts
000350d0                _pvPortMalloc
0001d344                _pvTaskIncrementMutexHeldCount
            0000526a    _pxCurrentTCB
000326b4                _pxPortInitialiseStack
0002e0ef                _read
00034c5f                _readmsg
0002f58b                _realloc
0002b4c8                _redLedToggle
            0000540c    _redTaskHandle
000352d2                _remove
0002e0b9                _remove_device
0002e060                _rename
00033f44                _reset_RTC
            000053bc    _restore_xsp
            000053be    _restore_xssp
            000053d2    _root_xsp
            000053d4    _root_xssp
            000053c0    _save_ac0
            000053c4    _save_ac1
            000053d7    _save_new_pxcode
            000053e6    _save_new_pxlcode
            000053dc    _save_xar1
            000053de    _save_xar2
            000053e0    _save_xar3
            000053e2    _save_xar4
            000053e4    _save_xar5
            000053da    _save_xar6
            000053d8    _save_xar7
            000053b8    _save_xsp
            000053ba    _save_xssp
            000051bc    _sdCardCsdObj
            000051ac    _sdCardIdObj
00032c08                _set_dma0_ch0_i2s0_Lout
00032b54                _set_dma0_ch0_stop
00032ce0                _set_dma0_ch1_i2s0_Rout
00032b84                _set_dma0_ch1_stop
00032b9c                _set_dma1_ch0_i2s2_Lout
00032b3c                _set_dma1_ch0_stop
00032c74                _set_dma1_ch1_i2s2_Rout
00032b6c                _set_dma1_ch1_stop
0003483c                _set_i2s0_master
00034870                _set_i2s0_slave
00034808                _set_i2s2_master
00034034                _setvbuf
0003364c                _spiflash_test
            00005268    _stackStruct
            000053c3    _stack_check_word
            00005416    _startUpTaskHandle
000352a3                _strlen
            00004b6f    _sysCtrlRegs
0002b38c                _systemInit
            00005400    _tOne
            00005402    _tThree
            00005401    _tTwo
            000053ff    _tZero
            000053e7    _tickIRQctr
            000053ec    _tick_xsp
            000053ee    _tick_xssp
            00005484    _uartObj
            0000542c    _ulIdleLoops
0001d364                _ulTaskNotifyTake
0002e02d                _unlink
            00005403    _usCriticalNesting
            00004b6e    _usbRegisters
00033450                _uxListRemove
0002229c                _uxQueueMessagesWaiting
00022334                _uxQueueMessagesWaitingFromISR
000222e4                _uxQueueSpacesAvailable
0001c898                _uxTaskGetNumberOfTasks
0001cf28                _uxTaskGetStackHighWaterMark
0001c1d8                _uxTaskPriorityGet
0001c220                _uxTaskPriorityGetFromISR
0001d314                _uxTaskResetEventItemValue
0002b210                _vApplicationIdleHook
0002b418                _vApplicationMallocFailedHook
0002b420                _vApplicationStackOverflowHook
0002d3c4                _vCreateBlockTimeTasks
0002de9c                _vEventGroupClearBitsCallback
0002de28                _vEventGroupDelete
0002de88                _vEventGroupSetBitsCallback
00033304                _vListInitialise
00033348                _vListInitialiseItem
000333b0                _vListInsert
0003335c                _vListInsertEnd
0003464c                _vParTestInitialise
00034650                _vParTestSetLED
00034668                _vParTestToggleLED
000328e4                _vPortEndScheduler
000350f8                _vPortFree
0002a28f                _vPortYield
000226b8                _vQueueAddToRegistry
00022354                _vQueueDelete
00032a60                _vQueueOverwritePeriodicISRDemo
00022774                _vQueueUnregisterQueue
0002fc4c                _vStartDynamicPriorityTasks
00033e34                _vStartIntegerMathTasks
0003411c                _vStartLEDFlashTasks
00030048                _vStartMathTasks
00033140                _vStartPolledQueueTasks
00032904                _vStartQueueOverwriteTask
0002f81c                _vStartQueuePeekTasks
000311ec                _vStartSemaphoreTasks
00028938                _vStreamBufferDelete
0001c0b4                _vTaskDelay
0001bff0                _vTaskDelayUntil
0001bf18                _vTaskDelete
0001c700                _vTaskEndScheduler
0001d2b4                _vTaskEnterCritical
0001d2dc                _vTaskExitCritical
0001ccec                _vTaskInternalSetTimeOutState
0001cdd4                _vTaskMissedYield
0001d854                _vTaskNotifyGiveFromISR
0001cac8                _vTaskPlaceOnEventList
0001caf8                _vTaskPlaceOnUnorderedEventList
0001d1a4                _vTaskPriorityDisinheritAfterTimeout
0001c244                _vTaskPrioritySet
0001cbf8                _vTaskRemoveFromUnorderedEventList
0001c534                _vTaskResume
0001cc98                _vTaskSetTimeOutState
0001c694                _vTaskStartScheduler
0001c3b4                _vTaskSuspend
0001c714                _vTaskSuspendAll
0001ca28                _vTaskSwitchContext
00029ea8                _vTickISR
            00005266    _wall_clk_ctr
0002deeb                _write
00034399                _writemsg
0002d928                _xAreBlockTimeTestTasksStillRunning
0002ffe8                _xAreDynamicPriorityTasksStillRunning
00033f08                _xAreIntegerMathsTaskStillRunning
000303e0                _xAreMathsTaskStillRunning
000332d8                _xArePollingQueuesStillRunning
0002fc14                _xAreQueuePeekTasksStillRunning
00031490                _xAreSemaphoreTasksStillRunning
            000053f0    _xCompareTCB
0002dc58                _xEventGroupClearBits
0002d978                _xEventGroupCreate
0002dcd0                _xEventGroupGetBitsFromISR
0002dcf0                _xEventGroupSetBits
0002d9a0                _xEventGroupSync
0002daec                _xEventGroupWaitBits
            000054d8    _xHighPriorityTask
            000054da    _xHighestPriorityTask
00032a30                _xIsQueueOverwriteTaskStillRunning
            000054d6    _xMediumPriorityTask
00029cf4                _xPortStartScheduler
00021818                _xQueueCreateCountingSemaphore
0002174c                _xQueueCreateMutex
00021678                _xQueueGenericCreate
000215a4                _xQueueGenericReset
00021860                _xQueueGenericSend
00021a34                _xQueueGenericSendFromISR
00021b0c                _xQueueGiveFromISR
0002176c                _xQueueGiveMutexRecursive
00022614                _xQueueIsQueueEmptyFromISR
00022688                _xQueueIsQueueFullFromISR
00021fb4                _xQueuePeek
0002221c                _xQueuePeekFromISR
00021bd0                _xQueueReceive
00022168                _xQueueReceiveFromISR
            00005464    _xQueueRegistry
00021d80                _xQueueSemaphoreTake
000217c4                _xQueueTakeMutexRecursive
            00005422    _xSemaphoreB
            0000542a    _xSemaphoreBaton
            00005426    _xSemaphoreO
            00005420    _xSemaphoreR
            00005428    _xSemaphoreXF
            00005424    _xSemaphoreY
00028a64                _xStreamBufferBytesAvailable
000288b8                _xStreamBufferGenericCreate
00028fa4                _xStreamBufferIsEmpty
00028fd4                _xStreamBufferIsFull
00028e3c                _xStreamBufferNextMessageLengthBytes
00028d08                _xStreamBufferReceive
00029068                _xStreamBufferReceiveCompletedFromISR
00028ea8                _xStreamBufferReceiveFromISR
00028968                _xStreamBufferReset
00028a84                _xStreamBufferSend
00029014                _xStreamBufferSendCompletedFromISR
00028bf8                _xStreamBufferSendFromISR
000289e0                _xStreamBufferSetTriggerLevel
00028a1c                _xStreamBufferSpacesAvailable
            000054ca    _xSuspendedTestQueue
0001cd0c                _xTaskCheckForTimeOut
0001bb9c                _xTaskCreate
0001d534                _xTaskGenericNotify
0001d6c0                _xTaskGenericNotifyFromISR
0001cfc0                _xTaskGetCurrentTaskHandle
0001c844                _xTaskGetTickCount
0001c880                _xTaskGetTickCountFromISR
0001c8c8                _xTaskIncrementTick
0001d938                _xTaskNotifyStateClear
0001d438                _xTaskNotifyWait
0001d0e0                _xTaskPriorityDisinherit
0001cfd4                _xTaskPriorityInherit
0001cb50                _xTaskRemoveFromEventList
0001c720                _xTaskResumeAll
0001c5f4                _xTaskResumeFromISR
            00005412    _xf2TaskHandle
            00005410    _xfTaskHandle
            000053e8    _yield_xsp
            000053ea    _yield_xssp
ffffffff                binit
            00020000    cinit
ffffffff                edata
ffffffff                end
ffffffff                etext
ffffffff                pinit
0003491e                reset_isr


GLOBAL SYMBOLS: SORTED BY Symbol Address 

abs. value/
byte addr   word addr   name
---------   ---------   ----
00000001                $TI_capability_requires_rev3
00000001                __TI_args_main
00000002                $TI_capability$C5500$CallingConvention
00000002                $TI_capability$C5500$MemoryModel
            00000060    __stack
00001000                __SYSSTACK_SIZE
00002000                __STACK_SIZE
            00001060    __STACK_END
            00001060    __sysstack
            00001860    __sys_memory
00005000                __SYSMEM_SIZE
            00004060    _gReadBuf
            00004160    _gWordCount
            00004161    _nbuf_cached
            00004162    _gNextPhySector
            00004164    _gWriteBuf
            00004564    _cached_phySector0
            00004566    _cached_phySector1
            00004568    _cached_phySector2
            0000456a    _cached_phySector3
            0000456c    _ATA_No_Swap
            0000456d    _mem
            00004b6e    _usbRegisters
            00004b6f    _sysCtrlRegs
            00004b70    _gUsbContext
            00004c38    _gCtrlTransfer
            00004c46    _gBulkInTransfer
            00004c54    _gBulkOutTransfer
            00004c62    _gIsoInTransfer
            00004c70    _gIsoOutTransfer
            00004c7e    _gIntInTransfer
            00004c8c    _gEpStatus
            00004d1c    _gUsbEpHandle
            00004d2c    _XmitL_Sine_1K
            00004d5c    _XmitL_Sine_2K
            00004d8c    _XmitR_Sine_1K
            00004dbc    _XmitR_Sine_2K
            00004dec    _RcvL_Sine
            00004e1c    _RcvR_Sine
            00004e4c    _DMA_Count
            00004e4d    _Error_Count_L
            00004e4e    _Error_Count_R
            00004e4f    _DMA_Done
            00004e50    __ftable
            00004ec8    __tmpnams
            00004f68    __ft_end
            0000507a    _hSpi
            0000514c    _pMmcsdContObj
            0000518c    _mmcsdHandle
            0000518e    _mmcCardObj
            000051ac    _sdCardIdObj
            000051bc    _sdCardCsdObj
            000051de    _cardAddr
            000051e0    _mmcStatus
            00005266    _wall_clk_ctr
            00005268    _stackStruct
            0000526a    _pxCurrentTCB
            00005355    _I2S_RCV_L
            00005385    _I2S_RCV_R
            000053b5    _Buf_Address
            000053b6    _portFLAGS_INT_ENABLED
            000053b7    _portFLAGS_INT_ENABLED_POPPED
            000053b8    _save_xsp
            000053ba    _save_xssp
            000053bc    _restore_xsp
            000053be    _restore_xssp
            000053c0    _save_ac0
            000053c2    _context_switch_counter
            000053c3    _stack_check_word
            000053c4    _save_ac1
            000053c6    _memory_leak1
            000053c8    _Ssave_xsp
            000053c9    _Ssave_xssp
            000053ca    _memory_leak3
            000053cc    _memory_leak2
            000053ce    _first_save_xsp
            000053d0    _first_save_xssp
            000053d2    _root_xsp
            000053d4    _root_xssp
            000053d6    _first_flag
            000053d7    _save_new_pxcode
            000053d8    _save_xar7
            000053da    _save_xar6
            000053dc    _save_xar1
            000053de    _save_xar2
            000053e0    _save_xar3
            000053e2    _save_xar4
            000053e4    _save_xar5
            000053e6    _save_new_pxlcode
            000053e7    _tickIRQctr
            000053e8    _yield_xsp
            000053ea    _yield_xssp
            000053ec    _tick_xsp
            000053ee    _tick_xssp
            000053f0    _xCompareTCB
            000053f2    _DBSTAT_SAVE
            000053f3    _DBSTAT_RESTORE
            000053f4    _LOOP_BITS
            000053f5    _STATUS0_LOW
            000053f6    _STATUS0_HIGH
            000053f7    _STATUS1_LOW
            000053f8    _STATUS1_HIGH
            000053f9    _STATUS2_LOW
            000053fa    _STATUS2_HIGH
            000053fb    _PC_REG_HIGH_RESTORE
            000053fc    _PC_REG_LOW_RESTORE
            000053fd    _PC_REG_HIGH_SAVE
            000053fe    _PC_REG_LOW_SAVE
            000053ff    _tZero
            00005400    _tOne
            00005401    _tTwo
            00005402    _tThree
            00005403    _usCriticalNesting
            00005404    _fSineWave
            00005405    _f1KToneOn
            00005406    _f2KToneOn
            00005408    _led_tsks_running
            0000540a    _blueTaskHandle
            0000540c    _redTaskHandle
            0000540e    _greenTaskHandle
            00005410    _xfTaskHandle
            00005412    _xf2TaskHandle
            00005414    _controlTaskHandle
            00005416    _startUpTaskHandle
            00005418    _TestTask1Handle
            0000541a    _TestTask2Handle
            0000541c    _TestTask3Handle
            0000541e    _TestTask4Handle
            00005420    _xSemaphoreR
            00005422    _xSemaphoreB
            00005424    _xSemaphoreY
            00005426    _xSemaphoreO
            00005428    _xSemaphoreXF
            0000542a    _xSemaphoreBaton
            0000542c    _ulIdleLoops
            00005462    _fsError
            00005463    _ouError
            00005464    _xQueueRegistry
            00005484    _uartObj
            00005498    _hUart
            0000549a    _Buf_sec
            0000549d    _Buf_min
            000054a0    _Buf_hour
            000054a3    _Buf_day
            000054a6    _Buf_month
            000054a9    _Buf_year
            000054ac    _Flag_RTC
            000054ad    _Conunt_RTC
            000054ae    _gI2cObj
            000054be    _i2cHandle
            000054ca    _xSuspendedTestQueue
            000054d6    _xMediumPriorityTask
            000054d8    _xHighPriorityTask
            000054da    _xHighestPriorityTask
            000054fa    _SarObj
            000054fd    _preKey
            000054fe    _SarHandle
            00005500    _keyCnt1
            00005501    _keyCnt2
            00005508    _led_tsk_ctr
            00005510    _GpioObj
            00005512    _hGpio
            00005516    _LED_Blink_ctr
            0000551c    __lock
            0000551e    __unlock
            00005520    __cleanup_ptr
            00005522    __dtors_ptr
            00005524    _fTimer
            00005525    _fTimer02
            00005526    _Timer0_Int_CTR
            00005527    _Timer2_Int_CTR
            0000552c    _hI2s
            00005874    __ctypes_
00010000                _MMC_init
00010038                _MMC_open
00010248                _MMC_close
00010288                _MMC_setCardType
000102bc                _MMC_setCardPtr
000102f0                _MMC_setCallBack
00010330                _MMC_getNumberOfCards
00010368                _MMC_clearResponse
00010444                _MMC_ierEnable
00010488                _MMC_ierDisable
000104bc                _MMC_intEnable
000104e4                _MMC_eventEnable
000106e0                _MMC_eventDisable
000108b8                _MMC_drrdy
00010900                _MMC_dxrdy
00010948                _MMC_saveStatus
00010988                _MMC_getStatus
000109ec                _MMC_setupNative
00010aa0                _MMC_config
00010b3c                _MMC_getConfig
00010bdc                _MMC_sendCmd
00010c90                _MMC_sendGoIdle
00010d18                _MMC_stop
00010df0                _MMC_deselectCard
00010ec0                _MMC_selectCard
00011450                _MMC_sendOpCond
000114f4                _MMC_setRca
000115cc                _SD_sendRca
000116c8                _MMC_sendAllCID
000118a0                _SD_sendAllCID
00011a8c                _MMC_getCardCsd
00011ee0                _SD_getCardCsd
000125bc                _MMC_read
00012fd8                _MMC_write
00013c14                _MMC_setDmaHandle
00013c74                _MMC_setDataTransferCallback
00013cc4                _MMC_setDmaChanConfig
00013da4                _MMC_setEndianMode
00013e2c                _MMC_setBlockLength
00013ec4                _MMC_setWriteBlkEraseCnt
00013ff4                _SD_setBusWidth
00014164                _MMC_getCardStatus
00014260                _SD_configurePullup
0001438c                _MMC_checkReadDmaDone
00014c30                _MSC_Open
00014c54                _MSC_OpenFullspeed
00014fa0                _MSC_Close
00014fdc                _MSC_SetLunAttr
000151cc                _MSC_Ctrl
000153c4                _MSC_Bulk
000154c0                _MSC_GetLunLockedStatus
000154f0                _MSC_GetactivityFlagStatus
0001550c                _MSC_GetsuspendFlagStatus
000159b4                _MSC_HandleStateWaitForCBW
00015c58                _MSC_ExecuteRead
0001604c                _MSC_ExecuteWrite
00016600                _MSC_HandleTestUnitReady
00016824                _MSC_HandlePreventAllowMediaRemoval
000169c8                _MSC_HandleReadCapacity
00016c18                _MSC_reqGetDescriptor
00016e50                _MSC_reqBotMscReset
00016ebc                _MSC_sendCswWithPhaseError
00016f24                _MSC_handleDataDirMisMatch
00016fa0                _SDIO_init
00016fe0                _SDIO_open
000170ac                _SDIO_close
000170d4                _SDIO_config
000171ac                _SDIO_detectCard
00017518                _SDIO_initCard
0001799c                _SDIO_resetCard
00017a84                _SDIO_getRca
00017b4c                _SDIO_deselectCard
00017c0c                _SDIO_selectCard
00017cd0                _SDIO_sendCommand
00017da4                _SDIO_getResponse
00017f38                _SDIO_clearResponse
00018014                _SDIO_getStatus
0001807c                _SDIO_getSdioStatus
000180e8                _SDIO_eventEnable
00018310                _SDIO_eventDisable
00018508                _SDIO_readWaitEnable
00018540                _SDIO_readWaitDisable
00018578                _SDIO_readSingleByte
000186a4                _SDIO_writeSingleByte
000187a4                _SDIO_readBytes
00018be8                _SDIO_writeBytes
00019028                _SDIO_readBlocks
00019468                _SDIO_writeBlocks
000198bc                _SDIO_setEndianMode
0001993c                _SDIO_setClock
00019c58                _USB_init
0001a07c                _USB_resetDev
0001a2ac                _USB_initEndptObj
0001a694                _USB_getEvents
0001a70c                _USB_peekEvents
0001a77c                _USB_getSetupPacket
0001a824                _USB_postTransaction
0001a9e0                _USB_isTransactionDone
0001aa68                _USB_bytesRemaining
0001aafc                _USB_stallEndpt
0001ac70                _USB_clearEndptStall
0001ae58                _USB_getEndptStall
0001aedc                _USB_epNumToHandle
0001b00c                _USB_abortTransaction
0001b16c                _USB_abortAllTransaction
0001b1c0                _USB_connectDev
0001b1f4                _USB_disconnectDev
0001b224                _USB_setRemoteWakeup
0001b254                _USB_getRemoteWakeupStat
0001b26c                _USB_issueRemoteWakeup
0001b2bc                _USB_setDevAddr
0001b304                _USB_getFrameNo
0001b320                _USB_suspendDevice
0001b364                _USB_selfwakeup
0001b3d0                _USB_initPLL
0001b454                _USB_setParams
0001b4b0                _USB_getMaxPower
0001b4d0                _USB_setFullSpeedMode
0001b504                _USB_getDataCountReadFromFifo
0001b55c                _USB_findFifoSize
0001b6e0                _USB_coreEventProcessEp0
0001bb9c                _xTaskCreate
0001bf18                _vTaskDelete
0001bff0                _vTaskDelayUntil
0001c0b4                _vTaskDelay
0001c0f4                _eTaskGetState
0001c1d8                _uxTaskPriorityGet
0001c220                _uxTaskPriorityGetFromISR
0001c244                _vTaskPrioritySet
0001c3b4                _vTaskSuspend
0001c534                _vTaskResume
0001c5f4                _xTaskResumeFromISR
0001c694                _vTaskStartScheduler
0001c700                _vTaskEndScheduler
0001c714                _vTaskSuspendAll
0001c720                _xTaskResumeAll
0001c844                _xTaskGetTickCount
0001c880                _xTaskGetTickCountFromISR
0001c898                _uxTaskGetNumberOfTasks
0001c8a0                _pcTaskGetName
[...]
00027390                _MMC_readWriteControl
00027670                _MMC_issueReadCommand
0002782c                _MMC_readNextWord
0002789c                _MMC_readNextWord1
00027910                _MMC_readNextNWords
00027980                _MMC_writeSector
00027a68                _MMC_readNSectors
00027b40                _MMC_writeNSectors
00027c18                _MMC_read_CID
00027c84                _MMC_read_CSD
00027cf0                _MMC_writeSectorFlush
00027cfc                _MMC_commandReadyStatusCheck
00027d08                _MMC_dataReadyStatusCheck
00027d14                _MMC_busyStatusCheck
00027d20                _MMC_getSerialID
00027d30                _MMC_file_system_format
00027d3c                _MMC_reset
00027d48                _MMC_get_time
00027d4c                _MMC_get_mod_time
00027d50                _MMC_get_date
00027d54                _MMC_get_mod_date
00027d58                _MMC_flushFat
00027d8c                _SAR_init
00027dec                _SAR_deInit
00027e0c                _SAR_chanInit
00027e28                _SAR_chanOpen
00027e8c                _SAR_chanClose
00027f10                _SAR_chanConfig
00027f88                _SAR_getConfig
00027ffc                _SAR_chanSetup
00028210                _SAR_chanCycSet
00028260                _SAR_startConversion
00028294                _SAR_stopConversion
000282dc                _SAR_readData
00028320                _SAR_A2DMeasParamSet
0002879c                _SAR_GPODirSet
00028878                _SAR_getStatus
000288b8                _xStreamBufferGenericCreate
00028938                _vStreamBufferDelete
00028968                _xStreamBufferReset
000289e0                _xStreamBufferSetTriggerLevel
00028a1c                _xStreamBufferSpacesAvailable
00028a64                _xStreamBufferBytesAvailable
00028a84                _xStreamBufferSend
00028bf8                _xStreamBufferSendFromISR
00028d08                _xStreamBufferReceive
00028e3c                _xStreamBufferNextMessageLengthBytes
00028ea8                _xStreamBufferReceiveFromISR
00028fa4                _xStreamBufferIsEmpty
00028fd4                _xStreamBufferIsFull
00029014                _xStreamBufferSendCompletedFromISR
00029068                _xStreamBufferReceiveCompletedFromISR
00029310                _I2S_open
00029454                _I2S_setup
0002973c                _I2S_close
000297e8                _I2S_read
00029aa4                _I2S_write
00029bfc                _I2S_reset
00029ca8                _I2S_transEnable
00029cf4                _xPortStartScheduler
00029ea8                _vTickISR
0002a28f                _vPortYield
0002a6b0                _RTC_reset
0002a6c0                _RTC_start
0002a6e4                _RTC_stop
0002a6ec                _RTC_config
0002a7d8                _RTC_getConfig
0002a888                _RTC_setTime
0002a904                _RTC_getTime
0002a950                _RTC_setDate
0002a9c0                _RTC_getDate
0002aa00                _RTC_setAlarm
0002aad4                _RTC_setPeriodicInterval
0002ab88                _RTC_eventEnable
0002ac74                _RTC_eventDisable
0002ad28                _RTC_getEventId
0002ad7c                _RTC_decToBcd
0002adbc                _RTC_bcdToDec
0002adfc                _RTC_setCallback
0002ae8c                _RTC_setCompensation
0002aed8                _main
0002b210                _vApplicationIdleHook
0002b244                _InitSystem
0002b2ac                _ConfigPort
0002b2b4                _SYS_GlobalIntEnable
0002b2bc                _SYS_GlobalIntDisable
0002b2c8                _BlinkLED
0002b300                _GenerateAudioTone
0002b38c                _systemInit
0002b418                _vApplicationMallocFailedHook
0002b420                _vApplicationStackOverflowHook
0002b430                _LED_TaskBlue
0002b468                _LED_TaskRed
0002b4a0                _blueLedToggle
0002b4c8                _redLedToggle
0002b4f4                _LED_TaskXF
0002b53c                _LED_TaskGreen
0002b58c                _LED_Control
0002b5c0                _LED_TaskXF2
0002b5ec                _StartUpTask
0002b648                _TestTask1
0002b67c                _TestTask2
0002b6b0                _TestTask3
0002b6e4                _TestTask4
0002b718                _LCD_init
0002b740                _LCD_open
0002b784                _LCD_setup
0002bbe0                _LCD_configDMA
0002bf30                _LCD_close
0002bf50                _oled_test
0002c770                _GPIO_open
0002c7b4                _GPIO_close
0002c7d8                _GPIO_config
0002c860                _GPIO_getConfig
0002c8e8                _GPIO_read
0002c96c                _GPIO_write
0002ca10                _GPIO_configBit
0002cb58                _GPIO_disableInt
0002cbd8                _GPIO_enableInt
0002cc64                _GPIO_clearInt
0002ccf0                _GPIO_statusBit
0002cd78                _GPIO_reset
0002ce08                _SPI_init
0002ce6c                _SPI_open
0002cea0                _SPI_close
0002cecc                _SPI_config
0002d154                _SPI_deInit
0002d180                _SPI_read
0002d264                _SPI_write
0002d350                _SPI_dataTransaction
0002d3c4                _vCreateBlockTimeTasks
0002d928                _xAreBlockTimeTestTasksStillRunning
0002d978                _xEventGroupCreate
0002d9a0                _xEventGroupSync
0002daec                _xEventGroupWaitBits
0002dc58                _xEventGroupClearBits
0002dcd0                _xEventGroupGetBitsFromISR
0002dcf0                _xEventGroupSetBits
0002de28                _vEventGroupDelete
0002de88                _vEventGroupSetBitsCallback
0002de9c                _vEventGroupClearBitsCallback
0002deeb                _write
0002e02d                _unlink
0002e060                _rename
0002e0b9                _remove_device
0002e0ef                _read
0002e19d                _open
0002e25c                _lseek
0002e2c2                _find_registered_device
0002e2cb                _close
0002e33e                _add_device
0002e430                _IRQ_init
0002e4b8                _IRQ_clear
0002e524                _IRQ_clearAll
0002e534                _IRQ_config
0002e5bc                _IRQ_getConfig
0002e644                _IRQ_disable
0002e6c4                _IRQ_disableAll
0002e6d4                _IRQ_enable
0002e760                _IRQ_restore
0002e7d0                _IRQ_getArg
0002e814                _IRQ_setArg
0002e848                _IRQ_map
0002e874                _IRQ_setVecs
0002e8a8                _IRQ_test
0002e91c                _IRQ_globalDisable
0002e938                _IRQ_globalEnable
0002e954                _IRQ_globalRestore
0002e968                _getenv
0002e9e3                _HOSTwrite
0002ea70                _HOSTunlink
0002eada                _HOSTtime
0002eb38                _HOSTrename
0002ebe6                _HOSTread
0002ec73                _HOSTopen
0002ed12                _HOSTlseek
0002edc7                _HOSTclose
0002ee32                _HOSTclock
0002ee90                _EZDSP5535_SDCARD_init
0002f238                _EZDSP5535_SDCARD_read
0002f26c                _EZDSP5535_SDCARD_write
0002f2a0                _EZDSP5535_SDCARD_close
0002f365                _free
0002f431                _minit
0002f496                _malloc
0002f58b                _realloc
0002f73c                _max_free
0002f796                _free_memory
0002f7ec                _chkheap
0002f7f4                _calloc
0002f81c                _vStartQueuePeekTasks
0002fc14                _xAreQueuePeekTasksStillRunning
0002fc4c                _vStartDynamicPriorityTasks
0002ffe8                _xAreDynamicPriorityTasksStillRunning
00030048                _vStartMathTasks
000303e0                _xAreMathsTaskStillRunning
0003041a                __divd
000307e8                _EZDSP5535_SPIFLASH_init
0003084c                _EZDSP5535_SPIFLASH_status
00030890                _EZDSP5535_SPIFLASH_erase
00030994                _EZDSP5535_SPIFLASH_read
00030a44                _EZDSP5535_SPIFLASH_write
00030bac                _MEM_init
00030bb0                _MEM_enableRetentionMode
00030bf4                _MEM_disableRetentionMode
00030c38                _MEM_enablePartialRetentionMode
00030d80                _MEM_disablePartialRetentionMode
00030ea4                _MEM_setmSDRAMClock
00030ee0                _MEM_getmSDRAMClock
00030ef4                _GPT_open
00030fb8                _GPT_reset
00031034                _GPT_close
000310ac                _GPT_start
000310dc                _GPT_stop
00031108                _GPT_getCnt
00031144                _GPT_config
000311ec                _vStartSemaphoreTasks
00031490                _xAreSemaphoreTasksStillRunning
000314e0                _AIC3254_init
000317fc                _PLL_init
00031834                _PLL_config
00031958                _PLL_enable
000319c0                _PLL_bypass
00031a10                _PLL_reset
00031a7c                _i2s0_read_CR
00031a82                _i2s0_write_CR
00031a88                _i2s0_read_SRGR
00031a8e                _i2s0_write_SRGR
00031a94                _i2s0_read_TXL_LSW
00031a9a                _i2s0_write_TXL_LSW
00031aa0                _i2s0_read_TXL_MSW
00031aa6                _i2s0_write_TXL_MSW
00031aac                _i2s0_read_TXR_LSW
00031ab2                _i2s0_write_TXR_LSW
00031ab8                _i2s0_read_TXR_MSW
00031abe                _i2s0_write_TXR_MSW
00031ac4                _i2s0_read_INTR
00031aca                _i2s0_read_INT_MASK
00031ad0                _i2s0_write_INT_MASK
00031ad6                _i2s0_read_RXL_LSW
00031adc                _i2s0_write_RXL_LSW
00031ae2                _i2s0_read_RXL_MSW
00031ae8                _i2s0_write_RXL_MSW
00031aee                _i2s0_read_RXR_LSW
00031af4                _i2s0_write_RXR_LSW
00031afa                _i2s0_read_RXR_MSW
00031b00                _i2s0_write_RXR_MSW
00031b06                _i2s1_read_CR
00031b0c                _i2s1_write_CR
00031b12                _i2s1_read_SRGR
00031b18                _i2s1_write_SRGR
00031b1e                _i2s1_read_TXL_LSW
00031b24                _i2s1_write_TXL_LSW
00031b2a                _i2s1_read_TXL_MSW
00031b30                _i2s1_write_TXL_MSW
00031b36                _i2s1_read_TXR_LSW
00031b3c                _i2s1_write_TXR_LSW
00031b42                _i2s1_read_TXR_MSW
00031b48                _i2s1_write_TXR_MSW
00031b4e                _i2s1_read_INTR
00031b54                _i2s1_read_INT_MASK
00031b5a                _i2s1_write_INT_MASK
00031b60                _i2s1_read_RXL_LSW
00031b66                _i2s1_write_RXL_LSW
00031b6c                _i2s1_read_RXL_MSW
00031b72                _i2s1_write_RXL_MSW
00031b78                _i2s1_read_RXR_LSW
00031b7e                _i2s1_write_RXR_LSW
00031b84                _i2s1_read_RXR_MSW
00031b8a                _i2s1_write_RXR_MSW
00031b90                _i2s2_read_CR
00031b96                _i2s2_write_CR
00031b9c                _i2s2_read_SRGR
00031ba2                _i2s2_write_SRGR
00031ba8                _i2s2_read_TXL_LSW
00031bae                _i2s2_write_TXL_LSW
00031bb4                _i2s2_read_TXL_MSW
00031bba                _i2s2_write_TXL_MSW
00031bc0                _i2s2_read_TXR_LSW
00031bc6                _i2s2_write_TXR_LSW
00031bcc                _i2s2_read_TXR_MSW
00031bd2                _i2s2_write_TXR_MSW
00031bd8                _i2s2_read_INTR
00031bde                _i2s2_read_INT_MASK
00031be4                _i2s2_write_INT_MASK
00031bea                _i2s2_read_RXL_LSW
00031bf0                _i2s2_write_RXL_LSW
00031bf6                _i2s2_read_RXL_MSW
00031bfc                _i2s2_write_RXL_MSW
00031c02                _i2s2_read_RXR_LSW
00031c08                _i2s2_write_RXR_LSW
00031c0e                _i2s2_read_RXR_MSW
00031c14                _i2s2_write_RXR_MSW
00031c1a                _i2s3_read_CR
00031c20                _i2s3_write_CR
00031c26                _i2s3_read_SRGR
00031c2c                _i2s3_write_SRGR
00031c32                _i2s3_read_TXL_LSW
00031c38                _i2s3_write_TXL_LSW
00031c3e                _i2s3_read_TXL_MSW
00031c44                _i2s3_write_TXL_MSW
00031c4a                _i2s3_read_TXR_LSW
00031c50                _i2s3_write_TXR_LSW
00031c56                _i2s3_read_TXR_MSW
00031c5c                _i2s3_write_TXR_MSW
00031c62                _i2s3_read_INTR
00031c68                _i2s3_read_INT_MASK
00031c6e                _i2s3_write_INT_MASK
00031c74                _i2s3_read_RXL_LSW
00031c7a                _i2s3_write_RXL_LSW
00031c80                _i2s3_read_RXL_MSW
00031c86                _i2s3_write_RXL_MSW
00031c8c                _i2s3_read_RXR_LSW
00031c92                _i2s3_write_RXR_LSW
00031c98                _i2s3_read_RXR_MSW
00031c9e                _i2s3_write_RXR_MSW
00031ca4                _enable_i2s0
00031cb2                _enable_i2s1
00031cc0                _enable_i2s2
00031cce                _enable_i2s3
00031cdc                _disable_i2s0
00031cea                _disable_i2s1
00031cf8                _disable_i2s2
00031d06                _disable_i2s3
00031e35                __cleanup
00031e8f                _freopen
00031f58                _fopen
00031f94                _WDTIM_open
0003200c                _WDTIM_start
00032054                _WDTIM_stop
0003209c                _WDTIM_getCnt
000320cc                _WDTIM_close
00032110                _WDTIM_service
00032144                _WDTIM_config
000321b0                _WDTIM_getConfig
000321fa                __remull
00032248                __remlli
00032277                __mpylli
0003232f                __divull
00032423                __divlli
00032458                __addd
000326b4                _pxPortInitialiseStack
000328e4                _vPortEndScheduler
000328e8                _prvSetupTimerInterrupt
00032904                _vStartQueueOverwriteTask
00032a30                _xIsQueueOverwriteTaskStillRunning
00032a60                _vQueueOverwritePeriodicISRDemo
00032b3c                _set_dma1_ch0_stop
00032b54                _set_dma0_ch0_stop
00032b6c                _set_dma1_ch1_stop
00032b84                _set_dma0_ch1_stop
00032b9c                _set_dma1_ch0_i2s2_Lout
00032c08                _set_dma0_ch0_i2s0_Lout
00032c74                _set_dma1_ch1_i2s2_Rout
00032ce0                _set_dma0_ch1_i2s0_Rout
00032d4c                _enable_dma_int
00032d5c                _EZDSP5535_LED_init
00032d94                _EZDSP5535_LED_getall
00032de8                _EZDSP5535_LED_setall
00032e58                _EZDSP5535_LED_on
00032e90                _EZDSP5535_LED_off
00032ec4                _EZDSP5535_LED_toggle
00032f0c                _EZDSP5535_XF_on
00032f18                _EZDSP5535_XF_off
00032f24                _EZDSP5535_XF_get
00032f34                _EZDSP5535_XF_toggle
00032f53                __neqd
00032f87                __lssd
00032fcf                __leqd
0003301c                __gtrd
00033067                __geqd
000330b1                __eqld
000330e5                __cmpd
00033140                _vStartPolledQueueTasks
000332d8                _xArePollingQueuesStillRunning
00033304                _vListInitialise
00033348                _vListInitialiseItem
0003335c                _vListInsertEnd
000333b0                _vListInsert
00033450                _uxListRemove
000334b4                _EZDSP5535_OSD9616_send
000334dc                _EZDSP5535_OSD9616_multiSend
00033528                _EZDSP5535_OSD9616_init
0003360c                _EZDSP5535_OSD9616_printLetter
0003364c                _spiflash_test
000337d8                _EZDSP5535_SAR_init
000338a0                _EZDSP5535_SAR_getKey
00033954                _fputs
00033a89                _puts
00033ab7                __mpyd
00033c04                _Timer_isr
00033d20                _EZDSP5535_I2S_init
00033d7c                _EZDSP5535_I2S_readLeft
00033db0                _EZDSP5535_I2S_writeLeft
00033de0                _EZDSP5535_I2S_readRight
00033e04                _EZDSP5535_I2S_writeRight
00033e20                _EZDSP5535_I2S_close
00033e34                _vStartIntegerMathTasks
00033f08                _xAreIntegerMathsTaskStillRunning
00033f38                _enable_rtc_second_int
00033f44                _reset_RTC
00034000                _convert_number_to_string
00034034                _setvbuf
0003411c                _vStartLEDFlashTasks
000341fa                __wrt_ok
0003427a                __rd_ok
000342d7                __doflush
00034340                _fflush
00034399                _writemsg
0003444e                C$$IO$$
00034454                _mem_test
00034503                _fputc
00034503                _putc
0003459a                _putchar
000345a9                __divul
0003464c                _vParTestInitialise
00034650                _vParTestSetLED
00034668                _vParTestToggleLED
000346e8                _EZDSP5535_I2C_init
00034720                _EZDSP5535_I2C_reset
0003472c                _EZDSP5535_I2C_write
00034754                _EZDSP5535_I2C_read
0003477c                _IRQ_plug
00034808                _set_i2s2_master
0003483c                _set_i2s0_master
00034870                _set_i2s0_slave
00034894                _EZDSP5535_GPIO_init
000348c0                _EZDSP5535_GPIO_setDirection
000348e4                _EZDSP5535_GPIO_setOutput
00034900                _EZDSP5535_GPIO_getInput
0003491e                reset_isr
0003499d                _ltoa
00034a1a                _fclose
00034a95                __frcmpyd
00034b0b                __frcmpyd_div
00034b7e                __remul
00034bf0                __fixdli
00034c5f                _readmsg
00034ccc                _fseek
00034d37                __fltlid
00034d9e                _atoi
00034dfa                __fltuld
00034e58                _EZDSP5535_wait
00034e8c                _EZDSP5535_waitusec
00034ea0                _EZDSP5535_init
00034eb0                _Timer0Init
00034ef4                _StartTimer0
00034f02                _printf
00034f54                _RTC_Isr
00034fa2                _auto_init
00034fef                __args_main
0003503a                __remli
00035085                __divli
000350d0                _pvPortMalloc
000350f8                _vPortFree
00035117                _memcpy
00035156                _exit
00035194                _c_int00
000351c8                __fixdi
000351f2                I$$UDIV
000351f2                __divu
00035207                I$$UMOD
00035207                __remu
0003521c                _memccpy
0003523f                ___isinf
00035259                __subd
0003526d                I$$LMPY
0003526d                __mpyli
00035280                __register_unlock
00035288                __register_lock
00035290                __nop
00035292                _memset
000352a3                _strlen
000352b4                __negd
000352c4                __fltud
000352d2                _remove
000352dc                _abort
000352dd                C$$EXIT
            00020000    ___cinit__
            00020000    cinit
            00020394    __CIOBUF_
0004ce00                _Reset
0004cf00                _RST
0004cf00                _VECSTART
ffffffff                .bss
ffffffff                .data
ffffffff                .text
ffffffff                ___binit__
ffffffff                ___bss__
ffffffff                ___c_args__
ffffffff                ___data__
ffffffff                ___edata__
ffffffff                ___end__
ffffffff                ___etext__
ffffffff                ___pinit__
ffffffff                ___text__
ffffffff                binit
ffffffff                edata
ffffffff                end
ffffffff                etext
ffffffff                pinit

[957 symbols]
