******************************************************************************
              TMS320C55x Linker PC v4.4.1                      
******************************************************************************
>> Linked Tue Oct 02 02:34:08 2018

OUTPUT FILE NAME:   <foo.out>
ENTRY POINT SYMBOL: "_c_int00"  address: 000355b0


MEMORY CONFIGURATION

         name            origin    length      used     unused   attr    fill
                        (bytes)   (bytes)    (bytes)   (bytes)
----------------------  --------  ---------  --------  --------  ----  --------
PAGE 0:
  MMR                   00000000   000000c0  00000000  000000c0  RWIX
  DARAM0                000000c0   0000ff40  0000b75e  000047e2  RWIX
  SARAM0                00010000   00010000  0000fffe  00000002  RWIX
  SARAM1                00020000   00020000  000156ea  0000a916  RWIX
  SARAM2                00040000   0000cdda  00000ac8  0000c312  RWIX
  VECS                  0004ce00   00000200  00000200  00000000  RWIX
  PDROM                 00ff8000   00008000  00000000  00008000  R IX

PAGE 2:
  IOPORT                00000000   00020000  00000000  00020000  RWI 


SECTION ALLOCATION MAP
(Addresses surrounded by []'s are displayed for convenience only!)

output                                                          attributes/
section   page  orgn(bytes) orgn(words) len(bytes) len(words)   input sections
--------  ----  ----------- ----------- ---------- ----------   --------------
.pinit       0   [ 00040000 ]  00020000          *   00000000   UNINITIALIZED

.stack       0   [ 000000c0 ]  00000060          *   00001000   
                 [ 000000c0 ]  00000060          *   00001000   --HOLE-- [fill = a5a5a5a5]

.data        0   [ 000000c0 ]  00000060          *   00000000   UNINITIALIZED

.sysstack 
*            0   [ 000020c0 ]  00001060          *   00000800   
                 [ 000020c0 ]  00001060          *   00000800   --HOLE-- [fill = a5a5a5a5]

.sysmem      0   [ 000030c0 ]  00001860          *   00002800   UNINITIALIZED
                 [ 000030c0 ]  00001860          *   00002800   --HOLE--

.bss.1       0   [ 000080c0 ]  00004060          *   00001181   UNINITIALIZED
                 [ 000080c0 ]  00004060          *   0000050d   csl_mmcsd_ataIf.obj (.bss)
                 [ 00008ada ]  0000456d          *   00000400   mem_test.obj (.bss)
                 [ 000092da ]  0000496d          *   00000200   spiflash_test.obj (.bss)
                 [ 000096da ]  00004b6d          *   00000001   integer.obj (.bss)
                 [ 000096dc ]  00004b6e          *   000001be   csl_usb.obj (.bss)
                 [ 00009a58 ]  00004d2c          *   00000124   dma.obj (.bss)
                 [ 00009ca0 ]  00004e50          *   00000119   rts55x.lib : defs.obj (.bss)
                 [ 00009ed2 ]  00004f69          *   00000001              : fopen.obj (.bss)
                 [ 00009ed4 ]  00004f6a          *   00000112   ezdsp5535_spiflash.obj (.bss)
                 [ 0000a0f8 ]  0000507c          *   000000d0   rts55x.lib : trgdrv.obj (.bss)
                 [ 0000a298 ]  0000514c          *   00000095   ezdsp5535_sdcard.obj (.bss)

.bss.2       0   [ 0000a3c4 ]  000051e2          *   00000101   UNINITIALIZED
                 [ 0000a3c4 ]  000051e2          *   00000084   csl_intc.obj (.bss)
                 [ 0000a4cc ]  00005266          *   0000007d   tasks_sysStk.obj (.bss)

.bss.3       0   [ 0000a5c8 ]  000052e4          *   000001fb   UNINITIALIZED
                 [ 0000a5c8 ]  000052e4          *   00000071   rts55x.lib : lowlev.obj (.bss)
                 [ 0000a6aa ]  00005355          *   00000061   i2s.obj (.bss)
                 [ 0000a76c ]  000053b6          *   0000003c   port.obj (.bss)
                 [ 0000a7e4 ]  000053f2          *   00000036   main.obj (.bss)
                 [ 0000a850 ]  00005428          *   0000002a   csl_i2s.obj (.bss)
                 [ 0000a8a4 ]  00005452          *   00000020   queue.obj (.bss)
                 [ 0000a8e4 ]  00005472          *   00000016   ezdsp5535_uart.obj (.bss)
                 [ 0000a910 ]  00005488          *   00000014   rtc.obj (.bss)
                 [ 0000a938 ]  0000549c          *   00000012   csl_i2c.obj (.bss)
                 [ 0000a95c ]  000054ae          *   00000012   dynamic.obj (.bss)
                 [ 0000a980 ]  000054c0          *   0000000c   QPeek.obj (.bss)
                 [ 0000a998 ]  000054cc          *   0000000a   blocktim.obj (.bss)
                 [ 0000a9ac ]  000054d6          *   00000009   semtest.obj (.bss)

.bss.4       0   [ 0000a9c0 ]  000054e0          *   00000039   UNINITIALIZED
                 [ 0000a9c0 ]  000054e0          *   00000008   QueueOverwrite.obj (.bss)
                 [ 0000a9d0 ]  000054e8          *   00000008   ezdsp5535_sar.obj (.bss)
                 [ 0000a9e0 ]  000054f0          *   00000006   rts55x.lib : memory.obj (.bss)
                 [ 0000a9ec ]  000054f6          *   00000004   ParTest.obj (.bss)
                 [ 0000a9f4 ]  000054fa          *   00000004   PollQ.obj (.bss)
                 [ 0000a9fc ]  000054fe          *   00000004   ezdsp5535_gpio.obj (.bss)
                 [ 0000aa04 ]  00005502          *   00000004   flash.obj (.bss)
                 [ 0000aa0c ]  00005506          *   00000004   flop.obj (.bss)
                 [ 0000aa14 ]  0000550a          *   00000004   rts55x.lib : _lock.obj (.bss)
                 [ 0000aa1c ]  0000550e          *   00000004              : exit.obj (.bss)
                 [ 0000aa24 ]  00005512          *   00000004   timer.obj (.bss)
                 [ 0000aa2c ]  00005516          *   00000003   csl_spi.obj (.bss)

.bss.5       0   [ 0000aa34 ]  0000551a          *   00000002   UNINITIALIZED
                 [ 0000aa34 ]  0000551a          *   00000002   ezdsp5535_i2s.obj (.bss)

.const.1     0   [ 0000aa38 ]  0000551c          *   00000447   
                 [ 0000aa38 ]  0000551c          *   00000346   ezdsp5535_sdcard.obj (.const:.string)
                 [ 0000b0c4 ]  00005862          *   00000101   rts55x.lib : ctype.obj (.const:__ctypes_)

.const.2     0   [ 0000b2c8 ]  00005964          *   00000081   
                 [ 0000b2c8 ]  00005964          *   00000081   csl_cdc.obj (.const:.string)

.const.3     0   [ 0000b3cc ]  000059e6          *   00000061   
                 [ 0000b3cc ]  000059e6          *   00000061   main.obj (.const:.string)

.const.4     0   [ 0000b490 ]  00005a48          *   0000005d   
                 [ 0000b490 ]  00005a48          *   0000005d   spiflash_test.obj (.const:.string)

.const.5     0   [ 0000b54c ]  00005aa6          *   0000003f   
                 [ 0000b54c ]  00005aa6          *   0000003f   semtest.obj (.const:.string)

.const.6     0   [ 0000b5cc ]  00005ae6          *   0000006b   
                 [ 0000b5cc ]  00005ae6          *   0000003e   dynamic.obj (.const:.string)
                 [ 0000b648 ]  00005b24          *   0000002d   QPeek.obj (.const:.string)

.const.7     0   [ 0000b6a4 ]  00005b52          *   00000045   
                 [ 0000b6a4 ]  00005b52          *   00000024   rts55x.lib : _printfi.obj (.const:.string)
                 [ 0000b6ec ]  00005b76          *   00000021   blocktim.obj (.const:.string)

.const.8     0   [ 0000b730 ]  00005b98          *   00000073   
                 [ 0000b730 ]  00005b98          *   00000020   PollQ.obj (.const:.string)
                 [ 0000b770 ]  00005bb8          *   00000018   flop.obj (.const:.string)
                 [ 0000b7a0 ]  00005bd0          *   00000014   flop.obj (.const)
                 [ 0000b7c8 ]  00005be4          *   0000000c   rts55x.lib : _printfi.obj (.const)
                 [ 0000b7e0 ]  00005bf0          *   00000008   integer.obj (.const:.string)
                 [ 0000b7f0 ]  00005bf8          *   00000008   rts55x.lib : divd.obj (.const:_initial_approx$1)
                 [ 0000b800 ]  00005c00          *   00000006   QueueOverwrite.obj (.const:.string)
                 [ 0000b80c ]  00005c06          *   00000005   flash.obj (.const:.string)

.const.9     0   [ 0000b818 ]  00005c0c          *   00000009   
                 [ 0000b818 ]  00005c0c          *   00000005   tasks_sysStk.obj (.const:.string)
                 [ 0000b822 ]  00005c11          *   00000004   main.obj (.const:_$P$T0$2)

.const.10 
*            0   [ 0000b82c ]  00005c16          *   00000006   
                 [ 0000b82c ]  00005c16          *   00000002   rts55x.lib : fputs.obj (.const:.string)
                 [ 0000b830 ]  00005c18          *   00000002              : fltlid.obj (.const)
                 [ 0000b834 ]  00005c1a          *   00000002              : fltuld.obj (.const)

.text.1      0     00010000  [ 00008000 ] 0000dd3a          *   
                   00010000  [ 00008000 ] 0000444f          *   csl_mmcsd.obj (.text)
                   0001444f  [ 0000a227 ] 00000001          *   --HOLE-- [fill = 20]
                   00014450  [ 0000a228 ] 00002d9b          *   csl_msc.obj (.text)
                   000171eb  [ 0000b8f5 ] 00000001          *   --HOLE-- [fill = 20]
                   000171ec  [ 0000b8f6 ] 00002a24          *   csl_sdio.obj (.text)
                   00019c10  [ 0000ce08 ] 00002201          *   csl_usb.obj (.text)
                   0001be11  [ 0000df08+] 00000002          *   rts55x.lib : vectors.obj (.text)
                   0001be13  [ 0000df09 ] 00000001          *   --HOLE-- [fill = 20]
                   0001be14  [ 0000df0a ] 00001f25          *   tasks_sysStk.obj (.text)
                   0001dd39  [ 0000ee9c ] 00000001          *   --HOLE-- [fill = 20]

.text.2      0     0001dd3c  [ 0000ee9e ] 000022c4          *   
                   0001dd3c  [ 0000ee9e ] 000018bc          *   csl_dma.obj (.text)
                   0001f5f8  [ 0000fafc ] 000009ff          *   csl_i2s.obj (.text)
                   0001fff7  [ 0000fffb+] 00000007          *   rts55x.lib : exit.obj (.text:CIO_breakpoint)
                   0001fffe  [ 0000ffff ] 00000002          *   --HOLE-- [fill = 20]

.text.3      0     00020000  [ 00010000 ] 00004b84          *   
                   00020000  [ 00010000 ] 000015a4          *   rts55x.lib : _printfi.obj (.text)
                   000215a4  [ 00010ad2 ] 00001277          *   queue.obj (.text)
                   0002281b  [ 0001140d ] 00000001          *   --HOLE-- [fill = 20]
                   0002281c  [ 0001140e ] 0000125f          *   csl_nand.obj (.text)
                   00023a7b  [ 00011d3d ] 00000001          *   --HOLE-- [fill = 20]
                   00023a7c  [ 00011d3e ] 00001106          *   csl_uart.obj (.text)
                   00024b82  [ 000125c1 ] 00000002          *   --HOLE-- [fill = 20]

.text.4      0     00024b84  [ 000125c2 ] 00001ba2          *   
                   00024b84  [ 000125c2 ] 00000de0          *   csl_audioClass.obj (.text)
                   00025964  [ 00012cb2 ] 00000dc1          *   csl_dat.obj (.text)
                   00026725  [ 00013392 ] 00000001          *   --HOLE-- [fill = 20]

.text.5      0     00026728  [ 00013394 ] 0000251c          *   
                   00026728  [ 00013394 ] 00000d2f          *   csl_cdc.obj (.text)
                   00027457  [ 00013a2b ] 00000001          *   --HOLE-- [fill = 20]
                   00027458  [ 00013a2c ] 00000c4c          *   csl_i2c.obj (.text)
                   000280a4  [ 00014052 ] 00000b9e          *   csl_mmcsd_ataIf.obj (.text)
                   00028c42  [ 00014621 ] 00000002          *   --HOLE-- [fill = 20]

.text.6      0     00028c44  [ 00014622 ] 000036da          *   
                   00028c44  [ 00014622 ] 00000b2b          *   csl_sar.obj (.text)
                   0002976f  [ 00014bb7 ] 00000001          *   --HOLE-- [fill = 20]
                   00029770  [ 00014bb8 ] 00000a68          *   stream_buffer.obj (.text)
                   0002a1d8  [ 000150ec ] 000008b4          *   csl_rtc.obj (.text)
                   0002aa8c  [ 00015546 ] 00000848          *   csl_lcdc.obj (.text)
                   0002b2d4  [ 0001596a ] 0000082b          *   main.obj (.text)
                   0002baff  [ 00015d7f ] 00000001          *   --HOLE-- [fill = 20]
                   0002bb00  [ 00015d80 ] 0000081d          *   oled_test.obj (.text)
                   0002c31d  [ 0001618e ] 00000001          *   --HOLE-- [fill = 20]

.text.7      0     0002c320  [ 00016190 ] 0000386c          *   
                   0002c320  [ 00016190 ] 0000076f          *   portASM.obj (.text)
                   0002ca8f  [ 00016547 ] 00000001          *   --HOLE-- [fill = 20]
                   0002ca90  [ 00016548 ] 00000697          *   csl_gpio.obj (.text)
                   0002d127  [ 00016893 ] 00000001          *   --HOLE-- [fill = 20]
                   0002d128  [ 00016894 ] 000005d3          *   csl_spi.obj (.text)
                   0002d6fb  [ 00016b7d ] 00000001          *   --HOLE-- [fill = 20]
                   0002d6fc  [ 00016b7e ] 000005b3          *   blocktim.obj (.text)
                   0002dcaf  [ 00016e57 ] 00000001          *   --HOLE-- [fill = 20]
                   0002dcb0  [ 00016e58 ] 00000573          *   event_groups.obj (.text)
                   0002e223  [ 00017111 ] 00000001          *   --HOLE-- [fill = 20]
                   0002e224  [ 00017112 ] 00000570          *   csl_intc.obj (.text)
                   0002e794  [ 000173ca ] 00000543          *   rts55x.lib : lowlev.obj (.text)
                   0002ecd7  [ 0001766b+] 00000528          *              : trgdrv.obj (.text)
                   0002f1ff  [ 000178ff ] 00000001          *   --HOLE-- [fill = 20]
                   0002f200  [ 00017900 ] 000004d5          *   ezdsp5535_sdcard.obj (.text)
                   0002f6d5  [ 00017b6a+] 000004b5          *   rts55x.lib : memory.obj (.text)
                   0002fb8a  [ 00017dc5 ] 00000002          *   --HOLE-- [fill = 20]

.text.8      0     0002fb8c  [ 00017dc6 ] 00000430          *   
                   0002fb8c  [ 00017dc6 ] 0000042e          *   QPeek.obj (.text)
                   0002ffba  [ 00017fdd ] 00000002          *   --HOLE-- [fill = 20]

.text.9      0     0002ffbc  [ 00017fde ] 00000bb4          *   
                   0002ffbc  [ 00017fde ] 000003fb          *   dynamic.obj (.text)
                   000303b7  [ 000181db ] 00000001          *   --HOLE-- [fill = 20]
                   000303b8  [ 000181dc ] 000003ea          *   flop.obj (.text)
                   000307a2  [ 000183d1 ] 000003cc          *   rts55x.lib : divd.obj (.text)
                   00030b6e  [ 000185b7 ] 00000002          *   --HOLE-- [fill = 20]

.text.10     0     00030b70  [ 000185b8 ] 000003c4          *   
                   00030b70  [ 000185b8 ] 000003c2          *   ezdsp5535_spiflash.obj (.text)
                   00030f32  [ 00018799 ] 00000002          *   --HOLE-- [fill = 20]

.text.11     0     00030f34  [ 0001879a ] 0000034a          *   
                   00030f34  [ 0001879a ] 00000349          *   csl_mem.obj (.text)
                   0003127d  [ 0001893e ] 00000001          *   --HOLE-- [fill = 20]

.text.12     0     00031280  [ 00018940 ] 000017c8          *   
                   00031280  [ 00018940 ] 000002f7          *   csl_gpt.obj (.text)
                   00031577  [ 00018abb ] 00000001          *   --HOLE-- [fill = 20]
                   00031578  [ 00018abc ] 000002f4          *   semtest.obj (.text)
                   0003186c  [ 00018c36 ] 000002ef          *   aic_test_i2c.obj (.text)
                   00031b5b  [ 00018dad ] 00000001          *   --HOLE-- [fill = 20]
                   00031b5c  [ 00018dae ] 000002b4          *   csl_pll.obj (.text)
                   00031e10  [ 00018f08 ] 00000298          *   i2s_register.obj (.text)
                   000320a8  [ 00019054 ] 0000027f          *   rts55x.lib : fopen.obj (.text)
                   00032327  [ 00019193 ] 00000001          *   --HOLE-- [fill = 20]
                   00032328  [ 00019194 ] 00000266          *   csl_wdt.obj (.text)
                   0003258e  [ 000192c7 ] 0000025e          *   rts55x.lib : llmpy.obj (.text)
                   000327ec  [ 000193f6 ] 0000025a          *              : addd.obj (.text)
                   00032a46  [ 00019523 ] 00000002          *   --HOLE-- [fill = 20]

.text.13     0     00032a48  [ 00019524 ] 00000238          *   
                   00032a48  [ 00019524 ] 00000236          *   QueueOverwrite.obj (.text)
                   00032c7e  [ 0001963f ] 00000002          *   --HOLE-- [fill = 20]

.text.14     0     00032c80  [ 00019640 ] 00000220          *   
                   00032c80  [ 00019640 ] 0000021e          *   dma.obj (.text)
                   00032e9e  [ 0001974f ] 00000002          *   --HOLE-- [fill = 20]

.text.15     0     00032ea0  [ 00019750 ] 000001fc          *   
                   00032ea0  [ 00019750 ] 000001fa          *   port.obj (.text)
                   0003309a  [ 0001984d ] 00000002          *   --HOLE-- [fill = 20]

.text.16     0     0003309c  [ 0001984e ] 000003e2          *   
                   0003309c  [ 0001984e ] 000001f7          *   ezdsp5535_led.obj (.text)
                   00033293  [ 00019949+] 000001ea          *   rts55x.lib : cmpd.obj (.text)
                   0003347d  [ 00019a3e ] 00000001          *   --HOLE-- [fill = 20]

.text.17     0     00033480  [ 00019a40 ] 000001c4          *   
                   00033480  [ 00019a40 ] 000001c2          *   PollQ.obj (.text)
                   00033642  [ 00019b21 ] 00000002          *   --HOLE-- [fill = 20]

.text.18     0     00033644  [ 00019b22 ] 000001b0          *   
                   00033644  [ 00019b22 ] 000001ae          *   list.obj (.text)
                   000337f2  [ 00019bf9 ] 00000002          *   --HOLE-- [fill = 20]

.text.19     0     000337f4  [ 00019bfa ] 0000019e          *   
                   000337f4  [ 00019bfa ] 0000019d          *   ezdsp5535_lcd.obj (.text)
                   00033991  [ 00019cc8 ] 00000001          *   --HOLE-- [fill = 20]

.text.20     0     00033994  [ 00019cca ] 000007f8          *   
                   00033994  [ 00019cca ] 0000018b          *   spiflash_test.obj (.text)
                   00033b1f  [ 00019d8f ] 00000001          *   --HOLE-- [fill = 20]
                   00033b20  [ 00019d90 ] 0000017c          *   ezdsp5535_sar.obj (.text)
                   00033c9c  [ 00019e4e ] 00000163          *   rts55x.lib : fputs.obj (.text)
                   00033dff  [ 00019eff+] 0000014c          *              : mpyd.obj (.text)
                   00033f4b  [ 00019fa5 ] 00000001          *   --HOLE-- [fill = 20]
                   00033f4c  [ 00019fa6 ] 0000012b          *   timer.obj (.text:retain)
                   00034077  [ 0001a03b ] 00000001          *   --HOLE-- [fill = 20]
                   00034078  [ 0001a03c ] 00000112          *   ezdsp5535_i2s.obj (.text)
                   0003418a  [ 0001a0c5 ] 00000002          *   --HOLE-- [fill = 20]

.text.21     0     0003418c  [ 0001a0c6 ] 000002e8          *   
                   0003418c  [ 0001a0c6 ] 00000104          *   integer.obj (.text)
                   00034290  [ 0001a148 ] 000000fc          *   rtc.obj (.text)
                   0003438c  [ 0001a1c6 ] 000000e6          *   rts55x.lib : setvbuf.obj (.text)
                   00034472  [ 0001a239 ] 00000002          *   --HOLE-- [fill = 20]

.text.22     0     00034474  [ 0001a23a ] 000004ae          *   
                   00034474  [ 0001a23a ] 000000de          *   flash.obj (.text)
                   00034552  [ 0001a2a9 ] 000000dd          *   rts55x.lib : _io_perm.obj (.text)
                   0003462f  [ 0001a317 ] 00000001          *   --HOLE-- [fill = 20]
                   00034630  [ 0001a318 ] 000000cf          *   mem_test.obj (.text)
                   000346ff  [ 0001a37f+] 000000c2          *   rts55x.lib : fflush.obj (.text)
                   000347c1  [ 0001a3e0+] 000000ba          *              : trgmsg.obj (.text:CIO_breakpoint)
                   0003487b  [ 0001a43d+] 000000a6          *              : fputc.obj (.text)
                   00034921  [ 0001a490 ] 00000001          *   --HOLE-- [fill = 20]

.text.23     0     00034924  [ 0001a492 ] 000001e0          *   
                   00034924  [ 0001a492 ] 000000a2          *   ezdsp5535_uart.obj (.text)
                   000349c6  [ 0001a4e3 ] 000000a1          *   rts55x.lib : divul.obj (.text)
                   00034a67  [ 0001a533 ] 00000001          *   --HOLE-- [fill = 20]
                   00034a68  [ 0001a534 ] 0000009a          *   ParTest.obj (.text)
                   00034b02  [ 0001a581 ] 00000002          *   --HOLE-- [fill = 20]

.text.24     0     00034b04  [ 0001a582 ] 0000076e          *   
                   00034b04  [ 0001a582 ] 00000094          *   ezdsp5535_i2c.obj (.text)
                   00034b98  [ 0001a5cc ] 0000008c          *   csl_irqplug.obj (.text)
                   00034c24  [ 0001a612 ] 0000008c          *   i2s.obj (.text)
                   00034cb0  [ 0001a658 ] 0000008a          *   ezdsp5535_gpio.obj (.text)
                   00034d3a  [ 0001a69d ] 0000007f          *   vectors.obj (.text)
                   00034db9  [ 0001a6dc+] 0000007d          *   rts55x.lib : ltoa.obj (.text)
                   00034e36  [ 0001a71b ] 0000007b          *              : fclose.obj (.text)
                   00034eb1  [ 0001a758+] 00000076          *              : frcmpyd.obj (.text)
                   00034f27  [ 0001a793+] 00000073          *              : frcmpyd_div.obj (.text)
                   00034f9a  [ 0001a7cd ] 00000072          *              : remul.obj (.text)
                   0003500c  [ 0001a806 ] 0000006f          *              : fixdli.obj (.text)
                   0003507b  [ 0001a83d+] 0000006d          *              : trgmsg.obj (.text)
                   000350e8  [ 0001a874 ] 0000006b          *              : fseek.obj (.text)
                   00035153  [ 0001a8a9+] 00000067          *              : fltlid.obj (.text)
                   000351ba  [ 0001a8dd ] 0000005c          *              : atoi.obj (.text)
                   00035216  [ 0001a90b ] 0000005b          *              : fltuld.obj (.text)
                   00035271  [ 0001a938 ] 00000001          *   --HOLE-- [fill = 20]

.text.25     0     00035274  [ 0001a93a ] 00000058          *   
                   00035274  [ 0001a93a ] 00000056          *   ezdsp5535.obj (.text)
                   000352ca  [ 0001a965 ] 00000002          *   --HOLE-- [fill = 20]

.text.26     0     000352cc  [ 0001a966 ] 000000a4          *   
                   000352cc  [ 0001a966 ] 00000052          *   timer.obj (.text)
                   0003531e  [ 0001a98f ] 00000050          *   rts55x.lib : printf.obj (.text)
                   0003536e  [ 0001a9b7 ] 00000002          *   --HOLE-- [fill = 20]

.text.27     0     00035370  [ 0001a9b8 ] 0000017a          *   
                   00035370  [ 0001a9b8 ] 0000004e          *   rtc.obj (.text:retain)
                   000353be  [ 0001a9df ] 0000004d          *   rts55x.lib : autoinit.obj (.text)
                   0003540b  [ 0001aa05+] 0000004b          *              : args_main.obj (.text)
                   00035456  [ 0001aa2b ] 0000004b          *              : remli.obj (.text)
                   000354a1  [ 0001aa50+] 00000048          *              : divli.obj (.text)
                   000354e9  [ 0001aa74 ] 00000001          *   --HOLE-- [fill = 20]

.text.28     0     000354ec  [ 0001aa76 ] 0000020e          *   
                   000354ec  [ 0001aa76 ] 00000047          *   heap_3.obj (.text)
                   00035533  [ 0001aa99+] 0000003f          *   rts55x.lib : memcpy.obj (.text)
                   00035572  [ 0001aab9 ] 0000003e          *              : exit.obj (.text)
                   000355b0  [ 0001aad8 ] 00000034          *              : boot.obj (.text)
                   000355e4  [ 0001aaf2 ] 0000002a          *              : fixdi.obj (.text)
                   0003560e  [ 0001ab07 ] 0000002a          *              : udiv.obj (.text)
                   00035638  [ 0001ab1c ] 00000023          *              : memccpy.obj (.text)
                   0003565b  [ 0001ab2d+] 0000001a          *              : isinf.obj (.text)
                   00035675  [ 0001ab3a+] 00000014          *              : subd.obj (.text)
                   00035689  [ 0001ab44+] 00000013          *              : lmpy.obj (.text)
                   0003569c  [ 0001ab4e ] 00000012          *              : _lock.obj (.text)
                   000356ae  [ 0001ab57 ] 00000011          *              : memset.obj (.text)
                   000356bf  [ 0001ab5f+] 00000011          *              : strlen.obj (.text)
                   000356d0  [ 0001ab68 ] 00000010          *              : negd.obj (.text)
                   000356e0  [ 0001ab70 ] 0000000e          *              : fltud.obj (.text)
                   000356ee  [ 0001ab77 ] 0000000a          *              : remove.obj (.text)
                   000356f8  [ 0001ab7c ] 00000002          *   --HOLE-- [fill = 20]

.cinit       0   [ 00040000 ]  00020000          *   00000364   
                 [ 00040000 ]  00020000          *   000000dc   dma.obj (.cinit)
                 [ 000401b8 ]  000200dc          *   000000b8   port.obj (.cinit)
                 [ 00040328 ]  00020194          *   00000054   main.obj (.cinit)
                 [ 000403d0 ]  000201e8          *   0000003d   tasks_sysStk.obj (.cinit)
                 [ 0004044a ]  00020225          *   0000002d   rts55x.lib : lowlev.obj (.cinit)
                 [ 000404a4 ]  00020252          *   0000002a              : defs.obj (.cinit)
                 [ 000404f8 ]  0002027c          *   0000001f   dynamic.obj (.cinit)
                 [ 00040536 ]  0002029b          *   00000015   csl_mmcsd_ataIf.obj (.cinit)
                 [ 00040560 ]  000202b0          *   00000014   blocktim.obj (.cinit)
                 [ 00040588 ]  000202c4          *   00000013   QueueOverwrite.obj (.cinit)
                 [ 000405ae ]  000202d7          *   00000010   timer.obj (.cinit)
                 [ 000405ce ]  000202e7          *   0000000e   QPeek.obj (.cinit)
                 [ 000405ea ]  000202f5          *   0000000d   ParTest.obj (.cinit)
                 [ 00040604 ]  00020302          *   0000000c   ezdsp5535_sar.obj (.cinit)
                 [ 0004061c ]  0002030e          *   0000000c   semtest.obj (.cinit)
                 [ 00040634 ]  0002031a          *   0000000a   rts55x.lib : _lock.obj (.cinit)
                 [ 00040648 ]  00020324          *   0000000a              : exit.obj (.cinit)
                 [ 0004065c ]  0002032e          *   00000009   flash.obj (.cinit)
                 [ 0004066e ]  00020337          *   00000008   PollQ.obj (.cinit)
                 [ 0004067e ]  0002033f          *   00000008   csl_i2s.obj (.cinit)
                 [ 0004068e ]  00020347          *   00000008   rtc.obj (.cinit)
                 [ 0004069e ]  0002034f          *   00000004   flop.obj (.cinit)
                 [ 000406a6 ]  00020353          *   00000004   i2s.obj (.cinit)
                 [ 000406ae ]  00020357          *   00000004   integer.obj (.cinit)
                 [ 000406b6 ]  0002035b          *   00000004   rts55x.lib : fopen.obj (.cinit)
                 [ 000406be ]  0002035f          *   00000004              : memory.obj (.cinit)
                 [ 000406c6 ]  00020363          *   00000001   --HOLE-- [fill = 0]

.cio         0   [ 000406c8 ]  00020364          *   00000120   UNINITIALIZED
                 [ 000406c8 ]  00020364          *   00000120   rts55x.lib : trgmsg.obj (.cio)

.switch      0   [ 00040908 ]  00020484          *   000000e0   
                 [ 00040908 ]  00020484          *   00000022   csl_sdio.obj (.switch:_SDIO_eventDisable)
                 [ 0004094c ]  000204a6          *   00000022   csl_sdio.obj (.switch:_SDIO_eventEnable)
                 [ 00040990 ]  000204c8          *   00000020   csl_dma.obj (.switch:_DMA_config)
                 [ 000409d0 ]  000204e8          *   00000020   csl_dma.obj (.switch:_DMA_getConfig)
                 [ 00040a10 ]  00020508          *   00000020   csl_dma.obj (.switch:_DMA_reset)
                 [ 00040a50 ]  00020528          *   00000018   csl_usb.obj (.switch:_USB_coreEventProcessEp0)
                 [ 00040a80 ]  00020540          *   00000014   rtc.obj (.switch:_NtoC)
                 [ 00040aa8 ]  00020554          *   00000010   csl_msc.obj (.switch:_MSC_Bulk)

vectors      0     0004ce00  [ 00026700 ] 00000200          *   
                   0004ce00  [ 00026700 ] 00000100          *   rts55x.lib : vectors.obj (vectors)
                   0004cf00  [ 00026780 ] 00000100          *   vectors.obj (vectors)


GLOBAL SYMBOLS: SORTED ALPHABETICALLY BY Name 

abs. value/
byte addr   word addr   name
---------   ---------   ----
00000002                $TI_capability$C5500$CallingConvention
00000002                $TI_capability$C5500$MemoryModel
00000001                $TI_capability_requires_rev3
ffffffff                .bss
ffffffff                .data
ffffffff                .text
0001fff8                C$$EXIT
00034876                C$$IO$$
00035689                I$$LMPY
0003560e                I$$UDIV
00035623                I$$UMOD
00024e58                _AC_Close
00024e94                _AC_Ctrl
00025128                _AC_GetactivityFlagStatus
00025144                _AC_GetsuspendFlagStatus
0002508c                _AC_Iso
00024c10                _AC_Open
0002515c                _AC_initDescriptors
0002571c                _AC_reqGetCurrent
00025448                _AC_reqGetDescriptor
00025824                _AC_reqGetMaximum
000257e0                _AC_reqGetMinimum
00025868                _AC_reqGetResolution
00025640                _AC_reqSetCurrent
000258ac                _AC_reqSetInterface
0003186c                _AIC3254_init
            0000456c    _ATA_No_Swap
0002b6b8                _BlinkLED
            000053b5    _Buf_Address
            00005491    _Buf_day
            0000548e    _Buf_hour
            0000548b    _Buf_min
            00005494    _Buf_month
            00005488    _Buf_sec
            00005497    _Buf_year
000269c0                _CDC_Close
000269fc                _CDC_GetactivityFlagStatus
00026a14                _CDC_GetsuspendFlagStatus
000267c8                _CDC_Open
000267ec                _CDC_OpenFullspeed
00026e30                _CDC_bulkInHandler
00026d28                _CDC_bulkOutHandler
00026a2c                _CDC_eventHandler
0002718c                _CDC_getData
00027228                _CDC_putData
0002b69c                _ConfigPort
            0000549b    _Conunt_RTC
00025a3c                _DAT_close
00025bd0                _DAT_copy
000260cc                _DAT_fill
00025964                _DAT_open
000265dc                _DAT_wait
            000053e1    _DBSTAT_RESTORE
            000053e0    _DBSTAT_SAVE
            00004e4c    _DMA_Count
            00004e4f    _DMA_Done
0001de60                _DMA_close
0001de80                _DMA_config
0001ea58                _DMA_getConfig
0001f54c                _DMA_getLastTransferType
0001dd3c                _DMA_init
0001dd74                _DMA_open
0001f1dc                _DMA_reset
0001efc8                _DMA_start
0001f0d8                _DMA_stop
0001f4c8                _DMA_swapWords
000349ac                _EVM5515_UART_getChar
00034994                _EVM5515_UART_putChar
00034d1c                _EZDSP5535_GPIO_getInput
00034cb0                _EZDSP5535_GPIO_init
00034cdc                _EZDSP5535_GPIO_setDirection
00034d00                _EZDSP5535_GPIO_setOutput
00034b04                _EZDSP5535_I2C_init
00034b70                _EZDSP5535_I2C_read
00034b3c                _EZDSP5535_I2C_reset
00034b48                _EZDSP5535_I2C_write
00034178                _EZDSP5535_I2S_close
00034078                _EZDSP5535_I2S_init
000340d4                _EZDSP5535_I2S_readLeft
00034138                _EZDSP5535_I2S_readRight
00034108                _EZDSP5535_I2S_writeLeft
0003415c                _EZDSP5535_I2S_writeRight
000330d4                _EZDSP5535_LED_getall
0003309c                _EZDSP5535_LED_init
000331d0                _EZDSP5535_LED_off
00033198                _EZDSP5535_LED_on
00033128                _EZDSP5535_LED_setall
00033204                _EZDSP5535_LED_toggle
00033870                _EZDSP5535_OSD9616_init
0003381c                _EZDSP5535_OSD9616_multiSend
00033954                _EZDSP5535_OSD9616_printLetter
000337f4                _EZDSP5535_OSD9616_send
00033be8                _EZDSP5535_SAR_getKey
00033b20                _EZDSP5535_SAR_init
0002f610                _EZDSP5535_SDCARD_close
0002f200                _EZDSP5535_SDCARD_init
0002f5a8                _EZDSP5535_SDCARD_read
0002f5dc                _EZDSP5535_SDCARD_write
00030c18                _EZDSP5535_SPIFLASH_erase
00030b70                _EZDSP5535_SPIFLASH_init
00030d1c                _EZDSP5535_SPIFLASH_read
00030bd4                _EZDSP5535_SPIFLASH_status
00030dcc                _EZDSP5535_SPIFLASH_write
00034924                _EZDSP5535_UART_open
00033264                _EZDSP5535_XF_get
00033258                _EZDSP5535_XF_off
0003324c                _EZDSP5535_XF_on
00033274                _EZDSP5535_XF_toggle
000352bc                _EZDSP5535_init
00035274                _EZDSP5535_wait
000352a8                _EZDSP5535_waitusec
            00004e4d    _Error_Count_L
            00004e4e    _Error_Count_R
            0000549a    _Flag_RTC
0002cf84                _GPIO_clearInt
0002cad4                _GPIO_close
0002caf8                _GPIO_config
0002cd30                _GPIO_configBit
0002ce78                _GPIO_disableInt
0002cef8                _GPIO_enableInt
0002cb80                _GPIO_getConfig
0002ca90                _GPIO_open
0002cc08                _GPIO_read
0002d098                _GPIO_reset
0002d010                _GPIO_statusBit
0002cc8c                _GPIO_write
000313c0                _GPT_close
000314d0                _GPT_config
00031494                _GPT_getCnt
00031280                _GPT_open
00031344                _GPT_reset
00031438                _GPT_start
00031468                _GPT_stop
0002b6f0                _GenerateAudioTone
            000054fe    _GpioObj
0002f1a1                _HOSTclock
0002f136                _HOSTclose
0002f081                _HOSTlseek
0002efe2                _HOSTopen
0002ef55                _HOSTread
0002eea7                _HOSTrename
0002ee49                _HOSTtime
0002eddf                _HOSTunlink
0002ed52                _HOSTwrite
00027504                _I2C_config
00027ed8                _I2C_eventDisable
00027da4                _I2C_eventEnable
0002766c                _I2C_getConfig
00028088                _I2C_getEventId
00027458                _I2C_init
00027b84                _I2C_read
00027ff8                _I2C_setCallback
00027744                _I2C_setup
00027940                _I2C_write
            00005355    _I2S_RCV_L
            00005385    _I2S_RCV_R
0001fa30                _I2S_close
0001f5f8                _I2S_open
0001fae4                _I2S_read
0001fef8                _I2S_reset
0001f740                _I2S_setup
0001ffac                _I2S_transEnable
0001fda0                _I2S_write
0002e2c0                _IRQ_clear
0002e32c                _IRQ_clearAll
0002e33c                _IRQ_config
0002e464                _IRQ_disable
0002e4e4                _IRQ_disableAll
0002e4f4                _IRQ_enable
0002e5f0                _IRQ_getArg
0002e3d0                _IRQ_getConfig
0002e748                _IRQ_globalDisable
0002e764                _IRQ_globalEnable
0002e780                _IRQ_globalRestore
0002e224                _IRQ_init
0002e66c                _IRQ_map
00034b98                _IRQ_plug
0002e580                _IRQ_restore
0002e638                _IRQ_setArg
0002e6a0                _IRQ_setVecs
0002e6d4                _IRQ_test
0002b634                _InitSystem
0002b2b4                _LCD_close
0002af64                _LCD_configDMA
0002aa8c                _LCD_init
0002aab4                _LCD_open
0002aaf8                _LCD_setup
            00005504    _LED_Blink_ctr
0002b97c                _LED_Control
0002b820                _LED_TaskBlue
0002b92c                _LED_TaskGreen
0002b858                _LED_TaskRed
0002b8e4                _LED_TaskXF
0002b9b0                _LED_TaskXF2
            000053e2    _LOOP_BITS
0003110c                _MEM_disablePartialRetentionMode
00030f7c                _MEM_disableRetentionMode
00030fc0                _MEM_enablePartialRetentionMode
00030f38                _MEM_enableRetentionMode
0003126c                _MEM_getmSDRAMClock
00030f34                _MEM_init
00031230                _MEM_setmSDRAMClock
00028bcc                _MMC_busyStatusCheck
0001438c                _MMC_checkReadDmaDone
00010368                _MMC_clearResponse
00010248                _MMC_close
00028bb4                _MMC_commandReadyStatusCheck
00010aa0                _MMC_config
00028bc0                _MMC_dataReadyStatusCheck
00010df0                _MMC_deselectCard
000108b8                _MMC_drrdy
00010900                _MMC_dxrdy
000106e0                _MMC_eventDisable
000104e4                _MMC_eventEnable
00028be8                _MMC_file_system_format
00028c10                _MMC_flushFat
00011a8c                _MMC_getCardCsd
00014164                _MMC_getCardStatus
00010b3c                _MMC_getConfig
00010330                _MMC_getNumberOfCards
00028bd8                _MMC_getSerialID
00010988                _MMC_getStatus
00028c08                _MMC_get_date
00028c0c                _MMC_get_mod_date
00028c04                _MMC_get_mod_time
00028c00                _MMC_get_time
00010488                _MMC_ierDisable
00010444                _MMC_ierEnable
00010000                _MMC_init
000280a4                _MMC_initState
000104bc                _MMC_intEnable
000284fc                _MMC_issueReadCommand
00010038                _MMC_open
000125bc                _MMC_read
00028908                _MMC_readNSectors
000287ac                _MMC_readNextNWords
000286b8                _MMC_readNextWord
00028730                _MMC_readNextWord1
000281e8                _MMC_readWriteControl
00028ab8                _MMC_read_CID
00028b30                _MMC_read_CSD
00028bf4                _MMC_reset
00010948                _MMC_saveStatus
00010ec0                _MMC_selectCard
000116c8                _MMC_sendAllCID
00010bdc                _MMC_sendCmd
00010c90                _MMC_sendGoIdle
00011450                _MMC_sendOpCond
00013e2c                _MMC_setBlockLength
000102f0                _MMC_setCallBack
000102bc                _MMC_setCardPtr
00010288                _MMC_setCardType
00013c74                _MMC_setDataTransferCallback
00013cc4                _MMC_setDmaChanConfig
00013c14                _MMC_setDmaHandle
00013da4                _MMC_setEndianMode
000114f4                _MMC_setRca
00013ec4                _MMC_setWriteBlkEraseCnt
000109ec                _MMC_setupNative
00010d18                _MMC_stop
00012fd8                _MMC_write
000289e0                _MMC_writeNSectors
00028820                _MMC_writeSector
00028ba8                _MMC_writeSectorFlush
00015478                _MSC_Bulk
00014fe8                _MSC_Close
00015280                _MSC_Ctrl
00015d1c                _MSC_ExecuteRead
00016164                _MSC_ExecuteWrite
00015574                _MSC_GetLunLockedStatus
000155a8                _MSC_GetactivityFlagStatus
000155c4                _MSC_GetsuspendFlagStatus
00016a0c                _MSC_HandlePreventAllowMediaRemoval
00016bc4                _MSC_HandleReadCapacity
00015a78                _MSC_HandleStateWaitForCBW
000167b4                _MSC_HandleTestUnitReady
00014c60                _MSC_Open
00014c84                _MSC_OpenFullspeed
00015024                _MSC_SetLunAttr
00017170                _MSC_handleDataDirMisMatch
0001709c                _MSC_reqBotMscReset
00016e44                _MSC_reqGetDescriptor
00017108                _MSC_sendCswWithPhaseError
00022fe0                _NAND_checkCommandStatus
000231b4                _NAND_disableHwECC
0002308c                _NAND_enableHwECC
00022dcc                _NAND_getBankInfo
00023934                _NAND_getIntrNum
00023814                _NAND_hasCacheProg
00023844                _NAND_hasCopyBack
000237b4                _NAND_hasRandomRead
000237e4                _NAND_hasRandomWrite
0002281c                _NAND_init
00023a1c                _NAND_intrClear
000238d4                _NAND_intrDisable
00023874                _NAND_intrEnable
00023954                _NAND_intrReadAT
00023994                _NAND_intrReadLT
000239d8                _NAND_intrReadWR
00022ecc                _NAND_isStatusWriteProtected
0002329c                _NAND_readECC
00023450                _NAND_readNBytes
00022fb4                _NAND_sendCommand
00023048                _NAND_setAddress
00022e90                _NAND_setLatchEnableOffset
000228b0                _NAND_setup
000235a4                _NAND_writeNBytes
            000053e9    _PC_REG_HIGH_RESTORE
            000053eb    _PC_REG_HIGH_SAVE
            000053ea    _PC_REG_LOW_RESTORE
            000053ec    _PC_REG_LOW_SAVE
00031d54                _PLL_bypass
00031bc0                _PLL_config
00031cec                _PLL_enable
00031b88                _PLL_init
00031da4                _PLL_reset
0004cf00                _RST
00035370                _RTC_Isr
0002a970                _RTC_bcdToDec
0002a2a0                _RTC_config
0002a930                _RTC_decToBcd
0002a828                _RTC_eventDisable
0002a73c                _RTC_eventEnable
0002a38c                _RTC_getConfig
0002a574                _RTC_getDate
0002a8dc                _RTC_getEventId
0002a4b8                _RTC_getTime
0002a264                _RTC_reset
0002a5b4                _RTC_setAlarm
0002a9b0                _RTC_setCallback
0002aa40                _RTC_setCompensation
0002a504                _RTC_setDate
0002a688                _RTC_setPeriodicInterval
0002a43c                _RTC_setTime
0002a274                _RTC_start
0002a298                _RTC_stop
            00004dec    _RcvL_Sine
            00004e1c    _RcvR_Sine
0004ce00                _Reset
000291d8                _SAR_A2DMeasParamSet
00029654                _SAR_GPODirSet
00028d44                _SAR_chanClose
00028dc8                _SAR_chanConfig
000290c8                _SAR_chanCycSet
00028cc4                _SAR_chanInit
00028ce0                _SAR_chanOpen
00028eb4                _SAR_chanSetup
00028ca4                _SAR_deInit
00028e40                _SAR_getConfig
00029730                _SAR_getStatus
00028c44                _SAR_init
00029194                _SAR_readData
00029118                _SAR_startConversion
0002914c                _SAR_stopConversion
00018184                _SDIO_clearResponse
000172f8                _SDIO_close
00017320                _SDIO_config
00017d98                _SDIO_deselectCard
000173f8                _SDIO_detectCard
0001855c                _SDIO_eventDisable
00018334                _SDIO_eventEnable
00017cd0                _SDIO_getRca
00017ff0                _SDIO_getResponse
000182c8                _SDIO_getSdioStatus
00018260                _SDIO_getStatus
000171ec                _SDIO_init
00017764                _SDIO_initCard
0001722c                _SDIO_open
00019274                _SDIO_readBlocks
000189f0                _SDIO_readBytes
000187c4                _SDIO_readSingleByte
0001878c                _SDIO_readWaitDisable
00018754                _SDIO_readWaitEnable
00017be8                _SDIO_resetCard
00017e58                _SDIO_selectCard
00017f1c                _SDIO_sendCommand
00019b88                _SDIO_setClock
00019b08                _SDIO_setEndianMode
000196b4                _SDIO_writeBlocks
00018e34                _SDIO_writeBytes
000188f0                _SDIO_writeSingleByte
00014260                _SD_configurePullup
00011ee0                _SD_getCardCsd
000118a0                _SD_sendAllCID
000115cc                _SD_sendRca
00013ff4                _SD_setBusWidth
0002d1c0                _SPI_close
0002d1ec                _SPI_config
0002d688                _SPI_dataTransaction
0002d474                _SPI_deInit
0002d128                _SPI_init
0002d18c                _SPI_open
0002d4a0                _SPI_read
0002d590                _SPI_write
            000053e4    _STATUS0_HIGH
            000053e3    _STATUS0_LOW
            000053e6    _STATUS1_HIGH
            000053e5    _STATUS1_LOW
            000053e8    _STATUS2_HIGH
            000053e7    _STATUS2_LOW
0002b6ac                _SYS_GlobalIntDisable
0002b6a4                _SYS_GlobalIntEnable
            000054ec    _SarHandle
            000054e8    _SarObj
            000053c6    _Ssave_xsp
            000053c8    _Ssave_xssp
00035310                _StartTimer0
0002b9dc                _StartUpTask
0002ba30                _TestTask1
            00005406    _TestTask1Handle
0002ba64                _TestTask2
            00005408    _TestTask2Handle
0002ba98                _TestTask3
            0000540a    _TestTask3Handle
0002bacc                _TestTask4
            0000540c    _TestTask4Handle
000352cc                _Timer0Init
            00005514    _Timer0_Int_CTR
            00005515    _Timer2_Int_CTR
00033f4c                _Timer_isr
0002406c                _UART_config
000243ac                _UART_eventDisable
00024314                _UART_eventEnable
000246ec                _UART_fgetc
00024814                _UART_fgets
0002478c                _UART_fputc
00024944                _UART_fputs
00024a5c                _UART_getConfig
00024a34                _UART_getEventId
00023b08                _UART_init
0002443c                _UART_read
00024280                _UART_reset
000242c8                _UART_resetOff
00024b1c                _UART_setCallback
00023bc4                _UART_setup
00024174                _UART_setupBaudRate
00024568                _UART_write
0001b3cc                _USB_abortAllTransaction
0001b270                _USB_abortTransaction
0001accc                _USB_bytesRemaining
0001aed0                _USB_clearEndptStall
0001b424                _USB_connectDev
0001b958                _USB_coreEventProcessEp0
0001b458                _USB_disconnectDev
0001b134                _USB_epNumToHandle
0001b7d4                _USB_findFifoSize
0001b77c                _USB_getDataCountReadFromFifo
0001b0b4                _USB_getEndptStall
0001a908                _USB_getEvents
0001b568                _USB_getFrameNo
0001b728                _USB_getMaxPower
0001b4b8                _USB_getRemoteWakeupStat
0001a9e8                _USB_getSetupPacket
00019ec8                _USB_init
0001a524                _USB_initEndptObj
0001b634                _USB_initPLL
0001ac48                _USB_isTransactionDone
0001b4d0                _USB_issueRemoteWakeup
0001a97c                _USB_peekEvents
0001aa90                _USB_postTransaction
0001a2f4                _USB_resetDev
0001b5c8                _USB_selfwakeup
0001b520                _USB_setDevAddr
0001b748                _USB_setFullSpeedMode
0001b6b8                _USB_setParams
0001b488                _USB_setRemoteWakeup
0001ad60                _USB_stallEndpt
0001b584                _USB_suspendDevice
0004cf00                _VECSTART
00032460                _WDTIM_close
000324d8                _WDTIM_config
00032430                _WDTIM_getCnt
00032544                _WDTIM_getConfig
00032328                _WDTIM_open
000324a4                _WDTIM_service
000323a0                _WDTIM_start
000323e8                _WDTIM_stop
            00004d2c    _XmitL_Sine_1K
            00004d5c    _XmitL_Sine_2K
            00004d8c    _XmitR_Sine_1K
            00004dbc    _XmitR_Sine_2K
            00020364    __CIOBUF_
            00001060    __STACK_END
00002000                __STACK_SIZE
00005000                __SYSMEM_SIZE
00001000                __SYSSTACK_SIZE
00000001                __TI_args_main
ffffffff                ___binit__
ffffffff                ___bss__
ffffffff                ___c_args__
            00020000    ___cinit__
ffffffff                ___data__
ffffffff                ___edata__
ffffffff                ___end__
ffffffff                ___etext__
0003565b                ___isinf
ffffffff                ___pinit__
ffffffff                ___text__
000327ec                __addd
0003540b                __args_main
000321c9                __cleanup
            0000550e    __cleanup_ptr
00033425                __cmpd
            00005862    __ctypes_
000307a2                __divd
000354a1                __divli
000327b7                __divlli
0003560e                __divu
000349c6                __divul
000326c3                __divull
000346ff                __doflush
            00005510    __dtors_ptr
000333f1                __eqld
000355e4                __fixdi
0003500c                __fixdli
00035153                __fltlid
000356e0                __fltud
00035216                __fltuld
00034eb1                __frcmpyd
00034f27                __frcmpyd_div
            00004f68    __ft_end
            00004e50    __ftable
000333a7                __geqd
0003335c                __gtrd
0003330f                __leqd
            0000550a    __lock
000332c7                __lssd
00033dff                __mpyd
00035689                __mpyli
0003260b                __mpylli
000356d0                __negd
00033293                __neqd
000356ac                __nop
00021362                __printfi
000345d2                __rd_ok
000356a4                __register_lock
0003569c                __register_unlock
00035456                __remli
000325dc                __remlli
00035623                __remu
00034f9a                __remul
0003258e                __remull
            00000060    __stack
00035675                __subd
            00001860    __sys_memory
            00001060    __sysstack
            00004ec8    __tmpnams
            0000550c    __unlock
00034552                __wrt_ok
0001fff7                _abort
0002ebe7                _add_device
000351ba                _atoi
000353be                _auto_init
0002b890                _blueLedToggle
            000053f8    _blueTaskHandle
000355b0                _c_int00
            00004564    _cached_phySector0
            00004566    _cached_phySector1
            00004568    _cached_phySector2
            0000456a    _cached_phySector3
0002fb64                _calloc
            000051de    _cardAddr
0002fb5c                _chkheap
0002eb74                _close
            000053c4    _context_switch_counter
            00005402    _controlTaskHandle
00034358                _convert_number_to_string
00032070                _disable_i2s0
0003207e                _disable_i2s1
0003208c                _disable_i2s2
0003209a                _disable_i2s3
0001c384                _eTaskGetState
00032e90                _enable_dma_int
00032038                _enable_i2s0
00032046                _enable_i2s1
00032054                _enable_i2s2
00032062                _enable_i2s3
00034290                _enable_rtc_second_int
00035572                _exit
            000053f3    _f1KToneOn
            000053f4    _f2KToneOn
            000053f2    _fSineWave
            00005512    _fTimer
            00005513    _fTimer02
00034e36                _fclose
00034768                _fflush
0002eb6b                _find_registered_device
            000053c5    _first_flag
            000053ca    _first_save_xsp
            000053cc    _first_save_xssp
000322ec                _fopen
0003487b                _fputc
00033c9c                _fputs
0002f6d5                _free
0002fb06                _free_memory
00032223                _freopen
            00005450    _fsError
000350e8                _fseek
            00004c46    _gBulkInTransfer
            00004c54    _gBulkOutTransfer
            00004c38    _gCtrlTransfer
            00004c8c    _gEpStatus
            0000549c    _gI2cObj
            00004c7e    _gIntInTransfer
            00004c62    _gIsoInTransfer
            00004c70    _gIsoOutTransfer
            00004162    _gNextPhySector
            00004060    _gReadBuf
            00004b70    _gUsbContext
            00004d1c    _gUsbEpHandle
            00004160    _gWordCount
            00004164    _gWriteBuf
0002ecd7                _getenv
            000053fc    _greenTaskHandle
            00005500    _hGpio
            0000551a    _hI2s
            0000507a    _hSpi
            00005486    _hUart
            000054ac    _i2cHandle
00031e10                _i2s0_read_CR
00031e58                _i2s0_read_INTR
00031e5e                _i2s0_read_INT_MASK
00031e6a                _i2s0_read_RXL_LSW
00031e76                _i2s0_read_RXL_MSW
00031e82                _i2s0_read_RXR_LSW
00031e8e                _i2s0_read_RXR_MSW
00031e1c                _i2s0_read_SRGR
00031e28                _i2s0_read_TXL_LSW
00031e34                _i2s0_read_TXL_MSW
00031e40                _i2s0_read_TXR_LSW
00031e4c                _i2s0_read_TXR_MSW
00031e16                _i2s0_write_CR
00031e64                _i2s0_write_INT_MASK
00031e70                _i2s0_write_RXL_LSW
00031e7c                _i2s0_write_RXL_MSW
00031e88                _i2s0_write_RXR_LSW
00031e94                _i2s0_write_RXR_MSW
00031e22                _i2s0_write_SRGR
00031e2e                _i2s0_write_TXL_LSW
00031e3a                _i2s0_write_TXL_MSW
00031e46                _i2s0_write_TXR_LSW
00031e52                _i2s0_write_TXR_MSW
00031e9a                _i2s1_read_CR
00031ee2                _i2s1_read_INTR
00031ee8                _i2s1_read_INT_MASK
00031ef4                _i2s1_read_RXL_LSW
00031f00                _i2s1_read_RXL_MSW
00031f0c                _i2s1_read_RXR_LSW
00031f18                _i2s1_read_RXR_MSW
00031ea6                _i2s1_read_SRGR
00031eb2                _i2s1_read_TXL_LSW
00031ebe                _i2s1_read_TXL_MSW
00031eca                _i2s1_read_TXR_LSW
00031ed6                _i2s1_read_TXR_MSW
00031ea0                _i2s1_write_CR
00031eee                _i2s1_write_INT_MASK
00031efa                _i2s1_write_RXL_LSW
00031f06                _i2s1_write_RXL_MSW
00031f12                _i2s1_write_RXR_LSW
00031f1e                _i2s1_write_RXR_MSW
00031eac                _i2s1_write_SRGR
00031eb8                _i2s1_write_TXL_LSW
00031ec4                _i2s1_write_TXL_MSW
00031ed0                _i2s1_write_TXR_LSW
00031edc                _i2s1_write_TXR_MSW
00031f24                _i2s2_read_CR
00031f6c                _i2s2_read_INTR
00031f72                _i2s2_read_INT_MASK
00031f7e                _i2s2_read_RXL_LSW
00031f8a                _i2s2_read_RXL_MSW
00031f96                _i2s2_read_RXR_LSW
00031fa2                _i2s2_read_RXR_MSW
00031f30                _i2s2_read_SRGR
00031f3c                _i2s2_read_TXL_LSW
00031f48                _i2s2_read_TXL_MSW
00031f54                _i2s2_read_TXR_LSW
00031f60                _i2s2_read_TXR_MSW
00031f2a                _i2s2_write_CR
00031f78                _i2s2_write_INT_MASK
00031f84                _i2s2_write_RXL_LSW
00031f90                _i2s2_write_RXL_MSW
00031f9c                _i2s2_write_RXR_LSW
00031fa8                _i2s2_write_RXR_MSW
00031f36                _i2s2_write_SRGR
00031f42                _i2s2_write_TXL_LSW
00031f4e                _i2s2_write_TXL_MSW
00031f5a                _i2s2_write_TXR_LSW
00031f66                _i2s2_write_TXR_MSW
00031fae                _i2s3_read_CR
00031ff6                _i2s3_read_INTR
00031ffc                _i2s3_read_INT_MASK
00032008                _i2s3_read_RXL_LSW
00032014                _i2s3_read_RXL_MSW
00032020                _i2s3_read_RXR_LSW
0003202c                _i2s3_read_RXR_MSW
00031fba                _i2s3_read_SRGR
00031fc6                _i2s3_read_TXL_LSW
00031fd2                _i2s3_read_TXL_MSW
00031fde                _i2s3_read_TXR_LSW
00031fea                _i2s3_read_TXR_MSW
00031fb4                _i2s3_write_CR
00032002                _i2s3_write_INT_MASK
0003200e                _i2s3_write_RXL_LSW
0003201a                _i2s3_write_RXL_MSW
00032026                _i2s3_write_RXR_LSW
00032032                _i2s3_write_RXR_MSW
00031fc0                _i2s3_write_SRGR
00031fcc                _i2s3_write_TXL_LSW
00031fd8                _i2s3_write_TXL_MSW
00031fe4                _i2s3_write_TXR_LSW
00031ff0                _i2s3_write_TXR_MSW
            000054ee    _keyCnt1
            000054ef    _keyCnt2
            000054f6    _led_tsk_ctr
            000053f6    _led_tsks_running
0002eb05                _lseek
00034db9                _ltoa
0002b2d4                _main
0002f806                _malloc
0002faac                _max_free
            0000456d    _mem
00034630                _mem_test
00035638                _memccpy
00035533                _memcpy
000356ae                _memset
0002f7a1                _minit
            0000518e    _mmcCardObj
            000051e0    _mmcStatus
            0000518c    _mmcsdHandle
            00004161    _nbuf_cached
0002bb00                _oled_test
0002ea46                _open
            00005451    _ouError
            0000514c    _pMmcsdContObj
00022740                _pcQueueGetName
0001cb48                _pcTaskGetName
            000053b6    _portFLAGS_INT_ENABLED
            000053b7    _portFLAGS_INT_ENABLED_POPPED
            000054eb    _preKey
0003531e                _printf
00033080                _prvSetupTimerInterrupt
0003487b                _putc
00034912                _putchar
00033dd1                _puts
000354ec                _pvPortMalloc
0001d628                _pvTaskIncrementMutexHeldCount
            0000526a    _pxCurrentTCB
00032ea0                _pxPortInitialiseStack
0002e998                _read
0003507b                _readmsg
0002f8fb                _realloc
0002b8b8                _redLedToggle
            000053fa    _redTaskHandle
000356ee                _remove
0002e962                _remove_device
0002e909                _rename
0003429c                _reset_RTC
            000053bc    _restore_xsp
            000053be    _restore_xssp
            000053c0    _save_ac0
            000053c2    _save_ac1
            000053da    _save_new_pxcode
            000053db    _save_new_pxlcode
            000053d2    _save_xar1
            000053d4    _save_xar2
            000053d6    _save_xar3
            000053d8    _save_xar4
            000053d0    _save_xar6
            000053ce    _save_xar7
            000053b8    _save_xsp
            000053ba    _save_xssp
            000051bc    _sdCardCsdObj
            000051ac    _sdCardIdObj
00032d4c                _set_dma0_ch0_i2s0_Lout
00032c98                _set_dma0_ch0_stop
00032e24                _set_dma0_ch1_i2s0_Rout
00032cc8                _set_dma0_ch1_stop
00032ce0                _set_dma1_ch0_i2s2_Lout
00032c80                _set_dma1_ch0_stop
00032db8                _set_dma1_ch1_i2s2_Rout
00032cb0                _set_dma1_ch1_stop
00034c58                _set_i2s0_master
00034c8c                _set_i2s0_slave
00034c24                _set_i2s2_master
0003438c                _setvbuf
00033994                _spiflash_test
            00005268    _stackStruct
            000053dd    _stack_check_word
            00005404    _startUpTaskHandle
000356bf                _strlen
            00004b6f    _sysCtrlRegs
0002b77c                _systemInit
            000053ee    _tOne
            000053f0    _tThree
            000053ef    _tTwo
            000053ed    _tZero
            000053dc    _tickIRQctr
            00005472    _uartObj
            0000541a    _ulIdleLoops
0001d648                _ulTaskNotifyTake
0002e8d6                _unlink
            000053f1    _usCriticalNesting
            00004b6e    _usbRegisters
00033790                _uxListRemove
000222ac                _uxQueueMessagesWaiting
00022344                _uxQueueMessagesWaitingFromISR
000222f4                _uxQueueSpacesAvailable
0001cb40                _uxTaskGetNumberOfTasks
0001d1f4                _uxTaskGetStackHighWaterMark
0001c468                _uxTaskPriorityGet
0001c4b0                _uxTaskPriorityGetFromISR
0001d5f8                _uxTaskResetEventItemValue
0002b600                _vApplicationIdleHook
0002b808                _vApplicationMallocFailedHook
0002b810                _vApplicationStackOverflowHook
0002d6fc                _vCreateBlockTimeTasks
0002e1d4                _vEventGroupClearBitsCallback
0002e160                _vEventGroupDelete
0002e1c0                _vEventGroupSetBitsCallback
00033644                _vListInitialise
00033688                _vListInitialiseItem
000336f0                _vListInsert
0003369c                _vListInsertEnd
00034a68                _vParTestInitialise
00034a6c                _vParTestSetLED
00034a84                _vParTestToggleLED
0003307c                _vPortEndScheduler
00035514                _vPortFree
0002c78f                _vPortYield
000226d0                _vQueueAddToRegistry
00022364                _vQueueDelete
00032ba4                _vQueueOverwritePeriodicISRDemo
000227a8                _vQueueUnregisterQueue
0002ffbc                _vStartDynamicPriorityTasks
0003418c                _vStartIntegerMathTasks
00034474                _vStartLEDFlashTasks
000303b8                _vStartMathTasks
00033480                _vStartPolledQueueTasks
00032a48                _vStartQueueOverwriteTask
0002fb8c                _vStartQueuePeekTasks
00031578                _vStartSemaphoreTasks
000297f0                _vStreamBufferDelete
0001c344                _vTaskDelay
0001c280                _vTaskDelayUntil
0001c1a8                _vTaskDelete
0001c9a4                _vTaskEndScheduler
0001d598                _vTaskEnterCritical
0001d5c0                _vTaskExitCritical
0001cfb4                _vTaskInternalSetTimeOutState
0001d09c                _vTaskMissedYield
0001db44                _vTaskNotifyGiveFromISR
0001cd88                _vTaskPlaceOnEventList
0001cdb8                _vTaskPlaceOnUnorderedEventList
0001d480                _vTaskPriorityDisinheritAfterTimeout
0001c4d4                _vTaskPrioritySet
0001cebc                _vTaskRemoveFromUnorderedEventList
0001c7d0                _vTaskResume
0001cf60                _vTaskSetTimeOutState
0001c938                _vTaskStartScheduler
0001c650                _vTaskSuspend
0001c9b8                _vTaskSuspendAll
0001ccd4                _vTaskSwitchContext
0002c46c                _vTickISR
            00005266    _wall_clk_ctr
0002e794                _write
000347c1                _writemsg
0002dc60                _xAreBlockTimeTestTasksStillRunning
00030358                _xAreDynamicPriorityTasksStillRunning
00034260                _xAreIntegerMathsTaskStillRunning
00030768                _xAreMathsTaskStillRunning
00033618                _xArePollingQueuesStillRunning
0002ff84                _xAreQueuePeekTasksStillRunning
0003181c                _xAreSemaphoreTasksStillRunning
            000053de    _xCompareTCB
0002df90                _xEventGroupClearBits
0002dcb0                _xEventGroupCreate
0002e008                _xEventGroupGetBitsFromISR
0002e028                _xEventGroupSetBits
0002dcd8                _xEventGroupSync
0002de24                _xEventGroupWaitBits
            000054c6    _xHighPriorityTask
            000054c8    _xHighestPriorityTask
00032b74                _xIsQueueOverwriteTaskStillRunning
            000054c4    _xMediumPriorityTask
0002c320                _xPortStartScheduler
00021828                _xQueueCreateCountingSemaphore
0002175c                _xQueueCreateMutex
00021688                _xQueueGenericCreate
000215a4                _xQueueGenericReset
00021870                _xQueueGenericSend
00021a44                _xQueueGenericSendFromISR
00021b1c                _xQueueGiveFromISR
0002177c                _xQueueGiveMutexRecursive
0002262c                _xQueueIsQueueEmptyFromISR
000226a0                _xQueueIsQueueFullFromISR
00021fc4                _xQueuePeek
0002222c                _xQueuePeekFromISR
00021be0                _xQueueReceive
00022178                _xQueueReceiveFromISR
            00005452    _xQueueRegistry
00021d90                _xQueueSemaphoreTake
000217d4                _xQueueTakeMutexRecursive
            00005410    _xSemaphoreB
            00005418    _xSemaphoreBaton
            00005414    _xSemaphoreO
            0000540e    _xSemaphoreR
            00005416    _xSemaphoreXF
            00005412    _xSemaphoreY
0002991c                _xStreamBufferBytesAvailable
00029770                _xStreamBufferGenericCreate
00029e5c                _xStreamBufferIsEmpty
00029e8c                _xStreamBufferIsFull
00029cf4                _xStreamBufferNextMessageLengthBytes
00029bc0                _xStreamBufferReceive
00029f20                _xStreamBufferReceiveCompletedFromISR
00029d60                _xStreamBufferReceiveFromISR
00029820                _xStreamBufferReset
0002993c                _xStreamBufferSend
00029ecc                _xStreamBufferSendCompletedFromISR
00029ab0                _xStreamBufferSendFromISR
00029898                _xStreamBufferSetTriggerLevel
000298d4                _xStreamBufferSpacesAvailable
            000054b8    _xSuspendedTestQueue
0001cfd4                _xTaskCheckForTimeOut
0001be14                _xTaskCreate
0001d818                _xTaskGenericNotify
0001d9ac                _xTaskGenericNotifyFromISR
0001d28c                _xTaskGetCurrentTaskHandle
0001caec                _xTaskGetTickCount
0001cb28                _xTaskGetTickCountFromISR
0001cb70                _xTaskIncrementTick
0001dc2c                _xTaskNotifyStateClear
0001d71c                _xTaskNotifyWait
0001d3b8                _xTaskPriorityDisinherit
0001d2a0                _xTaskPriorityInherit
0001ce10                _xTaskRemoveFromEventList
0001c9c4                _xTaskResumeAll
0001c894                _xTaskResumeFromISR
            00005400    _xf2TaskHandle
            000053fe    _xfTaskHandle
ffffffff                binit
            00020000    cinit
ffffffff                edata
ffffffff                end
ffffffff                etext
ffffffff                pinit
00034d3a                reset_isr


GLOBAL SYMBOLS: SORTED BY Symbol Address 

abs. value/
byte addr   word addr   name
---------   ---------   ----
00000001                $TI_capability_requires_rev3
00000001                __TI_args_main
00000002                $TI_capability$C5500$CallingConvention
00000002                $TI_capability$C5500$MemoryModel
            00000060    __stack
00001000                __SYSSTACK_SIZE
00002000                __STACK_SIZE
            00001060    __STACK_END
            00001060    __sysstack
            00001860    __sys_memory
00005000                __SYSMEM_SIZE
            00004060    _gReadBuf
            00004160    _gWordCount
            00004161    _nbuf_cached
            00004162    _gNextPhySector
            00004164    _gWriteBuf
            00004564    _cached_phySector0
            00004566    _cached_phySector1
            00004568    _cached_phySector2
            0000456a    _cached_phySector3
            0000456c    _ATA_No_Swap
            0000456d    _mem
            00004b6e    _usbRegisters
            00004b6f    _sysCtrlRegs
            00004b70    _gUsbContext
            00004c38    _gCtrlTransfer
            00004c46    _gBulkInTransfer
            00004c54    _gBulkOutTransfer
            00004c62    _gIsoInTransfer
            00004c70    _gIsoOutTransfer
            00004c7e    _gIntInTransfer
            00004c8c    _gEpStatus
            00004d1c    _gUsbEpHandle
            00004d2c    _XmitL_Sine_1K
            00004d5c    _XmitL_Sine_2K
            00004d8c    _XmitR_Sine_1K
            00004dbc    _XmitR_Sine_2K
            00004dec    _RcvL_Sine
            00004e1c    _RcvR_Sine
            00004e4c    _DMA_Count
            00004e4d    _Error_Count_L
            00004e4e    _Error_Count_R
            00004e4f    _DMA_Done
            00004e50    __ftable
            00004ec8    __tmpnams
            00004f68    __ft_end
            0000507a    _hSpi
            0000514c    _pMmcsdContObj
            0000518c    _mmcsdHandle
            0000518e    _mmcCardObj
            000051ac    _sdCardIdObj
            000051bc    _sdCardCsdObj
            000051de    _cardAddr
            000051e0    _mmcStatus
            00005266    _wall_clk_ctr
            00005268    _stackStruct
            0000526a    _pxCurrentTCB
            00005355    _I2S_RCV_L
            00005385    _I2S_RCV_R
            000053b5    _Buf_Address
            000053b6    _portFLAGS_INT_ENABLED
            000053b7    _portFLAGS_INT_ENABLED_POPPED
            000053b8    _save_xsp
            000053ba    _save_xssp
            000053bc    _restore_xsp
            000053be    _restore_xssp
            000053c0    _save_ac0
            000053c2    _save_ac1
            000053c4    _context_switch_counter
            000053c5    _first_flag
            000053c6    _Ssave_xsp
            000053c8    _Ssave_xssp
            000053ca    _first_save_xsp
            000053cc    _first_save_xssp
            000053ce    _save_xar7
            000053d0    _save_xar6
            000053d2    _save_xar1
            000053d4    _save_xar2
            000053d6    _save_xar3
            000053d8    _save_xar4
            000053da    _save_new_pxcode
            000053db    _save_new_pxlcode
            000053dc    _tickIRQctr
            000053dd    _stack_check_word
            000053de    _xCompareTCB
            000053e0    _DBSTAT_SAVE
            000053e1    _DBSTAT_RESTORE
            000053e2    _LOOP_BITS
            000053e3    _STATUS0_LOW
            000053e4    _STATUS0_HIGH
            000053e5    _STATUS1_LOW
            000053e6    _STATUS1_HIGH
            000053e7    _STATUS2_LOW
            000053e8    _STATUS2_HIGH
            000053e9    _PC_REG_HIGH_RESTORE
            000053ea    _PC_REG_LOW_RESTORE
            000053eb    _PC_REG_HIGH_SAVE
            000053ec    _PC_REG_LOW_SAVE
            000053ed    _tZero
            000053ee    _tOne
            000053ef    _tTwo
            000053f0    _tThree
            000053f1    _usCriticalNesting
            000053f2    _fSineWave
            000053f3    _f1KToneOn
            000053f4    _f2KToneOn
            000053f6    _led_tsks_running
            000053f8    _blueTaskHandle
            000053fa    _redTaskHandle
            000053fc    _greenTaskHandle
            000053fe    _xfTaskHandle
            00005400    _xf2TaskHandle
            00005402    _controlTaskHandle
            00005404    _startUpTaskHandle
            00005406    _TestTask1Handle
            00005408    _TestTask2Handle
            0000540a    _TestTask3Handle
            0000540c    _TestTask4Handle
            0000540e    _xSemaphoreR
            00005410    _xSemaphoreB
            00005412    _xSemaphoreY
            00005414    _xSemaphoreO
            00005416    _xSemaphoreXF
            00005418    _xSemaphoreBaton
            0000541a    _ulIdleLoops
            00005450    _fsError
            00005451    _ouError
            00005452    _xQueueRegistry
            00005472    _uartObj
            00005486    _hUart
            00005488    _Buf_sec
            0000548b    _Buf_min
            0000548e    _Buf_hour
            00005491    _Buf_day
            00005494    _Buf_month
            00005497    _Buf_year
            0000549a    _Flag_RTC
            0000549b    _Conunt_RTC
            0000549c    _gI2cObj
            000054ac    _i2cHandle
            000054b8    _xSuspendedTestQueue
            000054c4    _xMediumPriorityTask
            000054c6    _xHighPriorityTask
            000054c8    _xHighestPriorityTask
            000054e8    _SarObj
            000054eb    _preKey
            000054ec    _SarHandle
            000054ee    _keyCnt1
            000054ef    _keyCnt2
            000054f6    _led_tsk_ctr
            000054fe    _GpioObj
            00005500    _hGpio
            00005504    _LED_Blink_ctr
            0000550a    __lock
            0000550c    __unlock
            0000550e    __cleanup_ptr
            00005510    __dtors_ptr
            00005512    _fTimer
            00005513    _fTimer02
            00005514    _Timer0_Int_CTR
            00005515    _Timer2_Int_CTR
            0000551a    _hI2s
            00005862    __ctypes_
00010000                _MMC_init
00010038                _MMC_open
00010248                _MMC_close
00010288                _MMC_setCardType
000102bc                _MMC_setCardPtr
000102f0                _MMC_setCallBack
00010330                _MMC_getNumberOfCards
00010368                _MMC_clearResponse
00010444                _MMC_ierEnable
00010488                _MMC_ierDisable
000104bc                _MMC_intEnable
000104e4                _MMC_eventEnable
000106e0                _MMC_eventDisable
000108b8                _MMC_drrdy
00010900                _MMC_dxrdy
00010948                _MMC_saveStatus
00010988                _MMC_getStatus
000109ec                _MMC_setupNative
00010aa0                _MMC_config
00010b3c                _MMC_getConfig
00010bdc                _MMC_sendCmd
00010c90                _MMC_sendGoIdle
00010d18                _MMC_stop
00010df0                _MMC_deselectCard
00010ec0                _MMC_selectCard
00011450                _MMC_sendOpCond
000114f4                _MMC_setRca
000115cc                _SD_sendRca
000116c8                _MMC_sendAllCID
000118a0                _SD_sendAllCID
00011a8c                _MMC_getCardCsd
00011ee0                _SD_getCardCsd
000125bc                _MMC_read
00012fd8                _MMC_write
00013c14                _MMC_setDmaHandle
00013c74                _MMC_setDataTransferCallback
00013cc4                _MMC_setDmaChanConfig
00013da4                _MMC_setEndianMode
00013e2c                _MMC_setBlockLength
00013ec4                _MMC_setWriteBlkEraseCnt
00013ff4                _SD_setBusWidth
00014164                _MMC_getCardStatus
00014260                _SD_configurePullup
0001438c                _MMC_checkReadDmaDone
00014c60                _MSC_Open
00014c84                _MSC_OpenFullspeed
00014fe8                _MSC_Close
00015024                _MSC_SetLunAttr
00015280                _MSC_Ctrl
00015478                _MSC_Bulk
00015574                _MSC_GetLunLockedStatus
000155a8                _MSC_GetactivityFlagStatus
000155c4                _MSC_GetsuspendFlagStatus
00015a78                _MSC_HandleStateWaitForCBW
00015d1c                _MSC_ExecuteRead
00016164                _MSC_ExecuteWrite
000167b4                _MSC_HandleTestUnitReady
00016a0c                _MSC_HandlePreventAllowMediaRemoval
00016bc4                _MSC_HandleReadCapacity
00016e44                _MSC_reqGetDescriptor
0001709c                _MSC_reqBotMscReset
00017108                _MSC_sendCswWithPhaseError
00017170                _MSC_handleDataDirMisMatch
000171ec                _SDIO_init
0001722c                _SDIO_open
000172f8                _SDIO_close
00017320                _SDIO_config
000173f8                _SDIO_detectCard
00017764                _SDIO_initCard
00017be8                _SDIO_resetCard
00017cd0                _SDIO_getRca
00017d98                _SDIO_deselectCard
00017e58                _SDIO_selectCard
00017f1c                _SDIO_sendCommand
00017ff0                _SDIO_getResponse
00018184                _SDIO_clearResponse
00018260                _SDIO_getStatus
000182c8                _SDIO_getSdioStatus
00018334                _SDIO_eventEnable
0001855c                _SDIO_eventDisable
00018754                _SDIO_readWaitEnable
0001878c                _SDIO_readWaitDisable
000187c4                _SDIO_readSingleByte
000188f0                _SDIO_writeSingleByte
000189f0                _SDIO_readBytes
00018e34                _SDIO_writeBytes
00019274                _SDIO_readBlocks
000196b4                _SDIO_writeBlocks
00019b08                _SDIO_setEndianMode
00019b88                _SDIO_setClock
00019ec8                _USB_init
0001a2f4                _USB_resetDev
0001a524                _USB_initEndptObj
0001a908                _USB_getEvents
0001a97c                _USB_peekEvents
0001a9e8                _USB_getSetupPacket
0001aa90                _USB_postTransaction
0001ac48                _USB_isTransactionDone
0001accc                _USB_bytesRemaining
0001ad60                _USB_stallEndpt
0001aed0                _USB_clearEndptStall
0001b0b4                _USB_getEndptStall
0001b134                _USB_epNumToHandle
0001b270                _USB_abortTransaction
0001b3cc                _USB_abortAllTransaction
0001b424                _USB_connectDev
0001b458                _USB_disconnectDev
0001b488                _USB_setRemoteWakeup
0001b4b8                _USB_getRemoteWakeupStat
0001b4d0                _USB_issueRemoteWakeup
0001b520                _USB_setDevAddr
0001b568                _USB_getFrameNo
0001b584                _USB_suspendDevice
0001b5c8                _USB_selfwakeup
0001b634                _USB_initPLL
0001b6b8                _USB_setParams
0001b728                _USB_getMaxPower
0001b748                _USB_setFullSpeedMode
0001b77c                _USB_getDataCountReadFromFifo
0001b7d4                _USB_findFifoSize
0001b958                _USB_coreEventProcessEp0
0001be14                _xTaskCreate
0001c1a8                _vTaskDelete
0001c280                _vTaskDelayUntil
0001c344                _vTaskDelay
0001c384                _eTaskGetState
0001c468                _uxTaskPriorityGet
0001c4b0                _uxTaskPriorityGetFromISR
0001c4d4                _vTaskPrioritySet
0001c650                _vTaskSuspend
0001c7d0                _vTaskResume
0001c894                _xTaskResumeFromISR
0001c938                _vTaskStartScheduler
0001c9a4                _vTaskEndScheduler
0001c9b8                _vTaskSuspendAll
0001c9c4                _xTaskResumeAll
0001caec                _xTaskGetTickCount
0001cb28                _xTaskGetTickCountFromISR
0001cb40                _uxTaskGetNumberOfTasks
0001cb48                _pcTaskGetName
0001cb70                _xTaskIncrementTick
0001ccd4                _vTaskSwitchContext
0001cd88                _vTaskPlaceOnEventList
0001cdb8                _vTaskPlaceOnUnorderedEventList
0001ce10                _xTaskRemoveFromEventList
0001cebc                _vTaskRemoveFromUnorderedEventList
0001cf60                _vTaskSetTimeOutState
0001cfb4                _vTaskInternalSetTimeOutState
0001cfd4                _xTaskCheckForTimeOut
0001d09c                _vTaskMissedYield
0001d1f4                _uxTaskGetStackHighWaterMark
0001d28c                _xTaskGetCurrentTaskHandle
0001d2a0                _xTaskPriorityInherit
0001d3b8                _xTaskPriorityDisinherit
0001d480                _vTaskPriorityDisinheritAfterTimeout
[...]
00027ed8                _I2C_eventDisable
00027ff8                _I2C_setCallback
00028088                _I2C_getEventId
000280a4                _MMC_initState
000281e8                _MMC_readWriteControl
000284fc                _MMC_issueReadCommand
000286b8                _MMC_readNextWord
00028730                _MMC_readNextWord1
000287ac                _MMC_readNextNWords
00028820                _MMC_writeSector
00028908                _MMC_readNSectors
000289e0                _MMC_writeNSectors
00028ab8                _MMC_read_CID
00028b30                _MMC_read_CSD
00028ba8                _MMC_writeSectorFlush
00028bb4                _MMC_commandReadyStatusCheck
00028bc0                _MMC_dataReadyStatusCheck
00028bcc                _MMC_busyStatusCheck
00028bd8                _MMC_getSerialID
00028be8                _MMC_file_system_format
00028bf4                _MMC_reset
00028c00                _MMC_get_time
00028c04                _MMC_get_mod_time
00028c08                _MMC_get_date
00028c0c                _MMC_get_mod_date
00028c10                _MMC_flushFat
00028c44                _SAR_init
00028ca4                _SAR_deInit
00028cc4                _SAR_chanInit
00028ce0                _SAR_chanOpen
00028d44                _SAR_chanClose
00028dc8                _SAR_chanConfig
00028e40                _SAR_getConfig
00028eb4                _SAR_chanSetup
000290c8                _SAR_chanCycSet
00029118                _SAR_startConversion
0002914c                _SAR_stopConversion
00029194                _SAR_readData
000291d8                _SAR_A2DMeasParamSet
00029654                _SAR_GPODirSet
00029730                _SAR_getStatus
00029770                _xStreamBufferGenericCreate
000297f0                _vStreamBufferDelete
00029820                _xStreamBufferReset
00029898                _xStreamBufferSetTriggerLevel
000298d4                _xStreamBufferSpacesAvailable
0002991c                _xStreamBufferBytesAvailable
0002993c                _xStreamBufferSend
00029ab0                _xStreamBufferSendFromISR
00029bc0                _xStreamBufferReceive
00029cf4                _xStreamBufferNextMessageLengthBytes
00029d60                _xStreamBufferReceiveFromISR
00029e5c                _xStreamBufferIsEmpty
00029e8c                _xStreamBufferIsFull
00029ecc                _xStreamBufferSendCompletedFromISR
00029f20                _xStreamBufferReceiveCompletedFromISR
0002a264                _RTC_reset
0002a274                _RTC_start
0002a298                _RTC_stop
0002a2a0                _RTC_config
0002a38c                _RTC_getConfig
0002a43c                _RTC_setTime
0002a4b8                _RTC_getTime
0002a504                _RTC_setDate
0002a574                _RTC_getDate
0002a5b4                _RTC_setAlarm
0002a688                _RTC_setPeriodicInterval
0002a73c                _RTC_eventEnable
0002a828                _RTC_eventDisable
0002a8dc                _RTC_getEventId
0002a930                _RTC_decToBcd
0002a970                _RTC_bcdToDec
0002a9b0                _RTC_setCallback
0002aa40                _RTC_setCompensation
0002aa8c                _LCD_init
0002aab4                _LCD_open
0002aaf8                _LCD_setup
0002af64                _LCD_configDMA
0002b2b4                _LCD_close
0002b2d4                _main
0002b600                _vApplicationIdleHook
0002b634                _InitSystem
0002b69c                _ConfigPort
0002b6a4                _SYS_GlobalIntEnable
0002b6ac                _SYS_GlobalIntDisable
0002b6b8                _BlinkLED
0002b6f0                _GenerateAudioTone
0002b77c                _systemInit
0002b808                _vApplicationMallocFailedHook
0002b810                _vApplicationStackOverflowHook
0002b820                _LED_TaskBlue
0002b858                _LED_TaskRed
0002b890                _blueLedToggle
0002b8b8                _redLedToggle
0002b8e4                _LED_TaskXF
0002b92c                _LED_TaskGreen
0002b97c                _LED_Control
0002b9b0                _LED_TaskXF2
0002b9dc                _StartUpTask
0002ba30                _TestTask1
0002ba64                _TestTask2
0002ba98                _TestTask3
0002bacc                _TestTask4
0002bb00                _oled_test
0002c320                _xPortStartScheduler
0002c46c                _vTickISR
0002c78f                _vPortYield
0002ca90                _GPIO_open
0002cad4                _GPIO_close
0002caf8                _GPIO_config
0002cb80                _GPIO_getConfig
0002cc08                _GPIO_read
0002cc8c                _GPIO_write
0002cd30                _GPIO_configBit
0002ce78                _GPIO_disableInt
0002cef8                _GPIO_enableInt
0002cf84                _GPIO_clearInt
0002d010                _GPIO_statusBit
0002d098                _GPIO_reset
0002d128                _SPI_init
0002d18c                _SPI_open
0002d1c0                _SPI_close
0002d1ec                _SPI_config
0002d474                _SPI_deInit
0002d4a0                _SPI_read
0002d590                _SPI_write
0002d688                _SPI_dataTransaction
0002d6fc                _vCreateBlockTimeTasks
0002dc60                _xAreBlockTimeTestTasksStillRunning
0002dcb0                _xEventGroupCreate
0002dcd8                _xEventGroupSync
0002de24                _xEventGroupWaitBits
0002df90                _xEventGroupClearBits
0002e008                _xEventGroupGetBitsFromISR
0002e028                _xEventGroupSetBits
0002e160                _vEventGroupDelete
0002e1c0                _vEventGroupSetBitsCallback
0002e1d4                _vEventGroupClearBitsCallback
0002e224                _IRQ_init
0002e2c0                _IRQ_clear
0002e32c                _IRQ_clearAll
0002e33c                _IRQ_config
0002e3d0                _IRQ_getConfig
0002e464                _IRQ_disable
0002e4e4                _IRQ_disableAll
0002e4f4                _IRQ_enable
0002e580                _IRQ_restore
0002e5f0                _IRQ_getArg
0002e638                _IRQ_setArg
0002e66c                _IRQ_map
0002e6a0                _IRQ_setVecs
0002e6d4                _IRQ_test
0002e748                _IRQ_globalDisable
0002e764                _IRQ_globalEnable
0002e780                _IRQ_globalRestore
0002e794                _write
0002e8d6                _unlink
0002e909                _rename
0002e962                _remove_device
0002e998                _read
0002ea46                _open
0002eb05                _lseek
0002eb6b                _find_registered_device
0002eb74                _close
0002ebe7                _add_device
0002ecd7                _getenv
0002ed52                _HOSTwrite
0002eddf                _HOSTunlink
0002ee49                _HOSTtime
0002eea7                _HOSTrename
0002ef55                _HOSTread
0002efe2                _HOSTopen
0002f081                _HOSTlseek
0002f136                _HOSTclose
0002f1a1                _HOSTclock
0002f200                _EZDSP5535_SDCARD_init
0002f5a8                _EZDSP5535_SDCARD_read
0002f5dc                _EZDSP5535_SDCARD_write
0002f610                _EZDSP5535_SDCARD_close
0002f6d5                _free
0002f7a1                _minit
0002f806                _malloc
0002f8fb                _realloc
0002faac                _max_free
0002fb06                _free_memory
0002fb5c                _chkheap
0002fb64                _calloc
0002fb8c                _vStartQueuePeekTasks
0002ff84                _xAreQueuePeekTasksStillRunning
0002ffbc                _vStartDynamicPriorityTasks
00030358                _xAreDynamicPriorityTasksStillRunning
000303b8                _vStartMathTasks
00030768                _xAreMathsTaskStillRunning
000307a2                __divd
00030b70                _EZDSP5535_SPIFLASH_init
00030bd4                _EZDSP5535_SPIFLASH_status
00030c18                _EZDSP5535_SPIFLASH_erase
00030d1c                _EZDSP5535_SPIFLASH_read
00030dcc                _EZDSP5535_SPIFLASH_write
00030f34                _MEM_init
00030f38                _MEM_enableRetentionMode
00030f7c                _MEM_disableRetentionMode
00030fc0                _MEM_enablePartialRetentionMode
0003110c                _MEM_disablePartialRetentionMode
00031230                _MEM_setmSDRAMClock
0003126c                _MEM_getmSDRAMClock
00031280                _GPT_open
00031344                _GPT_reset
000313c0                _GPT_close
00031438                _GPT_start
00031468                _GPT_stop
00031494                _GPT_getCnt
000314d0                _GPT_config
00031578                _vStartSemaphoreTasks
0003181c                _xAreSemaphoreTasksStillRunning
0003186c                _AIC3254_init
00031b88                _PLL_init
00031bc0                _PLL_config
00031cec                _PLL_enable
00031d54                _PLL_bypass
00031da4                _PLL_reset
00031e10                _i2s0_read_CR
00031e16                _i2s0_write_CR
00031e1c                _i2s0_read_SRGR
00031e22                _i2s0_write_SRGR
00031e28                _i2s0_read_TXL_LSW
00031e2e                _i2s0_write_TXL_LSW
00031e34                _i2s0_read_TXL_MSW
00031e3a                _i2s0_write_TXL_MSW
00031e40                _i2s0_read_TXR_LSW
00031e46                _i2s0_write_TXR_LSW
00031e4c                _i2s0_read_TXR_MSW
00031e52                _i2s0_write_TXR_MSW
00031e58                _i2s0_read_INTR
00031e5e                _i2s0_read_INT_MASK
00031e64                _i2s0_write_INT_MASK
00031e6a                _i2s0_read_RXL_LSW
00031e70                _i2s0_write_RXL_LSW
00031e76                _i2s0_read_RXL_MSW
00031e7c                _i2s0_write_RXL_MSW
00031e82                _i2s0_read_RXR_LSW
00031e88                _i2s0_write_RXR_LSW
00031e8e                _i2s0_read_RXR_MSW
00031e94                _i2s0_write_RXR_MSW
00031e9a                _i2s1_read_CR
00031ea0                _i2s1_write_CR
00031ea6                _i2s1_read_SRGR
00031eac                _i2s1_write_SRGR
00031eb2                _i2s1_read_TXL_LSW
00031eb8                _i2s1_write_TXL_LSW
00031ebe                _i2s1_read_TXL_MSW
00031ec4                _i2s1_write_TXL_MSW
00031eca                _i2s1_read_TXR_LSW
00031ed0                _i2s1_write_TXR_LSW
00031ed6                _i2s1_read_TXR_MSW
00031edc                _i2s1_write_TXR_MSW
00031ee2                _i2s1_read_INTR
00031ee8                _i2s1_read_INT_MASK
00031eee                _i2s1_write_INT_MASK
00031ef4                _i2s1_read_RXL_LSW
00031efa                _i2s1_write_RXL_LSW
00031f00                _i2s1_read_RXL_MSW
00031f06                _i2s1_write_RXL_MSW
00031f0c                _i2s1_read_RXR_LSW
00031f12                _i2s1_write_RXR_LSW
00031f18                _i2s1_read_RXR_MSW
00031f1e                _i2s1_write_RXR_MSW
00031f24                _i2s2_read_CR
00031f2a                _i2s2_write_CR
00031f30                _i2s2_read_SRGR
00031f36                _i2s2_write_SRGR
00031f3c                _i2s2_read_TXL_LSW
00031f42                _i2s2_write_TXL_LSW
00031f48                _i2s2_read_TXL_MSW
00031f4e                _i2s2_write_TXL_MSW
00031f54                _i2s2_read_TXR_LSW
00031f5a                _i2s2_write_TXR_LSW
00031f60                _i2s2_read_TXR_MSW
00031f66                _i2s2_write_TXR_MSW
00031f6c                _i2s2_read_INTR
00031f72                _i2s2_read_INT_MASK
00031f78                _i2s2_write_INT_MASK
00031f7e                _i2s2_read_RXL_LSW
00031f84                _i2s2_write_RXL_LSW
00031f8a                _i2s2_read_RXL_MSW
00031f90                _i2s2_write_RXL_MSW
00031f96                _i2s2_read_RXR_LSW
00031f9c                _i2s2_write_RXR_LSW
00031fa2                _i2s2_read_RXR_MSW
00031fa8                _i2s2_write_RXR_MSW
00031fae                _i2s3_read_CR
00031fb4                _i2s3_write_CR
00031fba                _i2s3_read_SRGR
00031fc0                _i2s3_write_SRGR
00031fc6                _i2s3_read_TXL_LSW
00031fcc                _i2s3_write_TXL_LSW
00031fd2                _i2s3_read_TXL_MSW
00031fd8                _i2s3_write_TXL_MSW
00031fde                _i2s3_read_TXR_LSW
00031fe4                _i2s3_write_TXR_LSW
00031fea                _i2s3_read_TXR_MSW
00031ff0                _i2s3_write_TXR_MSW
00031ff6                _i2s3_read_INTR
00031ffc                _i2s3_read_INT_MASK
00032002                _i2s3_write_INT_MASK
00032008                _i2s3_read_RXL_LSW
0003200e                _i2s3_write_RXL_LSW
00032014                _i2s3_read_RXL_MSW
0003201a                _i2s3_write_RXL_MSW
00032020                _i2s3_read_RXR_LSW
00032026                _i2s3_write_RXR_LSW
0003202c                _i2s3_read_RXR_MSW
00032032                _i2s3_write_RXR_MSW
00032038                _enable_i2s0
00032046                _enable_i2s1
00032054                _enable_i2s2
00032062                _enable_i2s3
00032070                _disable_i2s0
0003207e                _disable_i2s1
0003208c                _disable_i2s2
0003209a                _disable_i2s3
000321c9                __cleanup
00032223                _freopen
000322ec                _fopen
00032328                _WDTIM_open
000323a0                _WDTIM_start
000323e8                _WDTIM_stop
00032430                _WDTIM_getCnt
00032460                _WDTIM_close
000324a4                _WDTIM_service
000324d8                _WDTIM_config
00032544                _WDTIM_getConfig
0003258e                __remull
000325dc                __remlli
0003260b                __mpylli
000326c3                __divull
000327b7                __divlli
000327ec                __addd
00032a48                _vStartQueueOverwriteTask
00032b74                _xIsQueueOverwriteTaskStillRunning
00032ba4                _vQueueOverwritePeriodicISRDemo
00032c80                _set_dma1_ch0_stop
00032c98                _set_dma0_ch0_stop
00032cb0                _set_dma1_ch1_stop
00032cc8                _set_dma0_ch1_stop
00032ce0                _set_dma1_ch0_i2s2_Lout
00032d4c                _set_dma0_ch0_i2s0_Lout
00032db8                _set_dma1_ch1_i2s2_Rout
00032e24                _set_dma0_ch1_i2s0_Rout
00032e90                _enable_dma_int
00032ea0                _pxPortInitialiseStack
0003307c                _vPortEndScheduler
00033080                _prvSetupTimerInterrupt
0003309c                _EZDSP5535_LED_init
000330d4                _EZDSP5535_LED_getall
00033128                _EZDSP5535_LED_setall
00033198                _EZDSP5535_LED_on
000331d0                _EZDSP5535_LED_off
00033204                _EZDSP5535_LED_toggle
0003324c                _EZDSP5535_XF_on
00033258                _EZDSP5535_XF_off
00033264                _EZDSP5535_XF_get
00033274                _EZDSP5535_XF_toggle
00033293                __neqd
000332c7                __lssd
0003330f                __leqd
0003335c                __gtrd
000333a7                __geqd
000333f1                __eqld
00033425                __cmpd
00033480                _vStartPolledQueueTasks
00033618                _xArePollingQueuesStillRunning
00033644                _vListInitialise
00033688                _vListInitialiseItem
0003369c                _vListInsertEnd
000336f0                _vListInsert
00033790                _uxListRemove
000337f4                _EZDSP5535_OSD9616_send
0003381c                _EZDSP5535_OSD9616_multiSend
00033870                _EZDSP5535_OSD9616_init
00033954                _EZDSP5535_OSD9616_printLetter
00033994                _spiflash_test
00033b20                _EZDSP5535_SAR_init
00033be8                _EZDSP5535_SAR_getKey
00033c9c                _fputs
00033dd1                _puts
00033dff                __mpyd
00033f4c                _Timer_isr
00034078                _EZDSP5535_I2S_init
000340d4                _EZDSP5535_I2S_readLeft
00034108                _EZDSP5535_I2S_writeLeft
00034138                _EZDSP5535_I2S_readRight
0003415c                _EZDSP5535_I2S_writeRight
00034178                _EZDSP5535_I2S_close
0003418c                _vStartIntegerMathTasks
00034260                _xAreIntegerMathsTaskStillRunning
00034290                _enable_rtc_second_int
0003429c                _reset_RTC
00034358                _convert_number_to_string
0003438c                _setvbuf
00034474                _vStartLEDFlashTasks
00034552                __wrt_ok
000345d2                __rd_ok
00034630                _mem_test
000346ff                __doflush
00034768                _fflush
000347c1                _writemsg
00034876                C$$IO$$
0003487b                _fputc
0003487b                _putc
00034912                _putchar
00034924                _EZDSP5535_UART_open
00034994                _EVM5515_UART_putChar
000349ac                _EVM5515_UART_getChar
000349c6                __divul
00034a68                _vParTestInitialise
00034a6c                _vParTestSetLED
00034a84                _vParTestToggleLED
00034b04                _EZDSP5535_I2C_init
00034b3c                _EZDSP5535_I2C_reset
00034b48                _EZDSP5535_I2C_write
00034b70                _EZDSP5535_I2C_read
00034b98                _IRQ_plug
00034c24                _set_i2s2_master
00034c58                _set_i2s0_master
00034c8c                _set_i2s0_slave
00034cb0                _EZDSP5535_GPIO_init
00034cdc                _EZDSP5535_GPIO_setDirection
00034d00                _EZDSP5535_GPIO_setOutput
00034d1c                _EZDSP5535_GPIO_getInput
00034d3a                reset_isr
00034db9                _ltoa
00034e36                _fclose
00034eb1                __frcmpyd
00034f27                __frcmpyd_div
00034f9a                __remul
0003500c                __fixdli
0003507b                _readmsg
000350e8                _fseek
00035153                __fltlid
000351ba                _atoi
00035216                __fltuld
00035274                _EZDSP5535_wait
000352a8                _EZDSP5535_waitusec
000352bc                _EZDSP5535_init
000352cc                _Timer0Init
00035310                _StartTimer0
0003531e                _printf
00035370                _RTC_Isr
000353be                _auto_init
0003540b                __args_main
00035456                __remli
000354a1                __divli
000354ec                _pvPortMalloc
00035514                _vPortFree
00035533                _memcpy
00035572                _exit
000355b0                _c_int00
000355e4                __fixdi
0003560e                I$$UDIV
0003560e                __divu
00035623                I$$UMOD
00035623                __remu
00035638                _memccpy
0003565b                ___isinf
00035675                __subd
00035689                I$$LMPY
00035689                __mpyli
0003569c                __register_unlock
000356a4                __register_lock
000356ac                __nop
000356ae                _memset
000356bf                _strlen
000356d0                __negd
000356e0                __fltud
000356ee                _remove
            00020000    ___cinit__
            00020000    cinit
            00020364    __CIOBUF_
0004ce00                _Reset
0004cf00                _RST
0004cf00                _VECSTART
ffffffff                .bss
ffffffff                .data
ffffffff                .text
ffffffff                ___binit__
ffffffff                ___bss__
ffffffff                ___c_args__
ffffffff                ___data__
ffffffff                ___edata__
ffffffff                ___end__
ffffffff                ___etext__
ffffffff                ___pinit__
ffffffff                ___text__
ffffffff                binit
ffffffff                edata
ffffffff                end
ffffffff                etext
ffffffff                pinit

[947 symbols]
