<?xml version="1.0"?>
<link_info>
   <banner>TMS320C55x Linker PC v4.4.1</banner>
   <copyright>Copyright (c) 1996-2012 Texas Instruments Incorporated</copyright>
   <link_time>0x5bba3cc2</link_time>
   <output_file>foo.out</output_file>
   <entry_point>
      <name>_c_int00</name>
      <address>0x35194</address>
   </entry_point>
   <input_file_list>
      <input_file id="fl-2">
         <path>.\FreeRTOS\Demo\Common\Minimal\</path>
         <kind>object</kind>
         <file>semtest.obj</file>
         <name>semtest.obj</name>
      </input_file>
      <input_file id="fl-3">
         <path>.\FreeRTOS\Demo\Common\Minimal\</path>
         <kind>object</kind>
         <file>integer.obj</file>
         <name>integer.obj</name>
      </input_file>
      <input_file id="fl-4">
         <path>.\FreeRTOS\Demo\Common\Minimal\</path>
         <kind>object</kind>
         <file>flop.obj</file>
         <name>flop.obj</name>
      </input_file>
      <input_file id="fl-5">
         <path>.\FreeRTOS\Demo\Common\Minimal\</path>
         <kind>object</kind>
         <file>flash.obj</file>
         <name>flash.obj</name>
      </input_file>
      <input_file id="fl-6">
         <path>.\FreeRTOS\Demo\Common\Minimal\</path>
         <kind>object</kind>
         <file>dynamic.obj</file>
         <name>dynamic.obj</name>
      </input_file>
      <input_file id="fl-7">
         <path>.\FreeRTOS\Demo\Common\Minimal\</path>
         <kind>object</kind>
         <file>blocktim.obj</file>
         <name>blocktim.obj</name>
      </input_file>
      <input_file id="fl-8">
         <path>.\FreeRTOS\Demo\Common\Minimal\</path>
         <kind>object</kind>
         <file>QueueOverwrite.obj</file>
         <name>QueueOverwrite.obj</name>
      </input_file>
      <input_file id="fl-9">
         <path>.\FreeRTOS\Demo\Common\Minimal\</path>
         <kind>object</kind>
         <file>QPeek.obj</file>
         <name>QPeek.obj</name>
      </input_file>
      <input_file id="fl-a">
         <path>.\FreeRTOS\Demo\Common\Minimal\</path>
         <kind>object</kind>
         <file>PollQ.obj</file>
         <name>PollQ.obj</name>
      </input_file>
      <input_file id="fl-b">
         <path>.\FreeRTOS\Demo\Common\Minimal\</path>
         <kind>object</kind>
         <file>AbortDelay.obj</file>
         <name>AbortDelay.obj</name>
      </input_file>
      <input_file id="fl-c">
         <path>.\FreeRTOS\Demo\c5515_CCS\ParTest\</path>
         <kind>object</kind>
         <file>ParTest.obj</file>
         <name>ParTest.obj</name>
      </input_file>
      <input_file id="fl-d">
         <path>.\FreeRTOS\Demo\c5515_CCS\</path>
         <kind>object</kind>
         <file>main.obj</file>
         <name>main.obj</name>
      </input_file>
      <input_file id="fl-e">
         <path>.\FreeRTOS\Source\portable\CCS\c55x\</path>
         <kind>object</kind>
         <file>portASM.obj</file>
         <name>portASM.obj</name>
      </input_file>
      <input_file id="fl-f">
         <path>.\FreeRTOS\Source\portable\CCS\c55x\</path>
         <kind>object</kind>
         <file>port.obj</file>
         <name>port.obj</name>
      </input_file>
      <input_file id="fl-10">
         <path>.\FreeRTOS\Source\portable\MemMang\</path>
         <kind>object</kind>
         <file>heap_3.obj</file>
         <name>heap_3.obj</name>
      </input_file>
      <input_file id="fl-11">
         <path>.\FreeRTOS\Source\</path>
         <kind>object</kind>
         <file>timers.obj</file>
         <name>timers.obj</name>
      </input_file>
      <input_file id="fl-12">
         <path>.\FreeRTOS\Source\</path>
         <kind>object</kind>
         <file>tasks_sysStk.obj</file>
         <name>tasks_sysStk.obj</name>
      </input_file>
      <input_file id="fl-13">
         <path>.\FreeRTOS\Source\</path>
         <kind>object</kind>
         <file>stream_buffer.obj</file>
         <name>stream_buffer.obj</name>
      </input_file>
      <input_file id="fl-14">
         <path>.\FreeRTOS\Source\</path>
         <kind>object</kind>
         <file>queue.obj</file>
         <name>queue.obj</name>
      </input_file>
      <input_file id="fl-15">
         <path>.\FreeRTOS\Source\</path>
         <kind>object</kind>
         <file>list.obj</file>
         <name>list.obj</name>
      </input_file>
      <input_file id="fl-16">
         <path>.\FreeRTOS\Source\</path>
         <kind>object</kind>
         <file>event_groups.obj</file>
         <name>event_groups.obj</name>
      </input_file>
      <input_file id="fl-17">
         <path>.\FreeRTOS\Source\</path>
         <kind>object</kind>
         <file>croutine.obj</file>
         <name>croutine.obj</name>
      </input_file>
      <input_file id="fl-18">
         <path>.\asm\</path>
         <kind>object</kind>
         <file>i2s_register.obj</file>
         <name>i2s_register.obj</name>
      </input_file>
      <input_file id="fl-19">
         <path>.\asm\</path>
         <kind>object</kind>
         <file>aic_test_i2c.obj</file>
         <name>aic_test_i2c.obj</name>
      </input_file>
      <input_file id="fl-1a">
         <path>.\c5535_bsl_revc\ezdsp5535_v1\boot_post_SDcard\boot_post\</path>
         <kind>object</kind>
         <file>spiflash_test.obj</file>
         <name>spiflash_test.obj</name>
      </input_file>
      <input_file id="fl-1b">
         <path>.\c5535_bsl_revc\ezdsp5535_v1\boot_post_SDcard\boot_post\</path>
         <kind>object</kind>
         <file>oled_test.obj</file>
         <name>oled_test.obj</name>
      </input_file>
      <input_file id="fl-1c">
         <path>.\c5535_bsl_revc\ezdsp5535_v1\boot_post_SDcard\boot_post\</path>
         <kind>object</kind>
         <file>mem_test.obj</file>
         <name>mem_test.obj</name>
      </input_file>
      <input_file id="fl-1d">
         <path>.\c5535_bsl_revc\ezdsp5535_v1\c55xx_csl\src\</path>
         <kind>object</kind>
         <file>vectors.obj</file>
         <name>vectors.obj</name>
      </input_file>
      <input_file id="fl-1e">
         <path>.\c5535_bsl_revc\ezdsp5535_v1\c55xx_csl\src\</path>
         <kind>object</kind>
         <file>csl_wdt.obj</file>
         <name>csl_wdt.obj</name>
      </input_file>
      <input_file id="fl-1f">
         <path>.\c5535_bsl_revc\ezdsp5535_v1\c55xx_csl\src\</path>
         <kind>object</kind>
         <file>csl_usb.obj</file>
         <name>csl_usb.obj</name>
      </input_file>
      <input_file id="fl-20">
         <path>.\c5535_bsl_revc\ezdsp5535_v1\c55xx_csl\src\</path>
         <kind>object</kind>
         <file>csl_uart.obj</file>
         <name>csl_uart.obj</name>
      </input_file>
      <input_file id="fl-21">
         <path>.\c5535_bsl_revc\ezdsp5535_v1\c55xx_csl\src\</path>
         <kind>object</kind>
         <file>csl_spi.obj</file>
         <name>csl_spi.obj</name>
      </input_file>
      <input_file id="fl-22">
         <path>.\c5535_bsl_revc\ezdsp5535_v1\c55xx_csl\src\</path>
         <kind>object</kind>
         <file>csl_sdio.obj</file>
         <name>csl_sdio.obj</name>
      </input_file>
      <input_file id="fl-23">
         <path>.\c5535_bsl_revc\ezdsp5535_v1\c55xx_csl\src\</path>
         <kind>object</kind>
         <file>csl_sar.obj</file>
         <name>csl_sar.obj</name>
      </input_file>
      <input_file id="fl-24">
         <path>.\c5535_bsl_revc\ezdsp5535_v1\c55xx_csl\src\</path>
         <kind>object</kind>
         <file>csl_rtc.obj</file>
         <name>csl_rtc.obj</name>
      </input_file>
      <input_file id="fl-25">
         <path>.\c5535_bsl_revc\ezdsp5535_v1\c55xx_csl\src\</path>
         <kind>object</kind>
         <file>csl_pll.obj</file>
         <name>csl_pll.obj</name>
      </input_file>
      <input_file id="fl-26">
         <path>.\c5535_bsl_revc\ezdsp5535_v1\c55xx_csl\src\</path>
         <kind>object</kind>
         <file>csl_nand.obj</file>
         <name>csl_nand.obj</name>
      </input_file>
      <input_file id="fl-27">
         <path>.\c5535_bsl_revc\ezdsp5535_v1\c55xx_csl\src\</path>
         <kind>object</kind>
         <file>csl_msc.obj</file>
         <name>csl_msc.obj</name>
      </input_file>
      <input_file id="fl-28">
         <path>.\c5535_bsl_revc\ezdsp5535_v1\c55xx_csl\src\</path>
         <kind>object</kind>
         <file>csl_mmcsd_ataIf.obj</file>
         <name>csl_mmcsd_ataIf.obj</name>
      </input_file>
      <input_file id="fl-29">
         <path>.\c5535_bsl_revc\ezdsp5535_v1\c55xx_csl\src\</path>
         <kind>object</kind>
         <file>csl_mmcsd.obj</file>
         <name>csl_mmcsd.obj</name>
      </input_file>
      <input_file id="fl-2a">
         <path>.\c5535_bsl_revc\ezdsp5535_v1\c55xx_csl\src\</path>
         <kind>object</kind>
         <file>csl_mem.obj</file>
         <name>csl_mem.obj</name>
      </input_file>
      <input_file id="fl-2b">
         <path>.\c5535_bsl_revc\ezdsp5535_v1\c55xx_csl\src\</path>
         <kind>object</kind>
         <file>csl_lcdc.obj</file>
         <name>csl_lcdc.obj</name>
      </input_file>
      <input_file id="fl-2c">
         <path>.\c5535_bsl_revc\ezdsp5535_v1\c55xx_csl\src\</path>
         <kind>object</kind>
         <file>csl_irqplug.obj</file>
         <name>csl_irqplug.obj</name>
      </input_file>
      <input_file id="fl-2d">
         <path>.\c5535_bsl_revc\ezdsp5535_v1\c55xx_csl\src\</path>
         <kind>object</kind>
         <file>csl_intc.obj</file>
         <name>csl_intc.obj</name>
      </input_file>
      <input_file id="fl-2e">
         <path>.\c5535_bsl_revc\ezdsp5535_v1\c55xx_csl\src\</path>
         <kind>object</kind>
         <file>csl_i2s.obj</file>
         <name>csl_i2s.obj</name>
      </input_file>
      <input_file id="fl-2f">
         <path>.\c5535_bsl_revc\ezdsp5535_v1\c55xx_csl\src\</path>
         <kind>object</kind>
         <file>csl_i2c.obj</file>
         <name>csl_i2c.obj</name>
      </input_file>
      <input_file id="fl-30">
         <path>.\c5535_bsl_revc\ezdsp5535_v1\c55xx_csl\src\</path>
         <kind>object</kind>
         <file>csl_gpt.obj</file>
         <name>csl_gpt.obj</name>
      </input_file>
      <input_file id="fl-31">
         <path>.\c5535_bsl_revc\ezdsp5535_v1\c55xx_csl\src\</path>
         <kind>object</kind>
         <file>csl_gpio.obj</file>
         <name>csl_gpio.obj</name>
      </input_file>
      <input_file id="fl-32">
         <path>.\c5535_bsl_revc\ezdsp5535_v1\c55xx_csl\src\</path>
         <kind>object</kind>
         <file>csl_dma.obj</file>
         <name>csl_dma.obj</name>
      </input_file>
      <input_file id="fl-33">
         <path>.\c5535_bsl_revc\ezdsp5535_v1\c55xx_csl\src\</path>
         <kind>object</kind>
         <file>csl_dat.obj</file>
         <name>csl_dat.obj</name>
      </input_file>
      <input_file id="fl-34">
         <path>.\c5535_bsl_revc\ezdsp5535_v1\c55xx_csl\src\</path>
         <kind>object</kind>
         <file>csl_cdc.obj</file>
         <name>csl_cdc.obj</name>
      </input_file>
      <input_file id="fl-35">
         <path>.\c5535_bsl_revc\ezdsp5535_v1\c55xx_csl\src\</path>
         <kind>object</kind>
         <file>csl_audioClass.obj</file>
         <name>csl_audioClass.obj</name>
      </input_file>
      <input_file id="fl-36">
         <path>.\c5535_bsl_revc\ezdsp5535_v1\lib\bsl\</path>
         <kind>object</kind>
         <file>ezdsp5535_uart.obj</file>
         <name>ezdsp5535_uart.obj</name>
      </input_file>
      <input_file id="fl-37">
         <path>.\c5535_bsl_revc\ezdsp5535_v1\lib\bsl\</path>
         <kind>object</kind>
         <file>ezdsp5535_spiflash.obj</file>
         <name>ezdsp5535_spiflash.obj</name>
      </input_file>
      <input_file id="fl-38">
         <path>.\c5535_bsl_revc\ezdsp5535_v1\lib\bsl\</path>
         <kind>object</kind>
         <file>ezdsp5535_sdcard.obj</file>
         <name>ezdsp5535_sdcard.obj</name>
      </input_file>
      <input_file id="fl-39">
         <path>.\c5535_bsl_revc\ezdsp5535_v1\lib\bsl\</path>
         <kind>object</kind>
         <file>ezdsp5535_sar.obj</file>
         <name>ezdsp5535_sar.obj</name>
      </input_file>
      <input_file id="fl-3a">
         <path>.\c5535_bsl_revc\ezdsp5535_v1\lib\bsl\</path>
         <kind>object</kind>
         <file>ezdsp5535_led.obj</file>
         <name>ezdsp5535_led.obj</name>
      </input_file>
      <input_file id="fl-3b">
         <path>.\c5535_bsl_revc\ezdsp5535_v1\lib\bsl\</path>
         <kind>object</kind>
         <file>ezdsp5535_lcd.obj</file>
         <name>ezdsp5535_lcd.obj</name>
      </input_file>
      <input_file id="fl-3c">
         <path>.\c5535_bsl_revc\ezdsp5535_v1\lib\bsl\</path>
         <kind>object</kind>
         <file>ezdsp5535_i2s.obj</file>
         <name>ezdsp5535_i2s.obj</name>
      </input_file>
      <input_file id="fl-3d">
         <path>.\c5535_bsl_revc\ezdsp5535_v1\lib\bsl\</path>
         <kind>object</kind>
         <file>ezdsp5535_i2c.obj</file>
         <name>ezdsp5535_i2c.obj</name>
      </input_file>
      <input_file id="fl-3e">
         <path>.\c5535_bsl_revc\ezdsp5535_v1\lib\bsl\</path>
         <kind>object</kind>
         <file>ezdsp5535_gpio.obj</file>
         <name>ezdsp5535_gpio.obj</name>
      </input_file>
      <input_file id="fl-3f">
         <path>.\c5535_bsl_revc\ezdsp5535_v1\lib\bsl\</path>
         <kind>object</kind>
         <file>ezdsp5535.obj</file>
         <name>ezdsp5535.obj</name>
      </input_file>
      <input_file id="fl-40">
         <path>.\src\</path>
         <kind>object</kind>
         <file>timer.obj</file>
         <name>timer.obj</name>
      </input_file>
      <input_file id="fl-41">
         <path>.\src\</path>
         <kind>object</kind>
         <file>rtc.obj</file>
         <name>rtc.obj</name>
      </input_file>
      <input_file id="fl-42">
         <path>.\src\</path>
         <kind>object</kind>
         <file>i2s.obj</file>
         <name>i2s.obj</name>
      </input_file>
      <input_file id="fl-43">
         <path>.\src\</path>
         <kind>object</kind>
         <file>dma.obj</file>
         <name>dma.obj</name>
      </input_file>
      <input_file id="fl-5b">
         <path>F:\t\cc5p5\ccsv5\tools\compiler\c5500_4.4.1\lib\</path>
         <kind>archive</kind>
         <file>rts55x.lib</file>
         <name>addd.obj</name>
      </input_file>
      <input_file id="fl-5c">
         <path>F:\t\cc5p5\ccsv5\tools\compiler\c5500_4.4.1\lib\</path>
         <kind>archive</kind>
         <file>rts55x.lib</file>
         <name>boot.obj</name>
      </input_file>
      <input_file id="fl-5d">
         <path>F:\t\cc5p5\ccsv5\tools\compiler\c5500_4.4.1\lib\</path>
         <kind>archive</kind>
         <file>rts55x.lib</file>
         <name>cmpd.obj</name>
      </input_file>
      <input_file id="fl-5e">
         <path>F:\t\cc5p5\ccsv5\tools\compiler\c5500_4.4.1\lib\</path>
         <kind>archive</kind>
         <file>rts55x.lib</file>
         <name>divd.obj</name>
      </input_file>
      <input_file id="fl-5f">
         <path>F:\t\cc5p5\ccsv5\tools\compiler\c5500_4.4.1\lib\</path>
         <kind>archive</kind>
         <file>rts55x.lib</file>
         <name>divli.obj</name>
      </input_file>
      <input_file id="fl-60">
         <path>F:\t\cc5p5\ccsv5\tools\compiler\c5500_4.4.1\lib\</path>
         <kind>archive</kind>
         <file>rts55x.lib</file>
         <name>divul.obj</name>
      </input_file>
      <input_file id="fl-61">
         <path>F:\t\cc5p5\ccsv5\tools\compiler\c5500_4.4.1\lib\</path>
         <kind>archive</kind>
         <file>rts55x.lib</file>
         <name>exit.obj</name>
      </input_file>
      <input_file id="fl-62">
         <path>F:\t\cc5p5\ccsv5\tools\compiler\c5500_4.4.1\lib\</path>
         <kind>archive</kind>
         <file>rts55x.lib</file>
         <name>fltud.obj</name>
      </input_file>
      <input_file id="fl-63">
         <path>F:\t\cc5p5\ccsv5\tools\compiler\c5500_4.4.1\lib\</path>
         <kind>archive</kind>
         <file>rts55x.lib</file>
         <name>fltuld.obj</name>
      </input_file>
      <input_file id="fl-64">
         <path>F:\t\cc5p5\ccsv5\tools\compiler\c5500_4.4.1\lib\</path>
         <kind>archive</kind>
         <file>rts55x.lib</file>
         <name>frcmpyd_div.obj</name>
      </input_file>
      <input_file id="fl-65">
         <path>F:\t\cc5p5\ccsv5\tools\compiler\c5500_4.4.1\lib\</path>
         <kind>archive</kind>
         <file>rts55x.lib</file>
         <name>lmpy.obj</name>
      </input_file>
      <input_file id="fl-66">
         <path>F:\t\cc5p5\ccsv5\tools\compiler\c5500_4.4.1\lib\</path>
         <kind>archive</kind>
         <file>rts55x.lib</file>
         <name>memcpy.obj</name>
      </input_file>
      <input_file id="fl-67">
         <path>F:\t\cc5p5\ccsv5\tools\compiler\c5500_4.4.1\lib\</path>
         <kind>archive</kind>
         <file>rts55x.lib</file>
         <name>memory.obj</name>
      </input_file>
      <input_file id="fl-68">
         <path>F:\t\cc5p5\ccsv5\tools\compiler\c5500_4.4.1\lib\</path>
         <kind>archive</kind>
         <file>rts55x.lib</file>
         <name>memset.obj</name>
      </input_file>
      <input_file id="fl-69">
         <path>F:\t\cc5p5\ccsv5\tools\compiler\c5500_4.4.1\lib\</path>
         <kind>archive</kind>
         <file>rts55x.lib</file>
         <name>mpyd.obj</name>
      </input_file>
      <input_file id="fl-6a">
         <path>F:\t\cc5p5\ccsv5\tools\compiler\c5500_4.4.1\lib\</path>
         <kind>archive</kind>
         <file>rts55x.lib</file>
         <name>printf.obj</name>
      </input_file>
      <input_file id="fl-6b">
         <path>F:\t\cc5p5\ccsv5\tools\compiler\c5500_4.4.1\lib\</path>
         <kind>archive</kind>
         <file>rts55x.lib</file>
         <name>remul.obj</name>
      </input_file>
      <input_file id="fl-6c">
         <path>F:\t\cc5p5\ccsv5\tools\compiler\c5500_4.4.1\lib\</path>
         <kind>archive</kind>
         <file>rts55x.lib</file>
         <name>strlen.obj</name>
      </input_file>
      <input_file id="fl-6d">
         <path>F:\t\cc5p5\ccsv5\tools\compiler\c5500_4.4.1\lib\</path>
         <kind>archive</kind>
         <file>rts55x.lib</file>
         <name>subd.obj</name>
      </input_file>
      <input_file id="fl-6e">
         <path>F:\t\cc5p5\ccsv5\tools\compiler\c5500_4.4.1\lib\</path>
         <kind>archive</kind>
         <file>rts55x.lib</file>
         <name>udiv.obj</name>
      </input_file>
      <input_file id="fl-6f">
         <path>F:\t\cc5p5\ccsv5\tools\compiler\c5500_4.4.1\lib\</path>
         <kind>archive</kind>
         <file>rts55x.lib</file>
         <name>vectors.obj</name>
      </input_file>
      <input_file id="fl-70">
         <path>F:\t\cc5p5\ccsv5\tools\compiler\c5500_4.4.1\lib\</path>
         <kind>archive</kind>
         <file>rts55x.lib</file>
         <name>_lock.obj</name>
      </input_file>
      <input_file id="fl-71">
         <path>F:\t\cc5p5\ccsv5\tools\compiler\c5500_4.4.1\lib\</path>
         <kind>archive</kind>
         <file>rts55x.lib</file>
         <name>_printfi.obj</name>
      </input_file>
      <input_file id="fl-72">
         <path>F:\t\cc5p5\ccsv5\tools\compiler\c5500_4.4.1\lib\</path>
         <kind>archive</kind>
         <file>rts55x.lib</file>
         <name>args_main.obj</name>
      </input_file>
      <input_file id="fl-73">
         <path>F:\t\cc5p5\ccsv5\tools\compiler\c5500_4.4.1\lib\</path>
         <kind>archive</kind>
         <file>rts55x.lib</file>
         <name>atoi.obj</name>
      </input_file>
      <input_file id="fl-74">
         <path>F:\t\cc5p5\ccsv5\tools\compiler\c5500_4.4.1\lib\</path>
         <kind>archive</kind>
         <file>rts55x.lib</file>
         <name>autoinit.obj</name>
      </input_file>
      <input_file id="fl-75">
         <path>F:\t\cc5p5\ccsv5\tools\compiler\c5500_4.4.1\lib\</path>
         <kind>archive</kind>
         <file>rts55x.lib</file>
         <name>ctype.obj</name>
      </input_file>
      <input_file id="fl-76">
         <path>F:\t\cc5p5\ccsv5\tools\compiler\c5500_4.4.1\lib\</path>
         <kind>archive</kind>
         <file>rts55x.lib</file>
         <name>defs.obj</name>
      </input_file>
      <input_file id="fl-77">
         <path>F:\t\cc5p5\ccsv5\tools\compiler\c5500_4.4.1\lib\</path>
         <kind>archive</kind>
         <file>rts55x.lib</file>
         <name>fixdi.obj</name>
      </input_file>
      <input_file id="fl-78">
         <path>F:\t\cc5p5\ccsv5\tools\compiler\c5500_4.4.1\lib\</path>
         <kind>archive</kind>
         <file>rts55x.lib</file>
         <name>fixdli.obj</name>
      </input_file>
      <input_file id="fl-79">
         <path>F:\t\cc5p5\ccsv5\tools\compiler\c5500_4.4.1\lib\</path>
         <kind>archive</kind>
         <file>rts55x.lib</file>
         <name>fltlid.obj</name>
      </input_file>
      <input_file id="fl-7a">
         <path>F:\t\cc5p5\ccsv5\tools\compiler\c5500_4.4.1\lib\</path>
         <kind>archive</kind>
         <file>rts55x.lib</file>
         <name>fputc.obj</name>
      </input_file>
      <input_file id="fl-7b">
         <path>F:\t\cc5p5\ccsv5\tools\compiler\c5500_4.4.1\lib\</path>
         <kind>archive</kind>
         <file>rts55x.lib</file>
         <name>fputs.obj</name>
      </input_file>
      <input_file id="fl-7c">
         <path>F:\t\cc5p5\ccsv5\tools\compiler\c5500_4.4.1\lib\</path>
         <kind>archive</kind>
         <file>rts55x.lib</file>
         <name>frcmpyd.obj</name>
      </input_file>
      <input_file id="fl-7d">
         <path>F:\t\cc5p5\ccsv5\tools\compiler\c5500_4.4.1\lib\</path>
         <kind>archive</kind>
         <file>rts55x.lib</file>
         <name>isinf.obj</name>
      </input_file>
      <input_file id="fl-7e">
         <path>F:\t\cc5p5\ccsv5\tools\compiler\c5500_4.4.1\lib\</path>
         <kind>archive</kind>
         <file>rts55x.lib</file>
         <name>llmpy.obj</name>
      </input_file>
      <input_file id="fl-7f">
         <path>F:\t\cc5p5\ccsv5\tools\compiler\c5500_4.4.1\lib\</path>
         <kind>archive</kind>
         <file>rts55x.lib</file>
         <name>lowlev.obj</name>
      </input_file>
      <input_file id="fl-80">
         <path>F:\t\cc5p5\ccsv5\tools\compiler\c5500_4.4.1\lib\</path>
         <kind>archive</kind>
         <file>rts55x.lib</file>
         <name>ltoa.obj</name>
      </input_file>
      <input_file id="fl-81">
         <path>F:\t\cc5p5\ccsv5\tools\compiler\c5500_4.4.1\lib\</path>
         <kind>archive</kind>
         <file>rts55x.lib</file>
         <name>memccpy.obj</name>
      </input_file>
      <input_file id="fl-82">
         <path>F:\t\cc5p5\ccsv5\tools\compiler\c5500_4.4.1\lib\</path>
         <kind>archive</kind>
         <file>rts55x.lib</file>
         <name>negd.obj</name>
      </input_file>
      <input_file id="fl-83">
         <path>F:\t\cc5p5\ccsv5\tools\compiler\c5500_4.4.1\lib\</path>
         <kind>archive</kind>
         <file>rts55x.lib</file>
         <name>remli.obj</name>
      </input_file>
      <input_file id="fl-84">
         <path>F:\t\cc5p5\ccsv5\tools\compiler\c5500_4.4.1\lib\</path>
         <kind>archive</kind>
         <file>rts55x.lib</file>
         <name>trgdrv.obj</name>
      </input_file>
      <input_file id="fl-85">
         <path>F:\t\cc5p5\ccsv5\tools\compiler\c5500_4.4.1\lib\</path>
         <kind>archive</kind>
         <file>rts55x.lib</file>
         <name>trgmsg.obj</name>
      </input_file>
      <input_file id="fl-86">
         <path>F:\t\cc5p5\ccsv5\tools\compiler\c5500_4.4.1\lib\</path>
         <kind>archive</kind>
         <file>rts55x.lib</file>
         <name>_io_perm.obj</name>
      </input_file>
      <input_file id="fl-87">
         <path>F:\t\cc5p5\ccsv5\tools\compiler\c5500_4.4.1\lib\</path>
         <kind>archive</kind>
         <file>rts55x.lib</file>
         <name>fflush.obj</name>
      </input_file>
      <input_file id="fl-88">
         <path>F:\t\cc5p5\ccsv5\tools\compiler\c5500_4.4.1\lib\</path>
         <kind>archive</kind>
         <file>rts55x.lib</file>
         <name>fseek.obj</name>
      </input_file>
      <input_file id="fl-89">
         <path>F:\t\cc5p5\ccsv5\tools\compiler\c5500_4.4.1\lib\</path>
         <kind>archive</kind>
         <file>rts55x.lib</file>
         <name>setvbuf.obj</name>
      </input_file>
      <input_file id="fl-8a">
         <path>F:\t\cc5p5\ccsv5\tools\compiler\c5500_4.4.1\lib\</path>
         <kind>archive</kind>
         <file>rts55x.lib</file>
         <name>fopen.obj</name>
      </input_file>
      <input_file id="fl-8b">
         <path>F:\t\cc5p5\ccsv5\tools\compiler\c5500_4.4.1\lib\</path>
         <kind>archive</kind>
         <file>rts55x.lib</file>
         <name>fclose.obj</name>
      </input_file>
      <input_file id="fl-8c">
         <path>F:\t\cc5p5\ccsv5\tools\compiler\c5500_4.4.1\lib\</path>
         <kind>archive</kind>
         <file>rts55x.lib</file>
         <name>remove.obj</name>
      </input_file>
   </input_file_list>
   <object_component_list>
      <object_component id="oc-f7">
         <name>.text</name>
         <load_address>0x10000</load_address>
         <run_address>0x10000</run_address>
         <size>0x444f</size>
         <input_file_ref idref="fl-29"/>
      </object_component>
      <object_component id="oc-eb">
         <name>.text</name>
         <load_address>0x14450</load_address>
         <run_address>0x14450</run_address>
         <size>0x2b4f</size>
         <input_file_ref idref="fl-27"/>
      </object_component>
      <object_component id="oc-d2">
         <name>.text</name>
         <load_address>0x16fa0</load_address>
         <run_address>0x16fa0</run_address>
         <size>0x2a24</size>
         <input_file_ref idref="fl-22"/>
      </object_component>
      <object_component id="oc-c1">
         <name>.text</name>
         <load_address>0x199c4</load_address>
         <run_address>0x199c4</run_address>
         <size>0x21d5</size>
         <input_file_ref idref="fl-1f"/>
      </object_component>
      <object_component id="oc-1eb">
         <name>.text</name>
         <load_address>0x1bb99</load_address>
         <run_address>0x1bb99</run_address>
         <size>0x2</size>
         <input_file_ref idref="fl-6f"/>
      </object_component>
      <object_component id="oc-7e">
         <name>.text</name>
         <load_address>0x1bb9c</load_address>
         <run_address>0x1bb9c</run_address>
         <size>0x1ea9</size>
         <input_file_ref idref="fl-12"/>
      </object_component>
      <object_component id="oc-127">
         <name>.text</name>
         <load_address>0x1da48</load_address>
         <run_address>0x1da48</run_address>
         <size>0x18ac</size>
         <input_file_ref idref="fl-32"/>
      </object_component>
      <object_component id="oc-131">
         <name>.text</name>
         <load_address>0x1f2f4</load_address>
         <run_address>0x1f2f4</run_address>
         <size>0xc65</size>
         <input_file_ref idref="fl-34"/>
      </object_component>
      <object_component id="oc-13c">
         <name>.text</name>
         <load_address>0x1ff5c</load_address>
         <run_address>0x1ff5c</run_address>
         <size>0xa2</size>
         <input_file_ref idref="fl-36"/>
      </object_component>
      <object_component id="oc-1f5">
         <name>.text</name>
         <load_address>0x20000</load_address>
         <run_address>0x20000</run_address>
         <size>0x15a4</size>
         <input_file_ref idref="fl-71"/>
      </object_component>
      <object_component id="oc-8b">
         <name>.text</name>
         <load_address>0x215a4</load_address>
         <run_address>0x215a4</run_address>
         <size>0x1230</size>
         <input_file_ref idref="fl-14"/>
      </object_component>
      <object_component id="oc-e6">
         <name>.text</name>
         <load_address>0x227d4</load_address>
         <run_address>0x227d4</run_address>
         <size>0x11eb</size>
         <input_file_ref idref="fl-26"/>
      </object_component>
      <object_component id="oc-c7">
         <name>.text</name>
         <load_address>0x239c0</load_address>
         <run_address>0x239c0</run_address>
         <size>0x1106</size>
         <input_file_ref idref="fl-20"/>
      </object_component>
      <object_component id="oc-12c">
         <name>.text</name>
         <load_address>0x24ac8</load_address>
         <run_address>0x24ac8</run_address>
         <size>0xdc1</size>
         <input_file_ref idref="fl-33"/>
      </object_component>
      <object_component id="oc-137">
         <name>.text</name>
         <load_address>0x2588c</load_address>
         <run_address>0x2588c</run_address>
         <size>0xd74</size>
         <input_file_ref idref="fl-35"/>
      </object_component>
      <object_component id="oc-117">
         <name>.text</name>
         <load_address>0x26600</load_address>
         <run_address>0x26600</run_address>
         <size>0xc4c</size>
         <input_file_ref idref="fl-2f"/>
      </object_component>
      <object_component id="oc-f0">
         <name>.text</name>
         <load_address>0x2724c</load_address>
         <run_address>0x2724c</run_address>
         <size>0xb3e</size>
         <input_file_ref idref="fl-28"/>
      </object_component>
      <object_component id="oc-d7">
         <name>.text</name>
         <load_address>0x27d8c</load_address>
         <run_address>0x27d8c</run_address>
         <size>0xb2b</size>
         <input_file_ref idref="fl-23"/>
      </object_component>
      <object_component id="oc-86">
         <name>.text</name>
         <load_address>0x288b8</load_address>
         <run_address>0x288b8</run_address>
         <size>0xa58</size>
         <input_file_ref idref="fl-13"/>
      </object_component>
      <object_component id="oc-110">
         <name>.text</name>
         <load_address>0x29310</load_address>
         <run_address>0x29310</run_address>
         <size>0x9e3</size>
         <input_file_ref idref="fl-2e"/>
      </object_component>
      <object_component id="oc-6c">
         <name>.text</name>
         <load_address>0x29cf4</load_address>
         <run_address>0x29cf4</run_address>
         <size>0x92f</size>
         <input_file_ref idref="fl-e"/>
      </object_component>
      <object_component id="oc-dc">
         <name>.text</name>
         <load_address>0x2a624</load_address>
         <run_address>0x2a624</run_address>
         <size>0x8b4</size>
         <input_file_ref idref="fl-24"/>
      </object_component>
      <object_component id="oc-64">
         <name>.text</name>
         <load_address>0x2aed8</load_address>
         <run_address>0x2aed8</run_address>
         <size>0x83f</size>
         <input_file_ref idref="fl-d"/>
      </object_component>
      <object_component id="oc-101">
         <name>.text</name>
         <load_address>0x2b718</load_address>
         <run_address>0x2b718</run_address>
         <size>0x838</size>
         <input_file_ref idref="fl-2b"/>
      </object_component>
      <object_component id="oc-ac">
         <name>.text</name>
         <load_address>0x2bf50</load_address>
         <run_address>0x2bf50</run_address>
         <size>0x81d</size>
         <input_file_ref idref="fl-1b"/>
      </object_component>
      <object_component id="oc-122">
         <name>.text</name>
         <load_address>0x2c770</load_address>
         <run_address>0x2c770</run_address>
         <size>0x697</size>
         <input_file_ref idref="fl-31"/>
      </object_component>
      <object_component id="oc-cc">
         <name>.text</name>
         <load_address>0x2ce08</load_address>
         <run_address>0x2ce08</run_address>
         <size>0x5bb</size>
         <input_file_ref idref="fl-21"/>
      </object_component>
      <object_component id="oc-3b">
         <name>.text</name>
         <load_address>0x2d3c4</load_address>
         <run_address>0x2d3c4</run_address>
         <size>0x5b3</size>
         <input_file_ref idref="fl-7"/>
      </object_component>
      <object_component id="oc-96">
         <name>.text</name>
         <load_address>0x2d978</load_address>
         <run_address>0x2d978</run_address>
         <size>0x573</size>
         <input_file_ref idref="fl-16"/>
      </object_component>
      <object_component id="oc-22f">
         <name>.text</name>
         <load_address>0x2deeb</load_address>
         <run_address>0x2deeb</run_address>
         <size>0x543</size>
         <input_file_ref idref="fl-7f"/>
      </object_component>
      <object_component id="oc-10a">
         <name>.text</name>
         <load_address>0x2e430</load_address>
         <run_address>0x2e430</run_address>
         <size>0x538</size>
         <input_file_ref idref="fl-2d"/>
      </object_component>
      <object_component id="oc-245">
         <name>.text</name>
         <load_address>0x2e968</load_address>
         <run_address>0x2e968</run_address>
         <size>0x528</size>
         <input_file_ref idref="fl-84"/>
      </object_component>
      <object_component id="oc-148">
         <name>.text</name>
         <load_address>0x2ee90</load_address>
         <run_address>0x2ee90</run_address>
         <size>0x4d5</size>
         <input_file_ref idref="fl-38"/>
      </object_component>
      <object_component id="oc-1c8">
         <name>.text</name>
         <load_address>0x2f365</load_address>
         <run_address>0x2f365</run_address>
         <size>0x4b5</size>
         <input_file_ref idref="fl-67"/>
      </object_component>
      <object_component id="oc-4b">
         <name>.text</name>
         <load_address>0x2f81c</load_address>
         <run_address>0x2f81c</run_address>
         <size>0x42e</size>
         <input_file_ref idref="fl-9"/>
      </object_component>
      <object_component id="oc-33">
         <name>.text</name>
         <load_address>0x2fc4c</load_address>
         <run_address>0x2fc4c</run_address>
         <size>0x3fb</size>
         <input_file_ref idref="fl-6"/>
      </object_component>
      <object_component id="oc-22">
         <name>.text</name>
         <load_address>0x30048</load_address>
         <run_address>0x30048</run_address>
         <size>0x3d2</size>
         <input_file_ref idref="fl-4"/>
      </object_component>
      <object_component id="oc-1a0">
         <name>.text</name>
         <load_address>0x3041a</load_address>
         <run_address>0x3041a</run_address>
         <size>0x3cc</size>
         <input_file_ref idref="fl-5e"/>
      </object_component>
      <object_component id="oc-142">
         <name>.text</name>
         <load_address>0x307e8</load_address>
         <run_address>0x307e8</run_address>
         <size>0x3c2</size>
         <input_file_ref idref="fl-37"/>
      </object_component>
      <object_component id="oc-fc">
         <name>.text</name>
         <load_address>0x30bac</load_address>
         <run_address>0x30bac</run_address>
         <size>0x345</size>
         <input_file_ref idref="fl-2a"/>
      </object_component>
      <object_component id="oc-11d">
         <name>.text</name>
         <load_address>0x30ef4</load_address>
         <run_address>0x30ef4</run_address>
         <size>0x2f7</size>
         <input_file_ref idref="fl-30"/>
      </object_component>
      <object_component id="oc-12">
         <name>.text</name>
         <load_address>0x311ec</load_address>
         <run_address>0x311ec</run_address>
         <size>0x2f4</size>
         <input_file_ref idref="fl-2"/>
      </object_component>
      <object_component id="oc-a1">
         <name>.text</name>
         <load_address>0x314e0</load_address>
         <run_address>0x314e0</run_address>
         <size>0x2ef</size>
         <input_file_ref idref="fl-19"/>
      </object_component>
      <object_component id="oc-e1">
         <name>.text</name>
         <load_address>0x317d0</load_address>
         <run_address>0x317d0</run_address>
         <size>0x2ac</size>
         <input_file_ref idref="fl-25"/>
      </object_component>
      <object_component id="oc-9d">
         <name>.text</name>
         <load_address>0x31a7c</load_address>
         <run_address>0x31a7c</run_address>
         <size>0x298</size>
         <input_file_ref idref="fl-18"/>
      </object_component>
      <object_component id="oc-260">
         <name>.text</name>
         <load_address>0x31d14</load_address>
         <run_address>0x31d14</run_address>
         <size>0x27f</size>
         <input_file_ref idref="fl-8a"/>
      </object_component>
      <object_component id="oc-bc">
         <name>.text</name>
         <load_address>0x31f94</load_address>
         <run_address>0x31f94</run_address>
         <size>0x266</size>
         <input_file_ref idref="fl-1e"/>
      </object_component>
      <object_component id="oc-22b">
         <name>.text</name>
         <load_address>0x321fa</load_address>
         <run_address>0x321fa</run_address>
         <size>0x25e</size>
         <input_file_ref idref="fl-7e"/>
      </object_component>
      <object_component id="oc-194">
         <name>.text</name>
         <load_address>0x32458</load_address>
         <run_address>0x32458</run_address>
         <size>0x25a</size>
         <input_file_ref idref="fl-5b"/>
      </object_component>
      <object_component id="oc-70">
         <name>.text</name>
         <load_address>0x326b4</load_address>
         <run_address>0x326b4</run_address>
         <size>0x24e</size>
         <input_file_ref idref="fl-f"/>
      </object_component>
      <object_component id="oc-43">
         <name>.text</name>
         <load_address>0x32904</load_address>
         <run_address>0x32904</run_address>
         <size>0x236</size>
         <input_file_ref idref="fl-8"/>
      </object_component>
      <object_component id="oc-18d">
         <name>.text</name>
         <load_address>0x32b3c</load_address>
         <run_address>0x32b3c</run_address>
         <size>0x21e</size>
         <input_file_ref idref="fl-43"/>
      </object_component>
      <object_component id="oc-156">
         <name>.text</name>
         <load_address>0x32d5c</load_address>
         <run_address>0x32d5c</run_address>
         <size>0x1f7</size>
         <input_file_ref idref="fl-3a"/>
      </object_component>
      <object_component id="oc-19c">
         <name>.text</name>
         <load_address>0x32f53</load_address>
         <run_address>0x32f53</run_address>
         <size>0x1ea</size>
         <input_file_ref idref="fl-5d"/>
      </object_component>
      <object_component id="oc-53">
         <name>.text</name>
         <load_address>0x33140</load_address>
         <run_address>0x33140</run_address>
         <size>0x1c2</size>
         <input_file_ref idref="fl-a"/>
      </object_component>
      <object_component id="oc-91">
         <name>.text</name>
         <load_address>0x33304</load_address>
         <run_address>0x33304</run_address>
         <size>0x1ae</size>
         <input_file_ref idref="fl-15"/>
      </object_component>
      <object_component id="oc-15b">
         <name>.text</name>
         <load_address>0x334b4</load_address>
         <run_address>0x334b4</run_address>
         <size>0x195</size>
         <input_file_ref idref="fl-3b"/>
      </object_component>
      <object_component id="oc-a5">
         <name>.text</name>
         <load_address>0x3364c</load_address>
         <run_address>0x3364c</run_address>
         <size>0x18b</size>
         <input_file_ref idref="fl-1a"/>
      </object_component>
      <object_component id="oc-14f">
         <name>.text</name>
         <load_address>0x337d8</load_address>
         <run_address>0x337d8</run_address>
         <size>0x17c</size>
         <input_file_ref idref="fl-39"/>
      </object_component>
      <object_component id="oc-21e">
         <name>.text</name>
         <load_address>0x33954</load_address>
         <run_address>0x33954</run_address>
         <size>0x163</size>
         <input_file_ref idref="fl-7b"/>
      </object_component>
      <object_component id="oc-1d3">
         <name>.text</name>
         <load_address>0x33ab7</load_address>
         <run_address>0x33ab7</run_address>
         <size>0x14c</size>
         <input_file_ref idref="fl-69"/>
      </object_component>
      <object_component id="oc-17a">
         <name>.text:retain</name>
         <load_address>0x33c04</load_address>
         <run_address>0x33c04</run_address>
         <size>0x11a</size>
         <input_file_ref idref="fl-40"/>
      </object_component>
      <object_component id="oc-160">
         <name>.text</name>
         <load_address>0x33d20</load_address>
         <run_address>0x33d20</run_address>
         <size>0x112</size>
         <input_file_ref idref="fl-3c"/>
      </object_component>
      <object_component id="oc-1a">
         <name>.text</name>
         <load_address>0x33e34</load_address>
         <run_address>0x33e34</run_address>
         <size>0x104</size>
         <input_file_ref idref="fl-3"/>
      </object_component>
      <object_component id="oc-17e">
         <name>.text</name>
         <load_address>0x33f38</load_address>
         <run_address>0x33f38</run_address>
         <size>0xfc</size>
         <input_file_ref idref="fl-41"/>
      </object_component>
      <object_component id="oc-25c">
         <name>.text</name>
         <load_address>0x34034</load_address>
         <run_address>0x34034</run_address>
         <size>0xe6</size>
         <input_file_ref idref="fl-89"/>
      </object_component>
      <object_component id="oc-2b">
         <name>.text</name>
         <load_address>0x3411c</load_address>
         <run_address>0x3411c</run_address>
         <size>0xde</size>
         <input_file_ref idref="fl-5"/>
      </object_component>
      <object_component id="oc-250">
         <name>.text</name>
         <load_address>0x341fa</load_address>
         <run_address>0x341fa</run_address>
         <size>0xdd</size>
         <input_file_ref idref="fl-86"/>
      </object_component>
      <object_component id="oc-254">
         <name>.text</name>
         <load_address>0x342d7</load_address>
         <run_address>0x342d7</run_address>
         <size>0xc2</size>
         <input_file_ref idref="fl-87"/>
      </object_component>
      <object_component id="oc-24d">
         <name>.text:CIO_breakpoint</name>
         <load_address>0x34399</load_address>
         <run_address>0x34399</run_address>
         <size>0xba</size>
         <input_file_ref idref="fl-85"/>
      </object_component>
      <object_component id="oc-b1">
         <name>.text</name>
         <load_address>0x34454</load_address>
         <run_address>0x34454</run_address>
         <size>0xaf</size>
         <input_file_ref idref="fl-1c"/>
      </object_component>
      <object_component id="oc-21a">
         <name>.text</name>
         <load_address>0x34503</load_address>
         <run_address>0x34503</run_address>
         <size>0xa6</size>
         <input_file_ref idref="fl-7a"/>
      </object_component>
      <object_component id="oc-1a8">
         <name>.text</name>
         <load_address>0x345a9</load_address>
         <run_address>0x345a9</run_address>
         <size>0xa1</size>
         <input_file_ref idref="fl-60"/>
      </object_component>
      <object_component id="oc-5d">
         <name>.text</name>
         <load_address>0x3464c</load_address>
         <run_address>0x3464c</run_address>
         <size>0x9a</size>
         <input_file_ref idref="fl-c"/>
      </object_component>
      <object_component id="oc-166">
         <name>.text</name>
         <load_address>0x346e8</load_address>
         <run_address>0x346e8</run_address>
         <size>0x94</size>
         <input_file_ref idref="fl-3d"/>
      </object_component>
      <object_component id="oc-106">
         <name>.text</name>
         <load_address>0x3477c</load_address>
         <run_address>0x3477c</run_address>
         <size>0x8c</size>
         <input_file_ref idref="fl-2c"/>
      </object_component>
      <object_component id="oc-186">
         <name>.text</name>
         <load_address>0x34808</load_address>
         <run_address>0x34808</run_address>
         <size>0x8c</size>
         <input_file_ref idref="fl-42"/>
      </object_component>
      <object_component id="oc-16b">
         <name>.text</name>
         <load_address>0x34894</load_address>
         <run_address>0x34894</run_address>
         <size>0x8a</size>
         <input_file_ref idref="fl-3e"/>
      </object_component>
      <object_component id="oc-b7">
         <name>.text</name>
         <load_address>0x3491e</load_address>
         <run_address>0x3491e</run_address>
         <size>0x7f</size>
         <input_file_ref idref="fl-1d"/>
      </object_component>
      <object_component id="oc-235">
         <name>.text</name>
         <load_address>0x3499d</load_address>
         <run_address>0x3499d</run_address>
         <size>0x7d</size>
         <input_file_ref idref="fl-80"/>
      </object_component>
      <object_component id="oc-266">
         <name>.text</name>
         <load_address>0x34a1a</load_address>
         <run_address>0x34a1a</run_address>
         <size>0x7b</size>
         <input_file_ref idref="fl-8b"/>
      </object_component>
      <object_component id="oc-223">
         <name>.text</name>
         <load_address>0x34a95</load_address>
         <run_address>0x34a95</run_address>
         <size>0x76</size>
         <input_file_ref idref="fl-7c"/>
      </object_component>
      <object_component id="oc-1bc">
         <name>.text</name>
         <load_address>0x34b0b</load_address>
         <run_address>0x34b0b</run_address>
         <size>0x73</size>
         <input_file_ref idref="fl-64"/>
      </object_component>
      <object_component id="oc-1db">
         <name>.text</name>
         <load_address>0x34b7e</load_address>
         <run_address>0x34b7e</run_address>
         <size>0x72</size>
         <input_file_ref idref="fl-6b"/>
      </object_component>
      <object_component id="oc-211">
         <name>.text</name>
         <load_address>0x34bf0</load_address>
         <run_address>0x34bf0</run_address>
         <size>0x6f</size>
         <input_file_ref idref="fl-78"/>
      </object_component>
      <object_component id="oc-24a">
         <name>.text</name>
         <load_address>0x34c5f</load_address>
         <run_address>0x34c5f</run_address>
         <size>0x6d</size>
         <input_file_ref idref="fl-85"/>
      </object_component>
      <object_component id="oc-258">
         <name>.text</name>
         <load_address>0x34ccc</load_address>
         <run_address>0x34ccc</run_address>
         <size>0x6b</size>
         <input_file_ref idref="fl-88"/>
      </object_component>
      <object_component id="oc-215">
         <name>.text</name>
         <load_address>0x34d37</load_address>
         <run_address>0x34d37</run_address>
         <size>0x67</size>
         <input_file_ref idref="fl-79"/>
      </object_component>
      <object_component id="oc-1ff">
         <name>.text</name>
         <load_address>0x34d9e</load_address>
         <run_address>0x34d9e</run_address>
         <size>0x5c</size>
         <input_file_ref idref="fl-73"/>
      </object_component>
      <object_component id="oc-1b7">
         <name>.text</name>
         <load_address>0x34dfa</load_address>
         <run_address>0x34dfa</run_address>
         <size>0x5b</size>
         <input_file_ref idref="fl-63"/>
      </object_component>
      <object_component id="oc-171">
         <name>.text</name>
         <load_address>0x34e58</load_address>
         <run_address>0x34e58</run_address>
         <size>0x56</size>
         <input_file_ref idref="fl-3f"/>
      </object_component>
      <object_component id="oc-176">
         <name>.text</name>
         <load_address>0x34eb0</load_address>
         <run_address>0x34eb0</run_address>
         <size>0x52</size>
         <input_file_ref idref="fl-40"/>
      </object_component>
      <object_component id="oc-1d7">
         <name>.text</name>
         <load_address>0x34f02</load_address>
         <run_address>0x34f02</run_address>
         <size>0x50</size>
         <input_file_ref idref="fl-6a"/>
      </object_component>
      <object_component id="oc-182">
         <name>.text:retain</name>
         <load_address>0x34f54</load_address>
         <run_address>0x34f54</run_address>
         <size>0x4e</size>
         <input_file_ref idref="fl-41"/>
      </object_component>
      <object_component id="oc-203">
         <name>.text</name>
         <load_address>0x34fa2</load_address>
         <run_address>0x34fa2</run_address>
         <size>0x4d</size>
         <input_file_ref idref="fl-74"/>
      </object_component>
      <object_component id="oc-1fb">
         <name>.text</name>
         <load_address>0x34fef</load_address>
         <run_address>0x34fef</run_address>
         <size>0x4b</size>
         <input_file_ref idref="fl-72"/>
      </object_component>
      <object_component id="oc-241">
         <name>.text</name>
         <load_address>0x3503a</load_address>
         <run_address>0x3503a</run_address>
         <size>0x4b</size>
         <input_file_ref idref="fl-83"/>
      </object_component>
      <object_component id="oc-1a4">
         <name>.text</name>
         <load_address>0x35085</load_address>
         <run_address>0x35085</run_address>
         <size>0x48</size>
         <input_file_ref idref="fl-5f"/>
      </object_component>
      <object_component id="oc-77">
         <name>.text</name>
         <load_address>0x350d0</load_address>
         <run_address>0x350d0</run_address>
         <size>0x47</size>
         <input_file_ref idref="fl-10"/>
      </object_component>
      <object_component id="oc-1c4">
         <name>.text</name>
         <load_address>0x35117</load_address>
         <run_address>0x35117</run_address>
         <size>0x3f</size>
         <input_file_ref idref="fl-66"/>
      </object_component>
      <object_component id="oc-1ac">
         <name>.text</name>
         <load_address>0x35156</load_address>
         <run_address>0x35156</run_address>
         <size>0x3e</size>
         <input_file_ref idref="fl-61"/>
      </object_component>
      <object_component id="oc-10">
         <name>.text</name>
         <load_address>0x35194</load_address>
         <run_address>0x35194</run_address>
         <size>0x34</size>
         <input_file_ref idref="fl-5c"/>
      </object_component>
      <object_component id="oc-20d">
         <name>.text</name>
         <load_address>0x351c8</load_address>
         <run_address>0x351c8</run_address>
         <size>0x2a</size>
         <input_file_ref idref="fl-77"/>
      </object_component>
      <object_component id="oc-1e7">
         <name>.text</name>
         <load_address>0x351f2</load_address>
         <run_address>0x351f2</run_address>
         <size>0x2a</size>
         <input_file_ref idref="fl-6e"/>
      </object_component>
      <object_component id="oc-239">
         <name>.text</name>
         <load_address>0x3521c</load_address>
         <run_address>0x3521c</run_address>
         <size>0x23</size>
         <input_file_ref idref="fl-81"/>
      </object_component>
      <object_component id="oc-227">
         <name>.text</name>
         <load_address>0x3523f</load_address>
         <run_address>0x3523f</run_address>
         <size>0x1a</size>
         <input_file_ref idref="fl-7d"/>
      </object_component>
      <object_component id="oc-1e3">
         <name>.text</name>
         <load_address>0x35259</load_address>
         <run_address>0x35259</run_address>
         <size>0x14</size>
         <input_file_ref idref="fl-6d"/>
      </object_component>
      <object_component id="oc-1c0">
         <name>.text</name>
         <load_address>0x3526d</load_address>
         <run_address>0x3526d</run_address>
         <size>0x13</size>
         <input_file_ref idref="fl-65"/>
      </object_component>
      <object_component id="oc-1ef">
         <name>.text</name>
         <load_address>0x35280</load_address>
         <run_address>0x35280</run_address>
         <size>0x12</size>
         <input_file_ref idref="fl-70"/>
      </object_component>
      <object_component id="oc-1cf">
         <name>.text</name>
         <load_address>0x35292</load_address>
         <run_address>0x35292</run_address>
         <size>0x11</size>
         <input_file_ref idref="fl-68"/>
      </object_component>
      <object_component id="oc-1df">
         <name>.text</name>
         <load_address>0x352a3</load_address>
         <run_address>0x352a3</run_address>
         <size>0x11</size>
         <input_file_ref idref="fl-6c"/>
      </object_component>
      <object_component id="oc-23d">
         <name>.text</name>
         <load_address>0x352b4</load_address>
         <run_address>0x352b4</run_address>
         <size>0x10</size>
         <input_file_ref idref="fl-82"/>
      </object_component>
      <object_component id="oc-1b3">
         <name>.text</name>
         <load_address>0x352c4</load_address>
         <run_address>0x352c4</run_address>
         <size>0xe</size>
         <input_file_ref idref="fl-62"/>
      </object_component>
      <object_component id="oc-26a">
         <name>.text</name>
         <load_address>0x352d2</load_address>
         <run_address>0x352d2</run_address>
         <size>0xa</size>
         <input_file_ref idref="fl-8c"/>
      </object_component>
      <object_component id="oc-1b0">
         <name>.text:CIO_breakpoint</name>
         <load_address>0x352dc</load_address>
         <run_address>0x352dc</run_address>
         <size>0x7</size>
         <input_file_ref idref="fl-61"/>
      </object_component>
      <object_component id="oc-198">
         <name>.stack</name>
         <load_address>0xc0</load_address>
         <run_address>0xc0</run_address>
         <size>0x0</size>
         <input_file_ref idref="fl-5c"/>
      </object_component>
      <object_component id="oc-291">
         <name>.stack</name>
         <load_address>0xc0</load_address>
         <run_address>0xc0</run_address>
         <size>0x0</size>
      </object_component>
      <object_component id="oc-26e">
         <name>.sysstack</name>
         <load_address>0x20c0</load_address>
         <run_address>0x20c0</run_address>
         <size>0x0</size>
         <input_file_ref idref="fl-5c"/>
      </object_component>
      <object_component id="oc-293">
         <name>.sysstack</name>
         <load_address>0x20c0</load_address>
         <run_address>0x20c0</run_address>
         <size>0x0</size>
      </object_component>
      <object_component id="oc-f1">
         <name>.bss</name>
         <uninitialized>true</uninitialized>
         <run_address>0x80c0</run_address>
         <size>0xa1a</size>
         <input_file_ref idref="fl-28"/>
      </object_component>
      <object_component id="oc-b2">
         <name>.bss</name>
         <uninitialized>true</uninitialized>
         <run_address>0x8ada</run_address>
         <size>0x800</size>
         <input_file_ref idref="fl-1c"/>
      </object_component>
      <object_component id="oc-a6">
         <name>.bss</name>
         <uninitialized>true</uninitialized>
         <run_address>0x92da</run_address>
         <size>0x400</size>
         <input_file_ref idref="fl-1a"/>
      </object_component>
      <object_component id="oc-1b">
         <name>.bss</name>
         <uninitialized>true</uninitialized>
         <run_address>0x96da</run_address>
         <size>0x2</size>
         <input_file_ref idref="fl-3"/>
      </object_component>
      <object_component id="oc-c2">
         <name>.bss</name>
         <uninitialized>true</uninitialized>
         <run_address>0x96dc</run_address>
         <size>0x37c</size>
         <input_file_ref idref="fl-1f"/>
      </object_component>
      <object_component id="oc-18e">
         <name>.bss</name>
         <uninitialized>true</uninitialized>
         <run_address>0x9a58</run_address>
         <size>0x248</size>
         <input_file_ref idref="fl-43"/>
      </object_component>
      <object_component id="oc-209">
         <name>.bss</name>
         <uninitialized>true</uninitialized>
         <run_address>0x9ca0</run_address>
         <size>0x232</size>
         <input_file_ref idref="fl-76"/>
      </object_component>
      <object_component id="oc-261">
         <name>.bss</name>
         <uninitialized>true</uninitialized>
         <run_address>0x9ed2</run_address>
         <size>0x2</size>
         <input_file_ref idref="fl-8a"/>
      </object_component>
      <object_component id="oc-143">
         <name>.bss</name>
         <uninitialized>true</uninitialized>
         <run_address>0x9ed4</run_address>
         <size>0x224</size>
         <input_file_ref idref="fl-37"/>
      </object_component>
      <object_component id="oc-246">
         <name>.bss</name>
         <uninitialized>true</uninitialized>
         <run_address>0xa0f8</run_address>
         <size>0x1a0</size>
         <input_file_ref idref="fl-84"/>
      </object_component>
      <object_component id="oc-149">
         <name>.bss</name>
         <uninitialized>true</uninitialized>
         <run_address>0xa298</run_address>
         <size>0x12a</size>
         <input_file_ref idref="fl-38"/>
      </object_component>
      <object_component id="oc-10b">
         <name>.bss</name>
         <uninitialized>true</uninitialized>
         <run_address>0xa3c4</run_address>
         <size>0x108</size>
         <input_file_ref idref="fl-2d"/>
      </object_component>
      <object_component id="oc-7f">
         <name>.bss</name>
         <uninitialized>true</uninitialized>
         <run_address>0xa4cc</run_address>
         <size>0xfa</size>
         <input_file_ref idref="fl-12"/>
      </object_component>
      <object_component id="oc-230">
         <name>.bss</name>
         <uninitialized>true</uninitialized>
         <run_address>0xa5c8</run_address>
         <size>0xe2</size>
         <input_file_ref idref="fl-7f"/>
      </object_component>
      <object_component id="oc-187">
         <name>.bss</name>
         <uninitialized>true</uninitialized>
         <run_address>0xa6aa</run_address>
         <size>0xc2</size>
         <input_file_ref idref="fl-42"/>
      </object_component>
      <object_component id="oc-71">
         <name>.bss</name>
         <uninitialized>true</uninitialized>
         <run_address>0xa76c</run_address>
         <size>0x9c</size>
         <input_file_ref idref="fl-f"/>
      </object_component>
      <object_component id="oc-65">
         <name>.bss</name>
         <uninitialized>true</uninitialized>
         <run_address>0xa808</run_address>
         <size>0x6c</size>
         <input_file_ref idref="fl-d"/>
      </object_component>
      <object_component id="oc-111">
         <name>.bss</name>
         <uninitialized>true</uninitialized>
         <run_address>0xa874</run_address>
         <size>0x54</size>
         <input_file_ref idref="fl-2e"/>
      </object_component>
      <object_component id="oc-8c">
         <name>.bss</name>
         <uninitialized>true</uninitialized>
         <run_address>0xa8c8</run_address>
         <size>0x40</size>
         <input_file_ref idref="fl-14"/>
      </object_component>
      <object_component id="oc-13d">
         <name>.bss</name>
         <uninitialized>true</uninitialized>
         <run_address>0xa908</run_address>
         <size>0x2c</size>
         <input_file_ref idref="fl-36"/>
      </object_component>
      <object_component id="oc-17f">
         <name>.bss</name>
         <uninitialized>true</uninitialized>
         <run_address>0xa934</run_address>
         <size>0x28</size>
         <input_file_ref idref="fl-41"/>
      </object_component>
      <object_component id="oc-118">
         <name>.bss</name>
         <uninitialized>true</uninitialized>
         <run_address>0xa95c</run_address>
         <size>0x24</size>
         <input_file_ref idref="fl-2f"/>
      </object_component>
      <object_component id="oc-34">
         <name>.bss</name>
         <uninitialized>true</uninitialized>
         <run_address>0xa980</run_address>
         <size>0x24</size>
         <input_file_ref idref="fl-6"/>
      </object_component>
      <object_component id="oc-4c">
         <name>.bss</name>
         <uninitialized>true</uninitialized>
         <run_address>0xa9a4</run_address>
         <size>0x18</size>
         <input_file_ref idref="fl-9"/>
      </object_component>
      <object_component id="oc-3c">
         <name>.bss</name>
         <uninitialized>true</uninitialized>
         <run_address>0xa9bc</run_address>
         <size>0x14</size>
         <input_file_ref idref="fl-7"/>
      </object_component>
      <object_component id="oc-13">
         <name>.bss</name>
         <uninitialized>true</uninitialized>
         <run_address>0xa9d0</run_address>
         <size>0x12</size>
         <input_file_ref idref="fl-2"/>
      </object_component>
      <object_component id="oc-44">
         <name>.bss</name>
         <uninitialized>true</uninitialized>
         <run_address>0xa9e4</run_address>
         <size>0x10</size>
         <input_file_ref idref="fl-8"/>
      </object_component>
      <object_component id="oc-150">
         <name>.bss</name>
         <uninitialized>true</uninitialized>
         <run_address>0xa9f4</run_address>
         <size>0x10</size>
         <input_file_ref idref="fl-39"/>
      </object_component>
      <object_component id="oc-1c9">
         <name>.bss</name>
         <uninitialized>true</uninitialized>
         <run_address>0xaa04</run_address>
         <size>0xc</size>
         <input_file_ref idref="fl-67"/>
      </object_component>
      <object_component id="oc-5e">
         <name>.bss</name>
         <uninitialized>true</uninitialized>
         <run_address>0xaa10</run_address>
         <size>0x8</size>
         <input_file_ref idref="fl-c"/>
      </object_component>
      <object_component id="oc-54">
         <name>.bss</name>
         <uninitialized>true</uninitialized>
         <run_address>0xaa18</run_address>
         <size>0x8</size>
         <input_file_ref idref="fl-a"/>
      </object_component>
      <object_component id="oc-16c">
         <name>.bss</name>
         <uninitialized>true</uninitialized>
         <run_address>0xaa20</run_address>
         <size>0x8</size>
         <input_file_ref idref="fl-3e"/>
      </object_component>
      <object_component id="oc-2c">
         <name>.bss</name>
         <uninitialized>true</uninitialized>
         <run_address>0xaa28</run_address>
         <size>0x8</size>
         <input_file_ref idref="fl-5"/>
      </object_component>
      <object_component id="oc-23">
         <name>.bss</name>
         <uninitialized>true</uninitialized>
         <run_address>0xaa30</run_address>
         <size>0x8</size>
         <input_file_ref idref="fl-4"/>
      </object_component>
      <object_component id="oc-1f0">
         <name>.bss</name>
         <uninitialized>true</uninitialized>
         <run_address>0xaa38</run_address>
         <size>0x8</size>
         <input_file_ref idref="fl-70"/>
      </object_component>
      <object_component id="oc-1ad">
         <name>.bss</name>
         <uninitialized>true</uninitialized>
         <run_address>0xaa40</run_address>
         <size>0x8</size>
         <input_file_ref idref="fl-61"/>
      </object_component>
      <object_component id="oc-177">
         <name>.bss</name>
         <uninitialized>true</uninitialized>
         <run_address>0xaa48</run_address>
         <size>0x8</size>
         <input_file_ref idref="fl-40"/>
      </object_component>
      <object_component id="oc-cd">
         <name>.bss</name>
         <uninitialized>true</uninitialized>
         <run_address>0xaa50</run_address>
         <size>0x6</size>
         <input_file_ref idref="fl-21"/>
      </object_component>
      <object_component id="oc-161">
         <name>.bss</name>
         <uninitialized>true</uninitialized>
         <run_address>0xaa58</run_address>
         <size>0x4</size>
         <input_file_ref idref="fl-3c"/>
      </object_component>
      <object_component id="oc-14b">
         <name>.const:.string</name>
         <load_address>0xaa5c</load_address>
         <run_address>0xaa5c</run_address>
         <size>0x68c</size>
         <input_file_ref idref="fl-38"/>
      </object_component>
      <object_component id="oc-279">
         <name>.const:__ctypes_</name>
         <load_address>0xb0e8</load_address>
         <run_address>0xb0e8</run_address>
         <size>0x202</size>
         <input_file_ref idref="fl-75"/>
      </object_component>
      <object_component id="oc-133">
         <name>.const:.string</name>
         <load_address>0xb2ec</load_address>
         <run_address>0xb2ec</run_address>
         <size>0x102</size>
         <input_file_ref idref="fl-34"/>
      </object_component>
      <object_component id="oc-68">
         <name>.const:.string</name>
         <load_address>0xb3f0</load_address>
         <run_address>0xb3f0</run_address>
         <size>0xc2</size>
         <input_file_ref idref="fl-d"/>
      </object_component>
      <object_component id="oc-a8">
         <name>.const:.string</name>
         <load_address>0xb4b4</load_address>
         <run_address>0xb4b4</run_address>
         <size>0xba</size>
         <input_file_ref idref="fl-1a"/>
      </object_component>
      <object_component id="oc-16">
         <name>.const:.string</name>
         <load_address>0xb570</load_address>
         <run_address>0xb570</run_address>
         <size>0x7e</size>
         <input_file_ref idref="fl-2"/>
      </object_component>
      <object_component id="oc-37">
         <name>.const:.string</name>
         <load_address>0xb5f0</load_address>
         <run_address>0xb5f0</run_address>
         <size>0x7c</size>
         <input_file_ref idref="fl-6"/>
      </object_component>
      <object_component id="oc-4f">
         <name>.const:.string</name>
         <load_address>0xb66c</load_address>
         <run_address>0xb66c</run_address>
         <size>0x5a</size>
         <input_file_ref idref="fl-9"/>
      </object_component>
      <object_component id="oc-1f8">
         <name>.const:.string</name>
         <load_address>0xb6c8</load_address>
         <run_address>0xb6c8</run_address>
         <size>0x48</size>
         <input_file_ref idref="fl-71"/>
      </object_component>
      <object_component id="oc-3f">
         <name>.const:.string</name>
         <load_address>0xb710</load_address>
         <run_address>0xb710</run_address>
         <size>0x42</size>
         <input_file_ref idref="fl-7"/>
      </object_component>
      <object_component id="oc-57">
         <name>.const:.string</name>
         <load_address>0xb754</load_address>
         <run_address>0xb754</run_address>
         <size>0x40</size>
         <input_file_ref idref="fl-a"/>
      </object_component>
      <object_component id="oc-27">
         <name>.const:.string</name>
         <load_address>0xb794</load_address>
         <run_address>0xb794</run_address>
         <size>0x30</size>
         <input_file_ref idref="fl-4"/>
      </object_component>
      <object_component id="oc-26">
         <name>.const</name>
         <load_address>0xb7c4</load_address>
         <run_address>0xb7c4</run_address>
         <size>0x28</size>
         <input_file_ref idref="fl-4"/>
      </object_component>
      <object_component id="oc-1f7">
         <name>.const</name>
         <load_address>0xb7ec</load_address>
         <run_address>0xb7ec</run_address>
         <size>0x18</size>
         <input_file_ref idref="fl-71"/>
      </object_component>
      <object_component id="oc-1e">
         <name>.const:.string</name>
         <load_address>0xb804</load_address>
         <run_address>0xb804</run_address>
         <size>0x10</size>
         <input_file_ref idref="fl-3"/>
      </object_component>
      <object_component id="oc-278">
         <name>.const:_initial_approx$1</name>
         <load_address>0xb814</load_address>
         <run_address>0xb814</run_address>
         <size>0x10</size>
         <input_file_ref idref="fl-5e"/>
      </object_component>
      <object_component id="oc-47">
         <name>.const:.string</name>
         <load_address>0xb824</load_address>
         <run_address>0xb824</run_address>
         <size>0xc</size>
         <input_file_ref idref="fl-8"/>
      </object_component>
      <object_component id="oc-2f">
         <name>.const:.string</name>
         <load_address>0xb830</load_address>
         <run_address>0xb830</run_address>
         <size>0xa</size>
         <input_file_ref idref="fl-5"/>
      </object_component>
      <object_component id="oc-82">
         <name>.const:.string</name>
         <load_address>0xb83c</load_address>
         <run_address>0xb83c</run_address>
         <size>0xa</size>
         <input_file_ref idref="fl-12"/>
      </object_component>
      <object_component id="oc-26f">
         <name>.const:_$P$T0$2</name>
         <load_address>0xb846</load_address>
         <run_address>0xb846</run_address>
         <size>0x8</size>
         <input_file_ref idref="fl-d"/>
      </object_component>
      <object_component id="oc-220">
         <name>.const:.string</name>
         <load_address>0xb850</load_address>
         <run_address>0xb850</run_address>
         <size>0x4</size>
         <input_file_ref idref="fl-7b"/>
      </object_component>
      <object_component id="oc-217">
         <name>.const</name>
         <load_address>0xb854</load_address>
         <run_address>0xb854</run_address>
         <size>0x4</size>
         <input_file_ref idref="fl-79"/>
      </object_component>
      <object_component id="oc-1b9">
         <name>.const</name>
         <load_address>0xb858</load_address>
         <run_address>0xb858</run_address>
         <size>0x4</size>
         <input_file_ref idref="fl-63"/>
      </object_component>
      <object_component id="oc-1cc">
         <name>.sysmem</name>
         <uninitialized>true</uninitialized>
         <run_address>0x30c0</run_address>
         <size>0x0</size>
         <input_file_ref idref="fl-67"/>
      </object_component>
      <object_component id="oc-292">
         <name>.sysmem</name>
         <uninitialized>true</uninitialized>
         <run_address>0x30c0</run_address>
         <size>0x0</size>
      </object_component>
      <object_component id="oc-272">
         <name>.switch:_SDIO_eventDisable</name>
         <load_address>0x40968</load_address>
         <run_address>0x40968</run_address>
         <size>0x44</size>
         <input_file_ref idref="fl-22"/>
      </object_component>
      <object_component id="oc-271">
         <name>.switch:_SDIO_eventEnable</name>
         <load_address>0x409ac</load_address>
         <run_address>0x409ac</run_address>
         <size>0x44</size>
         <input_file_ref idref="fl-22"/>
      </object_component>
      <object_component id="oc-274">
         <name>.switch:_DMA_config</name>
         <load_address>0x409f0</load_address>
         <run_address>0x409f0</run_address>
         <size>0x40</size>
         <input_file_ref idref="fl-32"/>
      </object_component>
      <object_component id="oc-275">
         <name>.switch:_DMA_getConfig</name>
         <load_address>0x40a30</load_address>
         <run_address>0x40a30</run_address>
         <size>0x40</size>
         <input_file_ref idref="fl-32"/>
      </object_component>
      <object_component id="oc-276">
         <name>.switch:_DMA_reset</name>
         <load_address>0x40a70</load_address>
         <run_address>0x40a70</run_address>
         <size>0x40</size>
         <input_file_ref idref="fl-32"/>
      </object_component>
      <object_component id="oc-270">
         <name>.switch:_USB_coreEventProcessEp0</name>
         <load_address>0x40ab0</load_address>
         <run_address>0x40ab0</run_address>
         <size>0x30</size>
         <input_file_ref idref="fl-1f"/>
      </object_component>
      <object_component id="oc-277">
         <name>.switch:_NtoC</name>
         <load_address>0x40ae0</load_address>
         <run_address>0x40ae0</run_address>
         <size>0x28</size>
         <input_file_ref idref="fl-41"/>
      </object_component>
      <object_component id="oc-273">
         <name>.switch:_MSC_Bulk</name>
         <load_address>0x40b08</load_address>
         <run_address>0x40b08</run_address>
         <size>0x20</size>
         <input_file_ref idref="fl-27"/>
      </object_component>
      <object_component id="oc-73">
         <name>.cinit</name>
         <load_address>0x40000</load_address>
         <run_address>0x40000</run_address>
         <size>0x1d0</size>
         <input_file_ref idref="fl-f"/>
      </object_component>
      <object_component id="oc-190">
         <name>.cinit</name>
         <load_address>0x401d0</load_address>
         <run_address>0x401d0</run_address>
         <size>0x1b8</size>
         <input_file_ref idref="fl-43"/>
      </object_component>
      <object_component id="oc-67">
         <name>.cinit</name>
         <load_address>0x40388</load_address>
         <run_address>0x40388</run_address>
         <size>0xa8</size>
         <input_file_ref idref="fl-d"/>
      </object_component>
      <object_component id="oc-81">
         <name>.cinit</name>
         <load_address>0x40430</load_address>
         <run_address>0x40430</run_address>
         <size>0x7a</size>
         <input_file_ref idref="fl-12"/>
      </object_component>
      <object_component id="oc-232">
         <name>.cinit</name>
         <load_address>0x404aa</load_address>
         <run_address>0x404aa</run_address>
         <size>0x5a</size>
         <input_file_ref idref="fl-7f"/>
      </object_component>
      <object_component id="oc-20b">
         <name>.cinit</name>
         <load_address>0x40504</load_address>
         <run_address>0x40504</run_address>
         <size>0x54</size>
         <input_file_ref idref="fl-76"/>
      </object_component>
      <object_component id="oc-36">
         <name>.cinit</name>
         <load_address>0x40558</load_address>
         <run_address>0x40558</run_address>
         <size>0x3e</size>
         <input_file_ref idref="fl-6"/>
      </object_component>
      <object_component id="oc-f3">
         <name>.cinit</name>
         <load_address>0x40596</load_address>
         <run_address>0x40596</run_address>
         <size>0x2a</size>
         <input_file_ref idref="fl-28"/>
      </object_component>
      <object_component id="oc-3e">
         <name>.cinit</name>
         <load_address>0x405c0</load_address>
         <run_address>0x405c0</run_address>
         <size>0x28</size>
         <input_file_ref idref="fl-7"/>
      </object_component>
      <object_component id="oc-46">
         <name>.cinit</name>
         <load_address>0x405e8</load_address>
         <run_address>0x405e8</run_address>
         <size>0x26</size>
         <input_file_ref idref="fl-8"/>
      </object_component>
      <object_component id="oc-179">
         <name>.cinit</name>
         <load_address>0x4060e</load_address>
         <run_address>0x4060e</run_address>
         <size>0x20</size>
         <input_file_ref idref="fl-40"/>
      </object_component>
      <object_component id="oc-4e">
         <name>.cinit</name>
         <load_address>0x4062e</load_address>
         <run_address>0x4062e</run_address>
         <size>0x1c</size>
         <input_file_ref idref="fl-9"/>
      </object_component>
      <object_component id="oc-60">
         <name>.cinit</name>
         <load_address>0x4064a</load_address>
         <run_address>0x4064a</run_address>
         <size>0x1a</size>
         <input_file_ref idref="fl-c"/>
      </object_component>
      <object_component id="oc-152">
         <name>.cinit</name>
         <load_address>0x40664</load_address>
         <run_address>0x40664</run_address>
         <size>0x18</size>
         <input_file_ref idref="fl-39"/>
      </object_component>
      <object_component id="oc-15">
         <name>.cinit</name>
         <load_address>0x4067c</load_address>
         <run_address>0x4067c</run_address>
         <size>0x18</size>
         <input_file_ref idref="fl-2"/>
      </object_component>
      <object_component id="oc-1f2">
         <name>.cinit</name>
         <load_address>0x40694</load_address>
         <run_address>0x40694</run_address>
         <size>0x14</size>
         <input_file_ref idref="fl-70"/>
      </object_component>
      <object_component id="oc-1af">
         <name>.cinit</name>
         <load_address>0x406a8</load_address>
         <run_address>0x406a8</run_address>
         <size>0x14</size>
         <input_file_ref idref="fl-61"/>
      </object_component>
      <object_component id="oc-2e">
         <name>.cinit</name>
         <load_address>0x406bc</load_address>
         <run_address>0x406bc</run_address>
         <size>0x12</size>
         <input_file_ref idref="fl-5"/>
      </object_component>
      <object_component id="oc-56">
         <name>.cinit</name>
         <load_address>0x406ce</load_address>
         <run_address>0x406ce</run_address>
         <size>0x10</size>
         <input_file_ref idref="fl-a"/>
      </object_component>
      <object_component id="oc-113">
         <name>.cinit</name>
         <load_address>0x406de</load_address>
         <run_address>0x406de</run_address>
         <size>0x10</size>
         <input_file_ref idref="fl-2e"/>
      </object_component>
      <object_component id="oc-181">
         <name>.cinit</name>
         <load_address>0x406ee</load_address>
         <run_address>0x406ee</run_address>
         <size>0x10</size>
         <input_file_ref idref="fl-41"/>
      </object_component>
      <object_component id="oc-25">
         <name>.cinit</name>
         <load_address>0x406fe</load_address>
         <run_address>0x406fe</run_address>
         <size>0x8</size>
         <input_file_ref idref="fl-4"/>
      </object_component>
      <object_component id="oc-189">
         <name>.cinit</name>
         <load_address>0x40706</load_address>
         <run_address>0x40706</run_address>
         <size>0x8</size>
         <input_file_ref idref="fl-42"/>
      </object_component>
      <object_component id="oc-1d">
         <name>.cinit</name>
         <load_address>0x4070e</load_address>
         <run_address>0x4070e</run_address>
         <size>0x8</size>
         <input_file_ref idref="fl-3"/>
      </object_component>
      <object_component id="oc-263">
         <name>.cinit</name>
         <load_address>0x40716</load_address>
         <run_address>0x40716</run_address>
         <size>0x8</size>
         <input_file_ref idref="fl-8a"/>
      </object_component>
      <object_component id="oc-1cb">
         <name>.cinit</name>
         <load_address>0x4071e</load_address>
         <run_address>0x4071e</run_address>
         <size>0x8</size>
         <input_file_ref idref="fl-67"/>
      </object_component>
      <object_component id="oc-24c">
         <name>.cio</name>
         <uninitialized>true</uninitialized>
         <run_address>0x40728</run_address>
         <size>0x240</size>
         <input_file_ref idref="fl-85"/>
      </object_component>
      <object_component id="oc-11">
         <name>vectors</name>
         <load_address>0x4ce00</load_address>
         <run_address>0x4ce00</run_address>
         <size>0x100</size>
         <input_file_ref idref="fl-6f"/>
      </object_component>
      <object_component id="oc-b8">
         <name>vectors</name>
         <load_address>0x4cf00</load_address>
         <run_address>0x4cf00</run_address>
         <size>0x100</size>
         <input_file_ref idref="fl-1d"/>
      </object_component>
      <object_component id="oc-14">
         <name>.debug_info</name>
         <load_address>0x0</load_address>
         <run_address>0x0</run_address>
         <size>0x10eb</size>
         <input_file_ref idref="fl-2"/>
      </object_component>
[...]
         <object_component_ref idref="oc-18d"/>
      </symbol>
      <symbol id="sm-20d1">
         <name>_set_dma0_ch0_i2s0_Lout</name>
         <value>0x32c08</value>
         <object_component_ref idref="oc-18d"/>
      </symbol>
      <symbol id="sm-20d2">
         <name>_RcvR_Sine</name>
         <value>0x9c38</value>
         <object_component_ref idref="oc-18e"/>
      </symbol>
      <symbol id="sm-20d3">
         <name>_RcvL_Sine</name>
         <value>0x9bd8</value>
         <object_component_ref idref="oc-18e"/>
      </symbol>
      <symbol id="sm-20d4">
         <name>_set_dma1_ch1_i2s2_Rout</name>
         <value>0x32c74</value>
         <object_component_ref idref="oc-18d"/>
      </symbol>
      <symbol id="sm-20d5">
         <name>_set_dma0_ch1_i2s0_Rout</name>
         <value>0x32ce0</value>
         <object_component_ref idref="oc-18d"/>
      </symbol>
      <symbol id="sm-20d6">
         <name>_DMA_Done</name>
         <value>0x9c9e</value>
         <object_component_ref idref="oc-18e"/>
      </symbol>
      <symbol id="sm-20d7">
         <name>_XmitL_Sine_1K</name>
         <value>0x9a58</value>
         <object_component_ref idref="oc-18e"/>
      </symbol>
      <symbol id="sm-20d8">
         <name>_set_dma1_ch0_stop</name>
         <value>0x32b3c</value>
         <object_component_ref idref="oc-18d"/>
      </symbol>
      <symbol id="sm-20d9">
         <name>_set_dma1_ch1_stop</name>
         <value>0x32b6c</value>
         <object_component_ref idref="oc-18d"/>
      </symbol>
      <symbol id="sm-20da">
         <name>_enable_dma_int</name>
         <value>0x32d4c</value>
         <object_component_ref idref="oc-18d"/>
      </symbol>
      <symbol id="sm-20db">
         <name>_XmitL_Sine_2K</name>
         <value>0x9ab8</value>
         <object_component_ref idref="oc-18e"/>
      </symbol>
      <symbol id="sm-20dc">
         <name>_set_dma0_ch0_stop</name>
         <value>0x32b54</value>
         <object_component_ref idref="oc-18d"/>
      </symbol>
      <symbol id="sm-20dd">
         <name>_set_dma0_ch1_stop</name>
         <value>0x32b84</value>
         <object_component_ref idref="oc-18d"/>
      </symbol>
      <symbol id="sm-20de">
         <name>_XmitR_Sine_1K</name>
         <value>0x9b18</value>
         <object_component_ref idref="oc-18e"/>
      </symbol>
      <symbol id="sm-20df">
         <name>_XmitR_Sine_2K</name>
         <value>0x9b78</value>
         <object_component_ref idref="oc-18e"/>
      </symbol>
      <symbol id="sm-20e9">
         <name>__addd</name>
         <value>0x32458</value>
         <object_component_ref idref="oc-194"/>
      </symbol>
      <symbol id="sm-20f5">
         <name>__sysstack</name>
         <value>0x20c0</value>
         <object_component_ref idref="oc-26e"/>
      </symbol>
      <symbol id="sm-20f6">
         <name>_c_int00</name>
         <value>0x35194</value>
         <object_component_ref idref="oc-10"/>
      </symbol>
      <symbol id="sm-20f7">
         <name>__stack</name>
         <value>0xc0</value>
         <object_component_ref idref="oc-198"/>
      </symbol>
      <symbol id="sm-2101">
         <name>__eqld</name>
         <value>0x330b1</value>
         <object_component_ref idref="oc-19c"/>
      </symbol>
      <symbol id="sm-2102">
         <name>__cmpd</name>
         <value>0x330e5</value>
         <object_component_ref idref="oc-19c"/>
      </symbol>
      <symbol id="sm-2103">
         <name>__neqd</name>
         <value>0x32f53</value>
         <object_component_ref idref="oc-19c"/>
      </symbol>
      <symbol id="sm-2104">
         <name>__gtrd</name>
         <value>0x3301c</value>
         <object_component_ref idref="oc-19c"/>
      </symbol>
      <symbol id="sm-2105">
         <name>__geqd</name>
         <value>0x33067</value>
         <object_component_ref idref="oc-19c"/>
      </symbol>
      <symbol id="sm-2106">
         <name>__leqd</name>
         <value>0x32fcf</value>
         <object_component_ref idref="oc-19c"/>
      </symbol>
      <symbol id="sm-2107">
         <name>__lssd</name>
         <value>0x32f87</value>
         <object_component_ref idref="oc-19c"/>
      </symbol>
      <symbol id="sm-2113">
         <name>__divd</name>
         <value>0x3041a</value>
         <object_component_ref idref="oc-1a0"/>
      </symbol>
      <symbol id="sm-211d">
         <name>__divli</name>
         <value>0x35085</value>
         <object_component_ref idref="oc-1a4"/>
      </symbol>
      <symbol id="sm-2128">
         <name>__divul</name>
         <value>0x345a9</value>
         <object_component_ref idref="oc-1a8"/>
      </symbol>
      <symbol id="sm-2138">
         <name>C$$EXIT</name>
         <value>0x352dd</value>
         <object_component_ref idref="oc-1b0"/>
      </symbol>
      <symbol id="sm-2139">
         <name>_exit</name>
         <value>0x35156</value>
         <object_component_ref idref="oc-1ac"/>
      </symbol>
      <symbol id="sm-213a">
         <name>_abort</name>
         <value>0x352dc</value>
         <object_component_ref idref="oc-1b0"/>
      </symbol>
      <symbol id="sm-213b">
         <name>__cleanup_ptr</name>
         <value>0xaa40</value>
         <object_component_ref idref="oc-1ad"/>
      </symbol>
      <symbol id="sm-213c">
         <name>__dtors_ptr</name>
         <value>0xaa44</value>
         <object_component_ref idref="oc-1ad"/>
      </symbol>
      <symbol id="sm-2146">
         <name>__fltud</name>
         <value>0x352c4</value>
         <object_component_ref idref="oc-1b3"/>
      </symbol>
      <symbol id="sm-2152">
         <name>__fltuld</name>
         <value>0x34dfa</value>
         <object_component_ref idref="oc-1b7"/>
      </symbol>
      <symbol id="sm-215c">
         <name>__frcmpyd_div</name>
         <value>0x34b0b</value>
         <object_component_ref idref="oc-1bc"/>
      </symbol>
      <symbol id="sm-2164">
         <name>__mpyli</name>
         <value>0x3526d</value>
         <object_component_ref idref="oc-1c0"/>
      </symbol>
      <symbol id="sm-2165">
         <name>I$$LMPY</name>
         <value>0x3526d</value>
         <object_component_ref idref="oc-1c0"/>
      </symbol>
      <symbol id="sm-216d">
         <name>_memcpy</name>
         <value>0x35117</value>
         <object_component_ref idref="oc-1c4"/>
      </symbol>
      <symbol id="sm-217d">
         <name>__sys_memory</name>
         <value>0x30c0</value>
         <object_component_ref idref="oc-1cc"/>
      </symbol>
      <symbol id="sm-217e">
         <name>_chkheap</name>
         <value>0x2f7ec</value>
         <object_component_ref idref="oc-1c8"/>
      </symbol>
      <symbol id="sm-217f">
         <name>_realloc</name>
         <value>0x2f58b</value>
         <object_component_ref idref="oc-1c8"/>
      </symbol>
      <symbol id="sm-2180">
         <name>_free_memory</name>
         <value>0x2f796</value>
         <object_component_ref idref="oc-1c8"/>
      </symbol>
      <symbol id="sm-2181">
         <name>_max_free</name>
         <value>0x2f73c</value>
         <object_component_ref idref="oc-1c8"/>
      </symbol>
      <symbol id="sm-2182">
         <name>_free</name>
         <value>0x2f365</value>
         <object_component_ref idref="oc-1c8"/>
      </symbol>
      <symbol id="sm-2183">
         <name>_calloc</name>
         <value>0x2f7f4</value>
         <object_component_ref idref="oc-1c8"/>
      </symbol>
      <symbol id="sm-2184">
         <name>_malloc</name>
         <value>0x2f496</value>
         <object_component_ref idref="oc-1c8"/>
      </symbol>
      <symbol id="sm-2185">
         <name>_minit</name>
         <value>0x2f431</value>
         <object_component_ref idref="oc-1c8"/>
      </symbol>
      <symbol id="sm-218f">
         <name>_memset</name>
         <value>0x35292</value>
         <object_component_ref idref="oc-1cf"/>
      </symbol>
      <symbol id="sm-2199">
         <name>__mpyd</name>
         <value>0x33ab7</value>
         <object_component_ref idref="oc-1d3"/>
      </symbol>
      <symbol id="sm-21a3">
         <name>_printf</name>
         <value>0x34f02</value>
         <object_component_ref idref="oc-1d7"/>
      </symbol>
      <symbol id="sm-21ae">
         <name>__remul</name>
         <value>0x34b7e</value>
         <object_component_ref idref="oc-1db"/>
      </symbol>
      <symbol id="sm-21b8">
         <name>_strlen</name>
         <value>0x352a3</value>
         <object_component_ref idref="oc-1df"/>
      </symbol>
      <symbol id="sm-21c2">
         <name>__subd</name>
         <value>0x35259</value>
         <object_component_ref idref="oc-1e3"/>
      </symbol>
      <symbol id="sm-21ca">
         <name>__remu</name>
         <value>0x35207</value>
         <object_component_ref idref="oc-1e7"/>
      </symbol>
      <symbol id="sm-21cb">
         <name>__divu</name>
         <value>0x351f2</value>
         <object_component_ref idref="oc-1e7"/>
      </symbol>
      <symbol id="sm-21cc">
         <name>I$$UMOD</name>
         <value>0x35207</value>
         <object_component_ref idref="oc-1e7"/>
      </symbol>
      <symbol id="sm-21cd">
         <name>I$$UDIV</name>
         <value>0x351f2</value>
         <object_component_ref idref="oc-1e7"/>
      </symbol>
      <symbol id="sm-21d7">
         <name>_Reset</name>
         <value>0x4ce00</value>
         <object_component_ref idref="oc-11"/>
      </symbol>
      <symbol id="sm-21e5">
         <name>__unlock</name>
         <value>0xaa3c</value>
         <object_component_ref idref="oc-1f0"/>
      </symbol>
      <symbol id="sm-21e6">
         <name>__lock</name>
         <value>0xaa38</value>
         <object_component_ref idref="oc-1f0"/>
      </symbol>
      <symbol id="sm-21e7">
         <name>__register_lock</name>
         <value>0x35288</value>
         <object_component_ref idref="oc-1ef"/>
      </symbol>
      <symbol id="sm-21e8">
         <name>__nop</name>
         <value>0x35290</value>
         <object_component_ref idref="oc-1ef"/>
      </symbol>
      <symbol id="sm-21e9">
         <name>__register_unlock</name>
         <value>0x35280</value>
         <object_component_ref idref="oc-1ef"/>
      </symbol>
      <symbol id="sm-21fb">
         <name>__printfi</name>
         <value>0x21362</value>
         <object_component_ref idref="oc-1f5"/>
      </symbol>
      <symbol id="sm-2205">
         <name>__args_main</name>
         <value>0x34fef</value>
         <object_component_ref idref="oc-1fb"/>
      </symbol>
      <symbol id="sm-2206">
         <name>__TI_args_main</name>
         <value>0x1</value>
      </symbol>
      <symbol id="sm-2210">
         <name>_atoi</name>
         <value>0x34d9e</value>
         <object_component_ref idref="oc-1ff"/>
      </symbol>
      <symbol id="sm-2218">
         <name>_auto_init</name>
         <value>0x34fa2</value>
         <object_component_ref idref="oc-203"/>
      </symbol>
      <symbol id="sm-2220">
         <name>__ctypes_</name>
         <value>0xb0e8</value>
         <object_component_ref idref="oc-279"/>
      </symbol>
      <symbol id="sm-222a">
         <name>__tmpnams</name>
         <value>0x9d90</value>
         <object_component_ref idref="oc-209"/>
      </symbol>
      <symbol id="sm-222b">
         <name>__ft_end</name>
         <value>0x9ed0</value>
         <object_component_ref idref="oc-209"/>
      </symbol>
      <symbol id="sm-222c">
         <name>__ftable</name>
         <value>0x9ca0</value>
         <object_component_ref idref="oc-209"/>
      </symbol>
      <symbol id="sm-2236">
         <name>__fixdi</name>
         <value>0x351c8</value>
         <object_component_ref idref="oc-20d"/>
      </symbol>
      <symbol id="sm-2240">
         <name>__fixdli</name>
         <value>0x34bf0</value>
         <object_component_ref idref="oc-211"/>
      </symbol>
      <symbol id="sm-224c">
         <name>__fltlid</name>
         <value>0x34d37</value>
         <object_component_ref idref="oc-215"/>
      </symbol>
      <symbol id="sm-2256">
         <name>_putchar</name>
         <value>0x3459a</value>
         <object_component_ref idref="oc-21a"/>
      </symbol>
      <symbol id="sm-2257">
         <name>_putc</name>
         <value>0x34503</value>
         <object_component_ref idref="oc-21a"/>
      </symbol>
      <symbol id="sm-2258">
         <name>_fputc</name>
         <value>0x34503</value>
         <object_component_ref idref="oc-21a"/>
      </symbol>
      <symbol id="sm-2266">
         <name>_puts</name>
         <value>0x33a89</value>
         <object_component_ref idref="oc-21e"/>
      </symbol>
      <symbol id="sm-2267">
         <name>_fputs</name>
         <value>0x33954</value>
         <object_component_ref idref="oc-21e"/>
      </symbol>
      <symbol id="sm-2271">
         <name>__frcmpyd</name>
         <value>0x34a95</value>
         <object_component_ref idref="oc-223"/>
      </symbol>
      <symbol id="sm-227b">
         <name>___isinf</name>
         <value>0x3523f</value>
         <object_component_ref idref="oc-227"/>
      </symbol>
      <symbol id="sm-2285">
         <name>__divull</name>
         <value>0x3232f</value>
         <object_component_ref idref="oc-22b"/>
      </symbol>
      <symbol id="sm-2286">
         <name>__mpylli</name>
         <value>0x32277</value>
         <object_component_ref idref="oc-22b"/>
      </symbol>
      <symbol id="sm-2287">
         <name>__remlli</name>
         <value>0x32248</value>
         <object_component_ref idref="oc-22b"/>
      </symbol>
      <symbol id="sm-2288">
         <name>__divlli</name>
         <value>0x32423</value>
         <object_component_ref idref="oc-22b"/>
      </symbol>
      <symbol id="sm-2289">
         <name>__remull</name>
         <value>0x321fa</value>
         <object_component_ref idref="oc-22b"/>
      </symbol>
      <symbol id="sm-229b">
         <name>_add_device</name>
         <value>0x2e33e</value>
         <object_component_ref idref="oc-22f"/>
      </symbol>
      <symbol id="sm-229c">
         <name>_rename</name>
         <value>0x2e060</value>
         <object_component_ref idref="oc-22f"/>
      </symbol>
      <symbol id="sm-229d">
         <name>_read</name>
         <value>0x2e0ef</value>
         <object_component_ref idref="oc-22f"/>
      </symbol>
      <symbol id="sm-229e">
         <name>_unlink</name>
         <value>0x2e02d</value>
         <object_component_ref idref="oc-22f"/>
      </symbol>
      <symbol id="sm-229f">
         <name>_remove_device</name>
         <value>0x2e0b9</value>
         <object_component_ref idref="oc-22f"/>
      </symbol>
      <symbol id="sm-22a0">
         <name>_open</name>
         <value>0x2e19d</value>
         <object_component_ref idref="oc-22f"/>
      </symbol>
      <symbol id="sm-22a1">
         <name>_find_registered_device</name>
         <value>0x2e2c2</value>
         <object_component_ref idref="oc-22f"/>
      </symbol>
      <symbol id="sm-22a2">
         <name>_lseek</name>
         <value>0x2e25c</value>
         <object_component_ref idref="oc-22f"/>
      </symbol>
      <symbol id="sm-22a3">
         <name>_close</name>
         <value>0x2e2cb</value>
         <object_component_ref idref="oc-22f"/>
      </symbol>
      <symbol id="sm-22a4">
         <name>_write</name>
         <value>0x2deeb</value>
         <object_component_ref idref="oc-22f"/>
      </symbol>
      <symbol id="sm-22ae">
         <name>_ltoa</name>
         <value>0x3499d</value>
         <object_component_ref idref="oc-235"/>
      </symbol>
      <symbol id="sm-22b9">
         <name>_memccpy</name>
         <value>0x3521c</value>
         <object_component_ref idref="oc-239"/>
      </symbol>
      <symbol id="sm-22c3">
         <name>__negd</name>
         <value>0x352b4</value>
         <object_component_ref idref="oc-23d"/>
      </symbol>
      <symbol id="sm-22cd">
         <name>__remli</name>
         <value>0x3503a</value>
         <object_component_ref idref="oc-241"/>
      </symbol>
      <symbol id="sm-22d9">
         <name>_HOSTopen</name>
         <value>0x2ec73</value>
         <object_component_ref idref="oc-245"/>
      </symbol>
      <symbol id="sm-22da">
         <name>_HOSTread</name>
         <value>0x2ebe6</value>
         <object_component_ref idref="oc-245"/>
      </symbol>
      <symbol id="sm-22db">
         <name>_HOSTtime</name>
         <value>0x2eada</value>
         <object_component_ref idref="oc-245"/>
      </symbol>
      <symbol id="sm-22dc">
         <name>_getenv</name>
         <value>0x2e968</value>
         <object_component_ref idref="oc-245"/>
      </symbol>
      <symbol id="sm-22dd">
         <name>_HOSTrename</name>
         <value>0x2eb38</value>
         <object_component_ref idref="oc-245"/>
      </symbol>
      <symbol id="sm-22de">
         <name>_HOSTclock</name>
         <value>0x2ee32</value>
         <object_component_ref idref="oc-245"/>
      </symbol>
      <symbol id="sm-22df">
         <name>_HOSTwrite</name>
         <value>0x2e9e3</value>
         <object_component_ref idref="oc-245"/>
      </symbol>
      <symbol id="sm-22e0">
         <name>_HOSTlseek</name>
         <value>0x2ed12</value>
         <object_component_ref idref="oc-245"/>
      </symbol>
      <symbol id="sm-22e1">
         <name>_HOSTunlink</name>
         <value>0x2ea70</value>
         <object_component_ref idref="oc-245"/>
      </symbol>
      <symbol id="sm-22e2">
         <name>_HOSTclose</name>
         <value>0x2edc7</value>
         <object_component_ref idref="oc-245"/>
      </symbol>
      <symbol id="sm-22f4">
         <name>C$$IO$$</name>
         <value>0x3444e</value>
         <object_component_ref idref="oc-24d"/>
      </symbol>
      <symbol id="sm-22f5">
         <name>__CIOBUF_</name>
         <value>0x40728</value>
         <object_component_ref idref="oc-24c"/>
      </symbol>
      <symbol id="sm-22f6">
         <name>_readmsg</name>
         <value>0x34c5f</value>
         <object_component_ref idref="oc-24a"/>
      </symbol>
      <symbol id="sm-22f7">
         <name>_writemsg</name>
         <value>0x34399</value>
         <object_component_ref idref="oc-24d"/>
      </symbol>
      <symbol id="sm-2301">
         <name>__rd_ok</name>
         <value>0x3427a</value>
         <object_component_ref idref="oc-250"/>
      </symbol>
      <symbol id="sm-2302">
         <name>__wrt_ok</name>
         <value>0x341fa</value>
         <object_component_ref idref="oc-250"/>
      </symbol>
      <symbol id="sm-230c">
         <name>__doflush</name>
         <value>0x342d7</value>
         <object_component_ref idref="oc-254"/>
      </symbol>
      <symbol id="sm-230d">
         <name>_fflush</name>
         <value>0x34340</value>
         <object_component_ref idref="oc-254"/>
      </symbol>
      <symbol id="sm-2317">
         <name>_fseek</name>
         <value>0x34ccc</value>
         <object_component_ref idref="oc-258"/>
      </symbol>
      <symbol id="sm-2321">
         <name>_setvbuf</name>
         <value>0x34034</value>
         <object_component_ref idref="oc-25c"/>
      </symbol>
      <symbol id="sm-2330">
         <name>__cleanup</name>
         <value>0x31e35</value>
         <object_component_ref idref="oc-260"/>
      </symbol>
      <symbol id="sm-2331">
         <name>_fopen</name>
         <value>0x31f58</value>
         <object_component_ref idref="oc-260"/>
      </symbol>
      <symbol id="sm-2332">
         <name>_freopen</name>
         <value>0x31e8f</value>
         <object_component_ref idref="oc-260"/>
      </symbol>
      <symbol id="sm-233c">
         <name>_fclose</name>
         <value>0x34a1a</value>
         <object_component_ref idref="oc-266"/>
      </symbol>
      <symbol id="sm-2346">
         <name>_remove</name>
         <value>0x352d2</value>
         <object_component_ref idref="oc-26a"/>
      </symbol>
   </symbol_table>
</link_info>
