<?xml version="1.0"?>
<link_info>
   <banner>TMS320C55x Linker PC v4.4.1</banner>
   <copyright>Copyright (c) 1996-2012 Texas Instruments Incorporated</copyright>
   <link_time>0x5bb0d114</link_time>
   <output_file>foo.out</output_file>
   <entry_point>
      <name>_c_int00</name>
      <address>0x34e50</address>
   </entry_point>
   <input_file_list>
      <input_file id="fl-2">
         <path>.\FreeRTOS\Demo\Common\Minimal\</path>
         <kind>object</kind>
         <file>semtest.obj</file>
         <name>semtest.obj</name>
      </input_file>
      <input_file id="fl-3">
         <path>.\FreeRTOS\Demo\Common\Minimal\</path>
         <kind>object</kind>
         <file>integer.obj</file>
         <name>integer.obj</name>
      </input_file>
      <input_file id="fl-4">
         <path>.\FreeRTOS\Demo\Common\Minimal\</path>
         <kind>object</kind>
         <file>flop.obj</file>
         <name>flop.obj</name>
      </input_file>
      <input_file id="fl-5">
         <path>.\FreeRTOS\Demo\Common\Minimal\</path>
         <kind>object</kind>
         <file>flash.obj</file>
         <name>flash.obj</name>
      </input_file>
      <input_file id="fl-6">
         <path>.\FreeRTOS\Demo\Common\Minimal\</path>
         <kind>object</kind>
         <file>dynamic.obj</file>
         <name>dynamic.obj</name>
      </input_file>
      <input_file id="fl-7">
         <path>.\FreeRTOS\Demo\Common\Minimal\</path>
         <kind>object</kind>
         <file>blocktim.obj</file>
         <name>blocktim.obj</name>
      </input_file>
      <input_file id="fl-8">
         <path>.\FreeRTOS\Demo\Common\Minimal\</path>
         <kind>object</kind>
         <file>QueueOverwrite.obj</file>
         <name>QueueOverwrite.obj</name>
      </input_file>
      <input_file id="fl-9">
         <path>.\FreeRTOS\Demo\Common\Minimal\</path>
         <kind>object</kind>
         <file>QPeek.obj</file>
         <name>QPeek.obj</name>
      </input_file>
      <input_file id="fl-a">
         <path>.\FreeRTOS\Demo\Common\Minimal\</path>
         <kind>object</kind>
         <file>PollQ.obj</file>
         <name>PollQ.obj</name>
      </input_file>
      <input_file id="fl-b">
         <path>.\FreeRTOS\Demo\Common\Minimal\</path>
         <kind>object</kind>
         <file>AbortDelay.obj</file>
         <name>AbortDelay.obj</name>
      </input_file>
      <input_file id="fl-c">
         <path>.\FreeRTOS\Demo\c5515_CCS\ParTest\</path>
         <kind>object</kind>
         <file>ParTest.obj</file>
         <name>ParTest.obj</name>
      </input_file>
      <input_file id="fl-d">
         <path>.\FreeRTOS\Demo\c5515_CCS\</path>
         <kind>object</kind>
         <file>main.obj</file>
         <name>main.obj</name>
      </input_file>
      <input_file id="fl-e">
         <path>.\FreeRTOS\Source\portable\CCS\c55x\</path>
         <kind>object</kind>
         <file>portASM.obj</file>
         <name>portASM.obj</name>
      </input_file>
      <input_file id="fl-f">
         <path>.\FreeRTOS\Source\portable\CCS\c55x\</path>
         <kind>object</kind>
         <file>port.obj</file>
         <name>port.obj</name>
      </input_file>
      <input_file id="fl-10">
         <path>.\FreeRTOS\Source\portable\MemMang\</path>
         <kind>object</kind>
         <file>heap_3.obj</file>
         <name>heap_3.obj</name>
      </input_file>
      <input_file id="fl-11">
         <path>.\FreeRTOS\Source\</path>
         <kind>object</kind>
         <file>timers.obj</file>
         <name>timers.obj</name>
      </input_file>
      <input_file id="fl-12">
         <path>.\FreeRTOS\Source\</path>
         <kind>object</kind>
         <file>tasks_sysStk.obj</file>
         <name>tasks_sysStk.obj</name>
      </input_file>
      <input_file id="fl-13">
         <path>.\FreeRTOS\Source\</path>
         <kind>object</kind>
         <file>stream_buffer.obj</file>
         <name>stream_buffer.obj</name>
      </input_file>
      <input_file id="fl-14">
         <path>.\FreeRTOS\Source\</path>
         <kind>object</kind>
         <file>queue.obj</file>
         <name>queue.obj</name>
      </input_file>
      <input_file id="fl-15">
         <path>.\FreeRTOS\Source\</path>
         <kind>object</kind>
         <file>list.obj</file>
         <name>list.obj</name>
      </input_file>
      <input_file id="fl-16">
         <path>.\FreeRTOS\Source\</path>
         <kind>object</kind>
         <file>event_groups.obj</file>
         <name>event_groups.obj</name>
      </input_file>
      <input_file id="fl-17">
         <path>.\FreeRTOS\Source\</path>
         <kind>object</kind>
         <file>croutine.obj</file>
         <name>croutine.obj</name>
      </input_file>
      <input_file id="fl-18">
         <path>.\asm\</path>
         <kind>object</kind>
         <file>i2s_register.obj</file>
         <name>i2s_register.obj</name>
      </input_file>
      <input_file id="fl-19">
         <path>.\asm\</path>
         <kind>object</kind>
         <file>aic_test_i2c.obj</file>
         <name>aic_test_i2c.obj</name>
      </input_file>
      <input_file id="fl-1a">
         <path>.\c5535_bsl_revc\ezdsp5535_v1\boot_post_SDcard\boot_post\</path>
         <kind>object</kind>
         <file>spiflash_test.obj</file>
         <name>spiflash_test.obj</name>
      </input_file>
      <input_file id="fl-1b">
         <path>.\c5535_bsl_revc\ezdsp5535_v1\boot_post_SDcard\boot_post\</path>
         <kind>object</kind>
         <file>oled_test.obj</file>
         <name>oled_test.obj</name>
      </input_file>
      <input_file id="fl-1c">
         <path>.\c5535_bsl_revc\ezdsp5535_v1\boot_post_SDcard\boot_post\</path>
         <kind>object</kind>
         <file>mem_test.obj</file>
         <name>mem_test.obj</name>
      </input_file>
      <input_file id="fl-1d">
         <path>.\c5535_bsl_revc\ezdsp5535_v1\c55xx_csl\src\</path>
         <kind>object</kind>
         <file>vectors.obj</file>
         <name>vectors.obj</name>
      </input_file>
      <input_file id="fl-1e">
         <path>.\c5535_bsl_revc\ezdsp5535_v1\c55xx_csl\src\</path>
         <kind>object</kind>
         <file>csl_wdt.obj</file>
         <name>csl_wdt.obj</name>
      </input_file>
      <input_file id="fl-1f">
         <path>.\c5535_bsl_revc\ezdsp5535_v1\c55xx_csl\src\</path>
         <kind>object</kind>
         <file>csl_usb.obj</file>
         <name>csl_usb.obj</name>
      </input_file>
      <input_file id="fl-20">
         <path>.\c5535_bsl_revc\ezdsp5535_v1\c55xx_csl\src\</path>
         <kind>object</kind>
         <file>csl_uart.obj</file>
         <name>csl_uart.obj</name>
      </input_file>
      <input_file id="fl-21">
         <path>.\c5535_bsl_revc\ezdsp5535_v1\c55xx_csl\src\</path>
         <kind>object</kind>
         <file>csl_spi.obj</file>
         <name>csl_spi.obj</name>
      </input_file>
      <input_file id="fl-22">
         <path>.\c5535_bsl_revc\ezdsp5535_v1\c55xx_csl\src\</path>
         <kind>object</kind>
         <file>csl_sdio.obj</file>
         <name>csl_sdio.obj</name>
      </input_file>
      <input_file id="fl-23">
         <path>.\c5535_bsl_revc\ezdsp5535_v1\c55xx_csl\src\</path>
         <kind>object</kind>
         <file>csl_sar.obj</file>
         <name>csl_sar.obj</name>
      </input_file>
      <input_file id="fl-24">
         <path>.\c5535_bsl_revc\ezdsp5535_v1\c55xx_csl\src\</path>
         <kind>object</kind>
         <file>csl_rtc.obj</file>
         <name>csl_rtc.obj</name>
      </input_file>
      <input_file id="fl-25">
         <path>.\c5535_bsl_revc\ezdsp5535_v1\c55xx_csl\src\</path>
         <kind>object</kind>
         <file>csl_pll.obj</file>
         <name>csl_pll.obj</name>
      </input_file>
      <input_file id="fl-26">
         <path>.\c5535_bsl_revc\ezdsp5535_v1\c55xx_csl\src\</path>
         <kind>object</kind>
         <file>csl_nand.obj</file>
         <name>csl_nand.obj</name>
      </input_file>
      <input_file id="fl-27">
         <path>.\c5535_bsl_revc\ezdsp5535_v1\c55xx_csl\src\</path>
         <kind>object</kind>
         <file>csl_msc.obj</file>
         <name>csl_msc.obj</name>
      </input_file>
      <input_file id="fl-28">
         <path>.\c5535_bsl_revc\ezdsp5535_v1\c55xx_csl\src\</path>
         <kind>object</kind>
         <file>csl_mmcsd_ataIf.obj</file>
         <name>csl_mmcsd_ataIf.obj</name>
      </input_file>
      <input_file id="fl-29">
         <path>.\c5535_bsl_revc\ezdsp5535_v1\c55xx_csl\src\</path>
         <kind>object</kind>
         <file>csl_mmcsd.obj</file>
         <name>csl_mmcsd.obj</name>
      </input_file>
      <input_file id="fl-2a">
         <path>.\c5535_bsl_revc\ezdsp5535_v1\c55xx_csl\src\</path>
         <kind>object</kind>
         <file>csl_mem.obj</file>
         <name>csl_mem.obj</name>
      </input_file>
      <input_file id="fl-2b">
         <path>.\c5535_bsl_revc\ezdsp5535_v1\c55xx_csl\src\</path>
         <kind>object</kind>
         <file>csl_lcdc.obj</file>
         <name>csl_lcdc.obj</name>
      </input_file>
      <input_file id="fl-2c">
         <path>.\c5535_bsl_revc\ezdsp5535_v1\c55xx_csl\src\</path>
         <kind>object</kind>
         <file>csl_irqplug.obj</file>
         <name>csl_irqplug.obj</name>
      </input_file>
      <input_file id="fl-2d">
         <path>.\c5535_bsl_revc\ezdsp5535_v1\c55xx_csl\src\</path>
         <kind>object</kind>
         <file>csl_intc.obj</file>
         <name>csl_intc.obj</name>
      </input_file>
      <input_file id="fl-2e">
         <path>.\c5535_bsl_revc\ezdsp5535_v1\c55xx_csl\src\</path>
         <kind>object</kind>
         <file>csl_i2s.obj</file>
         <name>csl_i2s.obj</name>
      </input_file>
      <input_file id="fl-2f">
         <path>.\c5535_bsl_revc\ezdsp5535_v1\c55xx_csl\src\</path>
         <kind>object</kind>
         <file>csl_i2c.obj</file>
         <name>csl_i2c.obj</name>
      </input_file>
      <input_file id="fl-30">
         <path>.\c5535_bsl_revc\ezdsp5535_v1\c55xx_csl\src\</path>
         <kind>object</kind>
         <file>csl_gpt.obj</file>
         <name>csl_gpt.obj</name>
      </input_file>
      <input_file id="fl-31">
         <path>.\c5535_bsl_revc\ezdsp5535_v1\c55xx_csl\src\</path>
         <kind>object</kind>
         <file>csl_gpio.obj</file>
         <name>csl_gpio.obj</name>
      </input_file>
      <input_file id="fl-32">
         <path>.\c5535_bsl_revc\ezdsp5535_v1\c55xx_csl\src\</path>
         <kind>object</kind>
         <file>csl_dma.obj</file>
         <name>csl_dma.obj</name>
      </input_file>
      <input_file id="fl-33">
         <path>.\c5535_bsl_revc\ezdsp5535_v1\c55xx_csl\src\</path>
         <kind>object</kind>
         <file>csl_dat.obj</file>
         <name>csl_dat.obj</name>
      </input_file>
      <input_file id="fl-34">
         <path>.\c5535_bsl_revc\ezdsp5535_v1\c55xx_csl\src\</path>
         <kind>object</kind>
         <file>csl_cdc.obj</file>
         <name>csl_cdc.obj</name>
      </input_file>
      <input_file id="fl-35">
         <path>.\c5535_bsl_revc\ezdsp5535_v1\c55xx_csl\src\</path>
         <kind>object</kind>
         <file>csl_audioClass.obj</file>
         <name>csl_audioClass.obj</name>
      </input_file>
      <input_file id="fl-36">
         <path>.\c5535_bsl_revc\ezdsp5535_v1\lib\bsl\</path>
         <kind>object</kind>
         <file>ezdsp5535_uart.obj</file>
         <name>ezdsp5535_uart.obj</name>
      </input_file>
      <input_file id="fl-37">
         <path>.\c5535_bsl_revc\ezdsp5535_v1\lib\bsl\</path>
         <kind>object</kind>
         <file>ezdsp5535_spiflash.obj</file>
         <name>ezdsp5535_spiflash.obj</name>
      </input_file>
      <input_file id="fl-38">
         <path>.\c5535_bsl_revc\ezdsp5535_v1\lib\bsl\</path>
         <kind>object</kind>
         <file>ezdsp5535_sdcard.obj</file>
         <name>ezdsp5535_sdcard.obj</name>
      </input_file>
      <input_file id="fl-39">
         <path>.\c5535_bsl_revc\ezdsp5535_v1\lib\bsl\</path>
         <kind>object</kind>
         <file>ezdsp5535_sar.obj</file>
         <name>ezdsp5535_sar.obj</name>
      </input_file>
      <input_file id="fl-3a">
         <path>.\c5535_bsl_revc\ezdsp5535_v1\lib\bsl\</path>
         <kind>object</kind>
         <file>ezdsp5535_led.obj</file>
         <name>ezdsp5535_led.obj</name>
      </input_file>
      <input_file id="fl-3b">
         <path>.\c5535_bsl_revc\ezdsp5535_v1\lib\bsl\</path>
         <kind>object</kind>
         <file>ezdsp5535_lcd.obj</file>
         <name>ezdsp5535_lcd.obj</name>
      </input_file>
      <input_file id="fl-3c">
         <path>.\c5535_bsl_revc\ezdsp5535_v1\lib\bsl\</path>
         <kind>object</kind>
         <file>ezdsp5535_i2s.obj</file>
         <name>ezdsp5535_i2s.obj</name>
      </input_file>
      <input_file id="fl-3d">
         <path>.\c5535_bsl_revc\ezdsp5535_v1\lib\bsl\</path>
         <kind>object</kind>
         <file>ezdsp5535_i2c.obj</file>
         <name>ezdsp5535_i2c.obj</name>
      </input_file>
      <input_file id="fl-3e">
         <path>.\c5535_bsl_revc\ezdsp5535_v1\lib\bsl\</path>
         <kind>object</kind>
         <file>ezdsp5535_gpio.obj</file>
         <name>ezdsp5535_gpio.obj</name>
      </input_file>
      <input_file id="fl-3f">
         <path>.\c5535_bsl_revc\ezdsp5535_v1\lib\bsl\</path>
         <kind>object</kind>
         <file>ezdsp5535.obj</file>
         <name>ezdsp5535.obj</name>
      </input_file>
      <input_file id="fl-40">
         <path>.\src\</path>
         <kind>object</kind>
         <file>timer.obj</file>
         <name>timer.obj</name>
      </input_file>
      <input_file id="fl-41">
         <path>.\src\</path>
         <kind>object</kind>
         <file>rtc.obj</file>
         <name>rtc.obj</name>
      </input_file>
      <input_file id="fl-42">
         <path>.\src\</path>
         <kind>object</kind>
         <file>i2s.obj</file>
         <name>i2s.obj</name>
      </input_file>
      <input_file id="fl-43">
         <path>.\src\</path>
         <kind>object</kind>
         <file>dma.obj</file>
         <name>dma.obj</name>
      </input_file>
      <input_file id="fl-5b">
         <path>F:\t\cc5p5\ccsv5\tools\compiler\c5500_4.4.1\lib\</path>
         <kind>archive</kind>
         <file>rts55x.lib</file>
         <name>addd.obj</name>
      </input_file>
      <input_file id="fl-5c">
         <path>F:\t\cc5p5\ccsv5\tools\compiler\c5500_4.4.1\lib\</path>
         <kind>archive</kind>
         <file>rts55x.lib</file>
         <name>boot.obj</name>
      </input_file>
      <input_file id="fl-5d">
         <path>F:\t\cc5p5\ccsv5\tools\compiler\c5500_4.4.1\lib\</path>
         <kind>archive</kind>
         <file>rts55x.lib</file>
         <name>cmpd.obj</name>
      </input_file>
      <input_file id="fl-5e">
         <path>F:\t\cc5p5\ccsv5\tools\compiler\c5500_4.4.1\lib\</path>
         <kind>archive</kind>
         <file>rts55x.lib</file>
         <name>divd.obj</name>
      </input_file>
      <input_file id="fl-5f">
         <path>F:\t\cc5p5\ccsv5\tools\compiler\c5500_4.4.1\lib\</path>
         <kind>archive</kind>
         <file>rts55x.lib</file>
         <name>divli.obj</name>
      </input_file>
      <input_file id="fl-60">
         <path>F:\t\cc5p5\ccsv5\tools\compiler\c5500_4.4.1\lib\</path>
         <kind>archive</kind>
         <file>rts55x.lib</file>
         <name>divul.obj</name>
      </input_file>
      <input_file id="fl-61">
         <path>F:\t\cc5p5\ccsv5\tools\compiler\c5500_4.4.1\lib\</path>
         <kind>archive</kind>
         <file>rts55x.lib</file>
         <name>exit.obj</name>
      </input_file>
      <input_file id="fl-62">
         <path>F:\t\cc5p5\ccsv5\tools\compiler\c5500_4.4.1\lib\</path>
         <kind>archive</kind>
         <file>rts55x.lib</file>
         <name>fltud.obj</name>
      </input_file>
      <input_file id="fl-63">
         <path>F:\t\cc5p5\ccsv5\tools\compiler\c5500_4.4.1\lib\</path>
         <kind>archive</kind>
         <file>rts55x.lib</file>
         <name>fltuld.obj</name>
      </input_file>
      <input_file id="fl-64">
         <path>F:\t\cc5p5\ccsv5\tools\compiler\c5500_4.4.1\lib\</path>
         <kind>archive</kind>
         <file>rts55x.lib</file>
         <name>frcmpyd_div.obj</name>
      </input_file>
      <input_file id="fl-65">
         <path>F:\t\cc5p5\ccsv5\tools\compiler\c5500_4.4.1\lib\</path>
         <kind>archive</kind>
         <file>rts55x.lib</file>
         <name>lmpy.obj</name>
      </input_file>
      <input_file id="fl-66">
         <path>F:\t\cc5p5\ccsv5\tools\compiler\c5500_4.4.1\lib\</path>
         <kind>archive</kind>
         <file>rts55x.lib</file>
         <name>memcpy.obj</name>
      </input_file>
      <input_file id="fl-67">
         <path>F:\t\cc5p5\ccsv5\tools\compiler\c5500_4.4.1\lib\</path>
         <kind>archive</kind>
         <file>rts55x.lib</file>
         <name>memory.obj</name>
      </input_file>
      <input_file id="fl-68">
         <path>F:\t\cc5p5\ccsv5\tools\compiler\c5500_4.4.1\lib\</path>
         <kind>archive</kind>
         <file>rts55x.lib</file>
         <name>memset.obj</name>
      </input_file>
      <input_file id="fl-69">
         <path>F:\t\cc5p5\ccsv5\tools\compiler\c5500_4.4.1\lib\</path>
         <kind>archive</kind>
         <file>rts55x.lib</file>
         <name>mpyd.obj</name>
      </input_file>
      <input_file id="fl-6a">
         <path>F:\t\cc5p5\ccsv5\tools\compiler\c5500_4.4.1\lib\</path>
         <kind>archive</kind>
         <file>rts55x.lib</file>
         <name>printf.obj</name>
      </input_file>
      <input_file id="fl-6b">
         <path>F:\t\cc5p5\ccsv5\tools\compiler\c5500_4.4.1\lib\</path>
         <kind>archive</kind>
         <file>rts55x.lib</file>
         <name>remul.obj</name>
      </input_file>
      <input_file id="fl-6c">
         <path>F:\t\cc5p5\ccsv5\tools\compiler\c5500_4.4.1\lib\</path>
         <kind>archive</kind>
         <file>rts55x.lib</file>
         <name>strlen.obj</name>
      </input_file>
      <input_file id="fl-6d">
         <path>F:\t\cc5p5\ccsv5\tools\compiler\c5500_4.4.1\lib\</path>
         <kind>archive</kind>
         <file>rts55x.lib</file>
         <name>subd.obj</name>
      </input_file>
      <input_file id="fl-6e">
         <path>F:\t\cc5p5\ccsv5\tools\compiler\c5500_4.4.1\lib\</path>
         <kind>archive</kind>
         <file>rts55x.lib</file>
         <name>udiv.obj</name>
      </input_file>
      <input_file id="fl-6f">
         <path>F:\t\cc5p5\ccsv5\tools\compiler\c5500_4.4.1\lib\</path>
         <kind>archive</kind>
         <file>rts55x.lib</file>
         <name>vectors.obj</name>
      </input_file>
      <input_file id="fl-70">
         <path>F:\t\cc5p5\ccsv5\tools\compiler\c5500_4.4.1\lib\</path>
         <kind>archive</kind>
         <file>rts55x.lib</file>
         <name>_lock.obj</name>
      </input_file>
      <input_file id="fl-71">
         <path>F:\t\cc5p5\ccsv5\tools\compiler\c5500_4.4.1\lib\</path>
         <kind>archive</kind>
         <file>rts55x.lib</file>
         <name>_printfi.obj</name>
      </input_file>
      <input_file id="fl-72">
         <path>F:\t\cc5p5\ccsv5\tools\compiler\c5500_4.4.1\lib\</path>
         <kind>archive</kind>
         <file>rts55x.lib</file>
         <name>args_main.obj</name>
      </input_file>
      <input_file id="fl-73">
         <path>F:\t\cc5p5\ccsv5\tools\compiler\c5500_4.4.1\lib\</path>
         <kind>archive</kind>
         <file>rts55x.lib</file>
         <name>atoi.obj</name>
      </input_file>
      <input_file id="fl-74">
         <path>F:\t\cc5p5\ccsv5\tools\compiler\c5500_4.4.1\lib\</path>
         <kind>archive</kind>
         <file>rts55x.lib</file>
         <name>autoinit.obj</name>
      </input_file>
      <input_file id="fl-75">
         <path>F:\t\cc5p5\ccsv5\tools\compiler\c5500_4.4.1\lib\</path>
         <kind>archive</kind>
         <file>rts55x.lib</file>
         <name>ctype.obj</name>
      </input_file>
      <input_file id="fl-76">
         <path>F:\t\cc5p5\ccsv5\tools\compiler\c5500_4.4.1\lib\</path>
         <kind>archive</kind>
         <file>rts55x.lib</file>
         <name>defs.obj</name>
      </input_file>
      <input_file id="fl-77">
         <path>F:\t\cc5p5\ccsv5\tools\compiler\c5500_4.4.1\lib\</path>
         <kind>archive</kind>
         <file>rts55x.lib</file>
         <name>fixdi.obj</name>
      </input_file>
      <input_file id="fl-78">
         <path>F:\t\cc5p5\ccsv5\tools\compiler\c5500_4.4.1\lib\</path>
         <kind>archive</kind>
         <file>rts55x.lib</file>
         <name>fixdli.obj</name>
      </input_file>
      <input_file id="fl-79">
         <path>F:\t\cc5p5\ccsv5\tools\compiler\c5500_4.4.1\lib\</path>
         <kind>archive</kind>
         <file>rts55x.lib</file>
         <name>fltlid.obj</name>
      </input_file>
      <input_file id="fl-7a">
         <path>F:\t\cc5p5\ccsv5\tools\compiler\c5500_4.4.1\lib\</path>
         <kind>archive</kind>
         <file>rts55x.lib</file>
         <name>fputc.obj</name>
      </input_file>
      <input_file id="fl-7b">
         <path>F:\t\cc5p5\ccsv5\tools\compiler\c5500_4.4.1\lib\</path>
         <kind>archive</kind>
         <file>rts55x.lib</file>
         <name>fputs.obj</name>
      </input_file>
      <input_file id="fl-7c">
         <path>F:\t\cc5p5\ccsv5\tools\compiler\c5500_4.4.1\lib\</path>
         <kind>archive</kind>
         <file>rts55x.lib</file>
         <name>frcmpyd.obj</name>
      </input_file>
      <input_file id="fl-7d">
         <path>F:\t\cc5p5\ccsv5\tools\compiler\c5500_4.4.1\lib\</path>
         <kind>archive</kind>
         <file>rts55x.lib</file>
         <name>isinf.obj</name>
      </input_file>
      <input_file id="fl-7e">
         <path>F:\t\cc5p5\ccsv5\tools\compiler\c5500_4.4.1\lib\</path>
         <kind>archive</kind>
         <file>rts55x.lib</file>
         <name>llmpy.obj</name>
      </input_file>
      <input_file id="fl-7f">
         <path>F:\t\cc5p5\ccsv5\tools\compiler\c5500_4.4.1\lib\</path>
         <kind>archive</kind>
         <file>rts55x.lib</file>
         <name>lowlev.obj</name>
      </input_file>
      <input_file id="fl-80">
         <path>F:\t\cc5p5\ccsv5\tools\compiler\c5500_4.4.1\lib\</path>
         <kind>archive</kind>
         <file>rts55x.lib</file>
         <name>ltoa.obj</name>
      </input_file>
      <input_file id="fl-81">
         <path>F:\t\cc5p5\ccsv5\tools\compiler\c5500_4.4.1\lib\</path>
         <kind>archive</kind>
         <file>rts55x.lib</file>
         <name>memccpy.obj</name>
      </input_file>
      <input_file id="fl-82">
         <path>F:\t\cc5p5\ccsv5\tools\compiler\c5500_4.4.1\lib\</path>
         <kind>archive</kind>
         <file>rts55x.lib</file>
         <name>negd.obj</name>
      </input_file>
      <input_file id="fl-83">
         <path>F:\t\cc5p5\ccsv5\tools\compiler\c5500_4.4.1\lib\</path>
         <kind>archive</kind>
         <file>rts55x.lib</file>
         <name>remli.obj</name>
      </input_file>
      <input_file id="fl-84">
         <path>F:\t\cc5p5\ccsv5\tools\compiler\c5500_4.4.1\lib\</path>
         <kind>archive</kind>
         <file>rts55x.lib</file>
         <name>trgdrv.obj</name>
      </input_file>
      <input_file id="fl-85">
         <path>F:\t\cc5p5\ccsv5\tools\compiler\c5500_4.4.1\lib\</path>
         <kind>archive</kind>
         <file>rts55x.lib</file>
         <name>trgmsg.obj</name>
      </input_file>
      <input_file id="fl-86">
         <path>F:\t\cc5p5\ccsv5\tools\compiler\c5500_4.4.1\lib\</path>
         <kind>archive</kind>
         <file>rts55x.lib</file>
         <name>_io_perm.obj</name>
      </input_file>
      <input_file id="fl-87">
         <path>F:\t\cc5p5\ccsv5\tools\compiler\c5500_4.4.1\lib\</path>
         <kind>archive</kind>
         <file>rts55x.lib</file>
         <name>fflush.obj</name>
      </input_file>
      <input_file id="fl-88">
         <path>F:\t\cc5p5\ccsv5\tools\compiler\c5500_4.4.1\lib\</path>
         <kind>archive</kind>
         <file>rts55x.lib</file>
         <name>fseek.obj</name>
      </input_file>
      <input_file id="fl-89">
         <path>F:\t\cc5p5\ccsv5\tools\compiler\c5500_4.4.1\lib\</path>
         <kind>archive</kind>
         <file>rts55x.lib</file>
         <name>setvbuf.obj</name>
      </input_file>
      <input_file id="fl-8a">
         <path>F:\t\cc5p5\ccsv5\tools\compiler\c5500_4.4.1\lib\</path>
         <kind>archive</kind>
         <file>rts55x.lib</file>
         <name>fopen.obj</name>
      </input_file>
      <input_file id="fl-8b">
         <path>F:\t\cc5p5\ccsv5\tools\compiler\c5500_4.4.1\lib\</path>
         <kind>archive</kind>
         <file>rts55x.lib</file>
         <name>fclose.obj</name>
      </input_file>
      <input_file id="fl-8c">
         <path>F:\t\cc5p5\ccsv5\tools\compiler\c5500_4.4.1\lib\</path>
         <kind>archive</kind>
         <file>rts55x.lib</file>
         <name>remove.obj</name>
      </input_file>
   </input_file_list>
   <object_component_list>
      <object_component id="oc-f7">
         <name>.text</name>
         <load_address>0x10000</load_address>
         <run_address>0x10000</run_address>
         <size>0x444f</size>
         <input_file_ref idref="fl-29"/>
      </object_component>
      <object_component id="oc-eb">
         <name>.text</name>
         <load_address>0x14450</load_address>
         <run_address>0x14450</run_address>
         <size>0x2b4f</size>
         <input_file_ref idref="fl-27"/>
      </object_component>
      <object_component id="oc-d2">
         <name>.text</name>
         <load_address>0x16fa0</load_address>
         <run_address>0x16fa0</run_address>
         <size>0x2a24</size>
         <input_file_ref idref="fl-22"/>
      </object_component>
      <object_component id="oc-c1">
         <name>.text</name>
         <load_address>0x199c4</load_address>
         <run_address>0x199c4</run_address>
         <size>0x21d5</size>
         <input_file_ref idref="fl-1f"/>
      </object_component>
      <object_component id="oc-1ea">
         <name>.text</name>
         <load_address>0x1bb99</load_address>
         <run_address>0x1bb99</run_address>
         <size>0x2</size>
         <input_file_ref idref="fl-6f"/>
      </object_component>
      <object_component id="oc-7e">
         <name>.text</name>
         <load_address>0x1bb9c</load_address>
         <run_address>0x1bb9c</run_address>
         <size>0x1ea9</size>
         <input_file_ref idref="fl-12"/>
      </object_component>
      <object_component id="oc-127">
         <name>.text</name>
         <load_address>0x1da48</load_address>
         <run_address>0x1da48</run_address>
         <size>0x18ac</size>
         <input_file_ref idref="fl-32"/>
      </object_component>
      <object_component id="oc-131">
         <name>.text</name>
         <load_address>0x1f2f4</load_address>
         <run_address>0x1f2f4</run_address>
         <size>0xc65</size>
         <input_file_ref idref="fl-34"/>
      </object_component>
      <object_component id="oc-13c">
         <name>.text</name>
         <load_address>0x1ff5c</load_address>
         <run_address>0x1ff5c</run_address>
         <size>0xa2</size>
         <input_file_ref idref="fl-36"/>
      </object_component>
      <object_component id="oc-1f4">
         <name>.text</name>
         <load_address>0x20000</load_address>
         <run_address>0x20000</run_address>
         <size>0x15a4</size>
         <input_file_ref idref="fl-71"/>
      </object_component>
      <object_component id="oc-8b">
         <name>.text</name>
         <load_address>0x215a4</load_address>
         <run_address>0x215a4</run_address>
         <size>0x1230</size>
         <input_file_ref idref="fl-14"/>
      </object_component>
      <object_component id="oc-e6">
         <name>.text</name>
         <load_address>0x227d4</load_address>
         <run_address>0x227d4</run_address>
         <size>0x11eb</size>
         <input_file_ref idref="fl-26"/>
      </object_component>
      <object_component id="oc-c7">
         <name>.text</name>
         <load_address>0x239c0</load_address>
         <run_address>0x239c0</run_address>
         <size>0x1106</size>
         <input_file_ref idref="fl-20"/>
      </object_component>
      <object_component id="oc-12c">
         <name>.text</name>
         <load_address>0x24ac8</load_address>
         <run_address>0x24ac8</run_address>
         <size>0xdc1</size>
         <input_file_ref idref="fl-33"/>
      </object_component>
      <object_component id="oc-137">
         <name>.text</name>
         <load_address>0x2588c</load_address>
         <run_address>0x2588c</run_address>
         <size>0xd74</size>
         <input_file_ref idref="fl-35"/>
      </object_component>
      <object_component id="oc-117">
         <name>.text</name>
         <load_address>0x26600</load_address>
         <run_address>0x26600</run_address>
         <size>0xc4c</size>
         <input_file_ref idref="fl-2f"/>
      </object_component>
      <object_component id="oc-f0">
         <name>.text</name>
         <load_address>0x2724c</load_address>
         <run_address>0x2724c</run_address>
         <size>0xb3e</size>
         <input_file_ref idref="fl-28"/>
      </object_component>
      <object_component id="oc-d7">
         <name>.text</name>
         <load_address>0x27d8c</load_address>
         <run_address>0x27d8c</run_address>
         <size>0xb2b</size>
         <input_file_ref idref="fl-23"/>
      </object_component>
      <object_component id="oc-86">
         <name>.text</name>
         <load_address>0x288b8</load_address>
         <run_address>0x288b8</run_address>
         <size>0xa58</size>
         <input_file_ref idref="fl-13"/>
      </object_component>
      <object_component id="oc-110">
         <name>.text</name>
         <load_address>0x29310</load_address>
         <run_address>0x29310</run_address>
         <size>0x9e3</size>
         <input_file_ref idref="fl-2e"/>
      </object_component>
      <object_component id="oc-dc">
         <name>.text</name>
         <load_address>0x29cf4</load_address>
         <run_address>0x29cf4</run_address>
         <size>0x8b4</size>
         <input_file_ref idref="fl-24"/>
      </object_component>
      <object_component id="oc-101">
         <name>.text</name>
         <load_address>0x2a5a8</load_address>
         <run_address>0x2a5a8</run_address>
         <size>0x838</size>
         <input_file_ref idref="fl-2b"/>
      </object_component>
      <object_component id="oc-64">
         <name>.text</name>
         <load_address>0x2ade0</load_address>
         <run_address>0x2ade0</run_address>
         <size>0x82b</size>
         <input_file_ref idref="fl-d"/>
      </object_component>
      <object_component id="oc-ac">
         <name>.text</name>
         <load_address>0x2b60c</load_address>
         <run_address>0x2b60c</run_address>
         <size>0x81d</size>
         <input_file_ref idref="fl-1b"/>
      </object_component>
      <object_component id="oc-6c">
         <name>.text</name>
         <load_address>0x2be2c</load_address>
         <run_address>0x2be2c</run_address>
         <size>0x76f</size>
         <input_file_ref idref="fl-e"/>
      </object_component>
      <object_component id="oc-122">
         <name>.text</name>
         <load_address>0x2c59c</load_address>
         <run_address>0x2c59c</run_address>
         <size>0x697</size>
         <input_file_ref idref="fl-31"/>
      </object_component>
      <object_component id="oc-cc">
         <name>.text</name>
         <load_address>0x2cc34</load_address>
         <run_address>0x2cc34</run_address>
         <size>0x5bb</size>
         <input_file_ref idref="fl-21"/>
      </object_component>
      <object_component id="oc-3b">
         <name>.text</name>
         <load_address>0x2d1f0</load_address>
         <run_address>0x2d1f0</run_address>
         <size>0x5b3</size>
         <input_file_ref idref="fl-7"/>
      </object_component>
      <object_component id="oc-96">
         <name>.text</name>
         <load_address>0x2d7a4</load_address>
         <run_address>0x2d7a4</run_address>
         <size>0x573</size>
         <input_file_ref idref="fl-16"/>
      </object_component>
      <object_component id="oc-22e">
         <name>.text</name>
         <load_address>0x2dd17</load_address>
         <run_address>0x2dd17</run_address>
         <size>0x543</size>
         <input_file_ref idref="fl-7f"/>
      </object_component>
      <object_component id="oc-10a">
         <name>.text</name>
         <load_address>0x2e25c</load_address>
         <run_address>0x2e25c</run_address>
         <size>0x538</size>
         <input_file_ref idref="fl-2d"/>
      </object_component>
      <object_component id="oc-244">
         <name>.text</name>
         <load_address>0x2e794</load_address>
         <run_address>0x2e794</run_address>
         <size>0x528</size>
         <input_file_ref idref="fl-84"/>
      </object_component>
      <object_component id="oc-148">
         <name>.text</name>
         <load_address>0x2ecbc</load_address>
         <run_address>0x2ecbc</run_address>
         <size>0x4d5</size>
         <input_file_ref idref="fl-38"/>
      </object_component>
      <object_component id="oc-1c7">
         <name>.text</name>
         <load_address>0x2f191</load_address>
         <run_address>0x2f191</run_address>
         <size>0x4b5</size>
         <input_file_ref idref="fl-67"/>
      </object_component>
      <object_component id="oc-4b">
         <name>.text</name>
         <load_address>0x2f648</load_address>
         <run_address>0x2f648</run_address>
         <size>0x42e</size>
         <input_file_ref idref="fl-9"/>
      </object_component>
      <object_component id="oc-33">
         <name>.text</name>
         <load_address>0x2fa78</load_address>
         <run_address>0x2fa78</run_address>
         <size>0x3fb</size>
         <input_file_ref idref="fl-6"/>
      </object_component>
      <object_component id="oc-22">
         <name>.text</name>
         <load_address>0x2fe74</load_address>
         <run_address>0x2fe74</run_address>
         <size>0x3d2</size>
         <input_file_ref idref="fl-4"/>
      </object_component>
      <object_component id="oc-19f">
         <name>.text</name>
         <load_address>0x30246</load_address>
         <run_address>0x30246</run_address>
         <size>0x3cc</size>
         <input_file_ref idref="fl-5e"/>
      </object_component>
      <object_component id="oc-142">
         <name>.text</name>
         <load_address>0x30614</load_address>
         <run_address>0x30614</run_address>
         <size>0x3c2</size>
         <input_file_ref idref="fl-37"/>
      </object_component>
      <object_component id="oc-fc">
         <name>.text</name>
         <load_address>0x309d8</load_address>
         <run_address>0x309d8</run_address>
         <size>0x345</size>
         <input_file_ref idref="fl-2a"/>
      </object_component>
      <object_component id="oc-11d">
         <name>.text</name>
         <load_address>0x30d20</load_address>
         <run_address>0x30d20</run_address>
         <size>0x2f7</size>
         <input_file_ref idref="fl-30"/>
      </object_component>
      <object_component id="oc-12">
         <name>.text</name>
         <load_address>0x31018</load_address>
         <run_address>0x31018</run_address>
         <size>0x2f4</size>
         <input_file_ref idref="fl-2"/>
      </object_component>
      <object_component id="oc-a1">
         <name>.text</name>
         <load_address>0x3130c</load_address>
         <run_address>0x3130c</run_address>
         <size>0x2ef</size>
         <input_file_ref idref="fl-19"/>
      </object_component>
      <object_component id="oc-e1">
         <name>.text</name>
         <load_address>0x315fc</load_address>
         <run_address>0x315fc</run_address>
         <size>0x2ac</size>
         <input_file_ref idref="fl-25"/>
      </object_component>
      <object_component id="oc-9d">
         <name>.text</name>
         <load_address>0x318a8</load_address>
         <run_address>0x318a8</run_address>
         <size>0x298</size>
         <input_file_ref idref="fl-18"/>
      </object_component>
      <object_component id="oc-25f">
         <name>.text</name>
         <load_address>0x31b40</load_address>
         <run_address>0x31b40</run_address>
         <size>0x27f</size>
         <input_file_ref idref="fl-8a"/>
      </object_component>
      <object_component id="oc-bc">
         <name>.text</name>
         <load_address>0x31dc0</load_address>
         <run_address>0x31dc0</run_address>
         <size>0x266</size>
         <input_file_ref idref="fl-1e"/>
      </object_component>
      <object_component id="oc-22a">
         <name>.text</name>
         <load_address>0x32026</load_address>
         <run_address>0x32026</run_address>
         <size>0x25e</size>
         <input_file_ref idref="fl-7e"/>
      </object_component>
      <object_component id="oc-193">
         <name>.text</name>
         <load_address>0x32284</load_address>
         <run_address>0x32284</run_address>
         <size>0x25a</size>
         <input_file_ref idref="fl-5b"/>
      </object_component>
      <object_component id="oc-43">
         <name>.text</name>
         <load_address>0x324e0</load_address>
         <run_address>0x324e0</run_address>
         <size>0x236</size>
         <input_file_ref idref="fl-8"/>
      </object_component>
      <object_component id="oc-18c">
         <name>.text</name>
         <load_address>0x32718</load_address>
         <run_address>0x32718</run_address>
         <size>0x21e</size>
         <input_file_ref idref="fl-43"/>
      </object_component>
      <object_component id="oc-70">
         <name>.text</name>
         <load_address>0x32938</load_address>
         <run_address>0x32938</run_address>
         <size>0x1fa</size>
         <input_file_ref idref="fl-f"/>
      </object_component>
      <object_component id="oc-156">
         <name>.text</name>
         <load_address>0x32b34</load_address>
         <run_address>0x32b34</run_address>
         <size>0x1f7</size>
         <input_file_ref idref="fl-3a"/>
      </object_component>
      <object_component id="oc-19b">
         <name>.text</name>
         <load_address>0x32d2b</load_address>
         <run_address>0x32d2b</run_address>
         <size>0x1ea</size>
         <input_file_ref idref="fl-5d"/>
      </object_component>
      <object_component id="oc-53">
         <name>.text</name>
         <load_address>0x32f18</load_address>
         <run_address>0x32f18</run_address>
         <size>0x1c2</size>
         <input_file_ref idref="fl-a"/>
      </object_component>
      <object_component id="oc-91">
         <name>.text</name>
         <load_address>0x330dc</load_address>
         <run_address>0x330dc</run_address>
         <size>0x1ae</size>
         <input_file_ref idref="fl-15"/>
      </object_component>
      <object_component id="oc-15b">
         <name>.text</name>
         <load_address>0x3328c</load_address>
         <run_address>0x3328c</run_address>
         <size>0x195</size>
         <input_file_ref idref="fl-3b"/>
      </object_component>
      <object_component id="oc-a5">
         <name>.text</name>
         <load_address>0x33424</load_address>
         <run_address>0x33424</run_address>
         <size>0x18b</size>
         <input_file_ref idref="fl-1a"/>
      </object_component>
      <object_component id="oc-14f">
         <name>.text</name>
         <load_address>0x335b0</load_address>
         <run_address>0x335b0</run_address>
         <size>0x17c</size>
         <input_file_ref idref="fl-39"/>
      </object_component>
      <object_component id="oc-21d">
         <name>.text</name>
         <load_address>0x3372c</load_address>
         <run_address>0x3372c</run_address>
         <size>0x163</size>
         <input_file_ref idref="fl-7b"/>
      </object_component>
      <object_component id="oc-1d2">
         <name>.text</name>
         <load_address>0x3388f</load_address>
         <run_address>0x3388f</run_address>
         <size>0x14c</size>
         <input_file_ref idref="fl-69"/>
      </object_component>
      <object_component id="oc-160">
         <name>.text</name>
         <load_address>0x339dc</load_address>
         <run_address>0x339dc</run_address>
         <size>0x112</size>
         <input_file_ref idref="fl-3c"/>
      </object_component>
      <object_component id="oc-1a">
         <name>.text</name>
         <load_address>0x33af0</load_address>
         <run_address>0x33af0</run_address>
         <size>0x104</size>
         <input_file_ref idref="fl-3"/>
      </object_component>
      <object_component id="oc-17d">
         <name>.text</name>
         <load_address>0x33bf4</load_address>
         <run_address>0x33bf4</run_address>
         <size>0xfc</size>
         <input_file_ref idref="fl-41"/>
      </object_component>
      <object_component id="oc-25b">
         <name>.text</name>
         <load_address>0x33cf0</load_address>
         <run_address>0x33cf0</run_address>
         <size>0xe6</size>
         <input_file_ref idref="fl-89"/>
      </object_component>
      <object_component id="oc-2b">
         <name>.text</name>
         <load_address>0x33dd8</load_address>
         <run_address>0x33dd8</run_address>
         <size>0xde</size>
         <input_file_ref idref="fl-5"/>
      </object_component>
      <object_component id="oc-24f">
         <name>.text</name>
         <load_address>0x33eb6</load_address>
         <run_address>0x33eb6</run_address>
         <size>0xdd</size>
         <input_file_ref idref="fl-86"/>
      </object_component>
      <object_component id="oc-253">
         <name>.text</name>
         <load_address>0x33f93</load_address>
         <run_address>0x33f93</run_address>
         <size>0xc2</size>
         <input_file_ref idref="fl-87"/>
      </object_component>
      <object_component id="oc-24c">
         <name>.text:CIO_breakpoint</name>
         <load_address>0x34055</load_address>
         <run_address>0x34055</run_address>
         <size>0xba</size>
         <input_file_ref idref="fl-85"/>
      </object_component>
      <object_component id="oc-b1">
         <name>.text</name>
         <load_address>0x34110</load_address>
         <run_address>0x34110</run_address>
         <size>0xaf</size>
         <input_file_ref idref="fl-1c"/>
      </object_component>
      <object_component id="oc-219">
         <name>.text</name>
         <load_address>0x341bf</load_address>
         <run_address>0x341bf</run_address>
         <size>0xa6</size>
         <input_file_ref idref="fl-7a"/>
      </object_component>
      <object_component id="oc-1a7">
         <name>.text</name>
         <load_address>0x34265</load_address>
         <run_address>0x34265</run_address>
         <size>0xa1</size>
         <input_file_ref idref="fl-60"/>
      </object_component>
      <object_component id="oc-5d">
         <name>.text</name>
         <load_address>0x34308</load_address>
         <run_address>0x34308</run_address>
         <size>0x9a</size>
         <input_file_ref idref="fl-c"/>
      </object_component>
      <object_component id="oc-166">
         <name>.text</name>
         <load_address>0x343a4</load_address>
         <run_address>0x343a4</run_address>
         <size>0x94</size>
         <input_file_ref idref="fl-3d"/>
      </object_component>
      <object_component id="oc-106">
         <name>.text</name>
         <load_address>0x34438</load_address>
         <run_address>0x34438</run_address>
         <size>0x8c</size>
         <input_file_ref idref="fl-2c"/>
      </object_component>
      <object_component id="oc-185">
         <name>.text</name>
         <load_address>0x344c4</load_address>
         <run_address>0x344c4</run_address>
         <size>0x8c</size>
         <input_file_ref idref="fl-42"/>
      </object_component>
      <object_component id="oc-16b">
         <name>.text</name>
         <load_address>0x34550</load_address>
         <run_address>0x34550</run_address>
         <size>0x8a</size>
         <input_file_ref idref="fl-3e"/>
      </object_component>
      <object_component id="oc-b7">
         <name>.text</name>
         <load_address>0x345da</load_address>
         <run_address>0x345da</run_address>
         <size>0x7f</size>
         <input_file_ref idref="fl-1d"/>
      </object_component>
      <object_component id="oc-234">
         <name>.text</name>
         <load_address>0x34659</load_address>
         <run_address>0x34659</run_address>
         <size>0x7d</size>
         <input_file_ref idref="fl-80"/>
      </object_component>
      <object_component id="oc-265">
         <name>.text</name>
         <load_address>0x346d6</load_address>
         <run_address>0x346d6</run_address>
         <size>0x7b</size>
         <input_file_ref idref="fl-8b"/>
      </object_component>
      <object_component id="oc-222">
         <name>.text</name>
         <load_address>0x34751</load_address>
         <run_address>0x34751</run_address>
         <size>0x76</size>
         <input_file_ref idref="fl-7c"/>
      </object_component>
      <object_component id="oc-1bb">
         <name>.text</name>
         <load_address>0x347c7</load_address>
         <run_address>0x347c7</run_address>
         <size>0x73</size>
         <input_file_ref idref="fl-64"/>
      </object_component>
      <object_component id="oc-1da">
         <name>.text</name>
         <load_address>0x3483a</load_address>
         <run_address>0x3483a</run_address>
         <size>0x72</size>
         <input_file_ref idref="fl-6b"/>
      </object_component>
      <object_component id="oc-210">
         <name>.text</name>
         <load_address>0x348ac</load_address>
         <run_address>0x348ac</run_address>
         <size>0x6f</size>
         <input_file_ref idref="fl-78"/>
      </object_component>
      <object_component id="oc-249">
         <name>.text</name>
         <load_address>0x3491b</load_address>
         <run_address>0x3491b</run_address>
         <size>0x6d</size>
         <input_file_ref idref="fl-85"/>
      </object_component>
      <object_component id="oc-257">
         <name>.text</name>
         <load_address>0x34988</load_address>
         <run_address>0x34988</run_address>
         <size>0x6b</size>
         <input_file_ref idref="fl-88"/>
      </object_component>
      <object_component id="oc-214">
         <name>.text</name>
         <load_address>0x349f3</load_address>
         <run_address>0x349f3</run_address>
         <size>0x67</size>
         <input_file_ref idref="fl-79"/>
      </object_component>
      <object_component id="oc-1fe">
         <name>.text</name>
         <load_address>0x34a5a</load_address>
         <run_address>0x34a5a</run_address>
         <size>0x5c</size>
         <input_file_ref idref="fl-73"/>
      </object_component>
      <object_component id="oc-1b6">
         <name>.text</name>
         <load_address>0x34ab6</load_address>
         <run_address>0x34ab6</run_address>
         <size>0x5b</size>
         <input_file_ref idref="fl-63"/>
      </object_component>
      <object_component id="oc-171">
         <name>.text</name>
         <load_address>0x34b14</load_address>
         <run_address>0x34b14</run_address>
         <size>0x56</size>
         <input_file_ref idref="fl-3f"/>
      </object_component>
      <object_component id="oc-176">
         <name>.text</name>
         <load_address>0x34b6c</load_address>
         <run_address>0x34b6c</run_address>
         <size>0x52</size>
         <input_file_ref idref="fl-40"/>
      </object_component>
      <object_component id="oc-1d6">
         <name>.text</name>
         <load_address>0x34bbe</load_address>
         <run_address>0x34bbe</run_address>
         <size>0x50</size>
         <input_file_ref idref="fl-6a"/>
      </object_component>
      <object_component id="oc-181">
         <name>.text:retain</name>
         <load_address>0x34c10</load_address>
         <run_address>0x34c10</run_address>
         <size>0x4e</size>
         <input_file_ref idref="fl-41"/>
      </object_component>
      <object_component id="oc-202">
         <name>.text</name>
         <load_address>0x34c5e</load_address>
         <run_address>0x34c5e</run_address>
         <size>0x4d</size>
         <input_file_ref idref="fl-74"/>
      </object_component>
      <object_component id="oc-1fa">
         <name>.text</name>
         <load_address>0x34cab</load_address>
         <run_address>0x34cab</run_address>
         <size>0x4b</size>
         <input_file_ref idref="fl-72"/>
      </object_component>
      <object_component id="oc-240">
         <name>.text</name>
         <load_address>0x34cf6</load_address>
         <run_address>0x34cf6</run_address>
         <size>0x4b</size>
         <input_file_ref idref="fl-83"/>
      </object_component>
      <object_component id="oc-1a3">
         <name>.text</name>
         <load_address>0x34d41</load_address>
         <run_address>0x34d41</run_address>
         <size>0x48</size>
         <input_file_ref idref="fl-5f"/>
      </object_component>
      <object_component id="oc-77">
         <name>.text</name>
         <load_address>0x34d8c</load_address>
         <run_address>0x34d8c</run_address>
         <size>0x47</size>
         <input_file_ref idref="fl-10"/>
      </object_component>
      <object_component id="oc-1c3">
         <name>.text</name>
         <load_address>0x34dd3</load_address>
         <run_address>0x34dd3</run_address>
         <size>0x3f</size>
         <input_file_ref idref="fl-66"/>
      </object_component>
      <object_component id="oc-1ab">
         <name>.text</name>
         <load_address>0x34e12</load_address>
         <run_address>0x34e12</run_address>
         <size>0x3e</size>
         <input_file_ref idref="fl-61"/>
      </object_component>
      <object_component id="oc-10">
         <name>.text</name>
         <load_address>0x34e50</load_address>
         <run_address>0x34e50</run_address>
         <size>0x34</size>
         <input_file_ref idref="fl-5c"/>
      </object_component>
      <object_component id="oc-20c">
         <name>.text</name>
         <load_address>0x34e84</load_address>
         <run_address>0x34e84</run_address>
         <size>0x2a</size>
         <input_file_ref idref="fl-77"/>
      </object_component>
      <object_component id="oc-1e6">
         <name>.text</name>
         <load_address>0x34eae</load_address>
         <run_address>0x34eae</run_address>
         <size>0x2a</size>
         <input_file_ref idref="fl-6e"/>
      </object_component>
      <object_component id="oc-238">
         <name>.text</name>
         <load_address>0x34ed8</load_address>
         <run_address>0x34ed8</run_address>
         <size>0x23</size>
         <input_file_ref idref="fl-81"/>
      </object_component>
      <object_component id="oc-226">
         <name>.text</name>
         <load_address>0x34efb</load_address>
         <run_address>0x34efb</run_address>
         <size>0x1a</size>
         <input_file_ref idref="fl-7d"/>
      </object_component>
      <object_component id="oc-1e2">
         <name>.text</name>
         <load_address>0x34f15</load_address>
         <run_address>0x34f15</run_address>
         <size>0x14</size>
         <input_file_ref idref="fl-6d"/>
      </object_component>
      <object_component id="oc-1bf">
         <name>.text</name>
         <load_address>0x34f29</load_address>
         <run_address>0x34f29</run_address>
         <size>0x13</size>
         <input_file_ref idref="fl-65"/>
      </object_component>
      <object_component id="oc-1ee">
         <name>.text</name>
         <load_address>0x34f3c</load_address>
         <run_address>0x34f3c</run_address>
         <size>0x12</size>
         <input_file_ref idref="fl-70"/>
      </object_component>
      <object_component id="oc-1ce">
         <name>.text</name>
         <load_address>0x34f4e</load_address>
         <run_address>0x34f4e</run_address>
         <size>0x11</size>
         <input_file_ref idref="fl-68"/>
      </object_component>
      <object_component id="oc-1de">
         <name>.text</name>
         <load_address>0x34f5f</load_address>
         <run_address>0x34f5f</run_address>
         <size>0x11</size>
         <input_file_ref idref="fl-6c"/>
      </object_component>
      <object_component id="oc-23c">
         <name>.text</name>
         <load_address>0x34f70</load_address>
         <run_address>0x34f70</run_address>
         <size>0x10</size>
         <input_file_ref idref="fl-82"/>
      </object_component>
      <object_component id="oc-1b2">
         <name>.text</name>
         <load_address>0x34f80</load_address>
         <run_address>0x34f80</run_address>
         <size>0xe</size>
         <input_file_ref idref="fl-62"/>
      </object_component>
      <object_component id="oc-269">
         <name>.text</name>
         <load_address>0x34f8e</load_address>
         <run_address>0x34f8e</run_address>
         <size>0xa</size>
         <input_file_ref idref="fl-8c"/>
      </object_component>
      <object_component id="oc-1af">
         <name>.text:CIO_breakpoint</name>
         <load_address>0x34f98</load_address>
         <run_address>0x34f98</run_address>
         <size>0x7</size>
         <input_file_ref idref="fl-61"/>
      </object_component>
      <object_component id="oc-197">
         <name>.stack</name>
         <load_address>0xc0</load_address>
         <run_address>0xc0</run_address>
         <size>0x0</size>
         <input_file_ref idref="fl-5c"/>
      </object_component>
      <object_component id="oc-290">
         <name>.stack</name>
         <load_address>0xc0</load_address>
         <run_address>0xc0</run_address>
         <size>0x0</size>
      </object_component>
      <object_component id="oc-26d">
         <name>.sysstack</name>
         <load_address>0x20c0</load_address>
         <run_address>0x20c0</run_address>
         <size>0x0</size>
         <input_file_ref idref="fl-5c"/>
      </object_component>
      <object_component id="oc-292">
         <name>.sysstack</name>
         <load_address>0x20c0</load_address>
         <run_address>0x20c0</run_address>
         <size>0x0</size>
      </object_component>
      <object_component id="oc-f1">
         <name>.bss</name>
         <uninitialized>true</uninitialized>
         <run_address>0x80c0</run_address>
         <size>0xa1a</size>
         <input_file_ref idref="fl-28"/>
      </object_component>
      <object_component id="oc-b2">
         <name>.bss</name>
         <uninitialized>true</uninitialized>
         <run_address>0x8ada</run_address>
         <size>0x800</size>
         <input_file_ref idref="fl-1c"/>
      </object_component>
      <object_component id="oc-a6">
         <name>.bss</name>
         <uninitialized>true</uninitialized>
         <run_address>0x92da</run_address>
         <size>0x400</size>
         <input_file_ref idref="fl-1a"/>
      </object_component>
      <object_component id="oc-1b">
         <name>.bss</name>
         <uninitialized>true</uninitialized>
         <run_address>0x96da</run_address>
         <size>0x2</size>
         <input_file_ref idref="fl-3"/>
      </object_component>
      <object_component id="oc-c2">
         <name>.bss</name>
         <uninitialized>true</uninitialized>
         <run_address>0x96dc</run_address>
         <size>0x37c</size>
         <input_file_ref idref="fl-1f"/>
      </object_component>
      <object_component id="oc-18d">
         <name>.bss</name>
         <uninitialized>true</uninitialized>
         <run_address>0x9a58</run_address>
         <size>0x248</size>
         <input_file_ref idref="fl-43"/>
      </object_component>
      <object_component id="oc-208">
         <name>.bss</name>
         <uninitialized>true</uninitialized>
         <run_address>0x9ca0</run_address>
         <size>0x232</size>
         <input_file_ref idref="fl-76"/>
      </object_component>
      <object_component id="oc-260">
         <name>.bss</name>
         <uninitialized>true</uninitialized>
         <run_address>0x9ed2</run_address>
         <size>0x2</size>
         <input_file_ref idref="fl-8a"/>
      </object_component>
      <object_component id="oc-143">
         <name>.bss</name>
         <uninitialized>true</uninitialized>
         <run_address>0x9ed4</run_address>
         <size>0x224</size>
         <input_file_ref idref="fl-37"/>
      </object_component>
      <object_component id="oc-245">
         <name>.bss</name>
         <uninitialized>true</uninitialized>
         <run_address>0xa0f8</run_address>
         <size>0x1a0</size>
         <input_file_ref idref="fl-84"/>
      </object_component>
      <object_component id="oc-149">
         <name>.bss</name>
         <uninitialized>true</uninitialized>
         <run_address>0xa298</run_address>
         <size>0x12a</size>
         <input_file_ref idref="fl-38"/>
      </object_component>
      <object_component id="oc-10b">
         <name>.bss</name>
         <uninitialized>true</uninitialized>
         <run_address>0xa3c4</run_address>
         <size>0x108</size>
         <input_file_ref idref="fl-2d"/>
      </object_component>
      <object_component id="oc-7f">
         <name>.bss</name>
         <uninitialized>true</uninitialized>
         <run_address>0xa4cc</run_address>
         <size>0xfa</size>
         <input_file_ref idref="fl-12"/>
      </object_component>
      <object_component id="oc-22f">
         <name>.bss</name>
         <uninitialized>true</uninitialized>
         <run_address>0xa5c8</run_address>
         <size>0xe2</size>
         <input_file_ref idref="fl-7f"/>
      </object_component>
      <object_component id="oc-186">
         <name>.bss</name>
         <uninitialized>true</uninitialized>
         <run_address>0xa6aa</run_address>
         <size>0xc2</size>
         <input_file_ref idref="fl-42"/>
      </object_component>
      <object_component id="oc-71">
         <name>.bss</name>
         <uninitialized>true</uninitialized>
         <run_address>0xa76c</run_address>
         <size>0x78</size>
         <input_file_ref idref="fl-f"/>
      </object_component>
      <object_component id="oc-65">
         <name>.bss</name>
         <uninitialized>true</uninitialized>
         <run_address>0xa7e4</run_address>
         <size>0x6c</size>
         <input_file_ref idref="fl-d"/>
      </object_component>
      <object_component id="oc-111">
         <name>.bss</name>
         <uninitialized>true</uninitialized>
         <run_address>0xa850</run_address>
         <size>0x54</size>
         <input_file_ref idref="fl-2e"/>
      </object_component>
      <object_component id="oc-8c">
         <name>.bss</name>
         <uninitialized>true</uninitialized>
         <run_address>0xa8a4</run_address>
         <size>0x40</size>
         <input_file_ref idref="fl-14"/>
      </object_component>
      <object_component id="oc-13d">
         <name>.bss</name>
         <uninitialized>true</uninitialized>
         <run_address>0xa8e4</run_address>
         <size>0x2c</size>
         <input_file_ref idref="fl-36"/>
      </object_component>
      <object_component id="oc-17e">
         <name>.bss</name>
         <uninitialized>true</uninitialized>
         <run_address>0xa910</run_address>
         <size>0x28</size>
         <input_file_ref idref="fl-41"/>
      </object_component>
      <object_component id="oc-118">
         <name>.bss</name>
         <uninitialized>true</uninitialized>
         <run_address>0xa938</run_address>
         <size>0x24</size>
         <input_file_ref idref="fl-2f"/>
      </object_component>
      <object_component id="oc-34">
         <name>.bss</name>
         <uninitialized>true</uninitialized>
         <run_address>0xa95c</run_address>
         <size>0x24</size>
         <input_file_ref idref="fl-6"/>
      </object_component>
      <object_component id="oc-4c">
         <name>.bss</name>
         <uninitialized>true</uninitialized>
         <run_address>0xa980</run_address>
         <size>0x18</size>
         <input_file_ref idref="fl-9"/>
      </object_component>
      <object_component id="oc-3c">
         <name>.bss</name>
         <uninitialized>true</uninitialized>
         <run_address>0xa998</run_address>
         <size>0x14</size>
         <input_file_ref idref="fl-7"/>
      </object_component>
      <object_component id="oc-13">
         <name>.bss</name>
         <uninitialized>true</uninitialized>
         <run_address>0xa9ac</run_address>
         <size>0x12</size>
         <input_file_ref idref="fl-2"/>
      </object_component>
      <object_component id="oc-44">
         <name>.bss</name>
         <uninitialized>true</uninitialized>
         <run_address>0xa9c0</run_address>
         <size>0x10</size>
         <input_file_ref idref="fl-8"/>
      </object_component>
      <object_component id="oc-150">
         <name>.bss</name>
         <uninitialized>true</uninitialized>
         <run_address>0xa9d0</run_address>
         <size>0x10</size>
         <input_file_ref idref="fl-39"/>
      </object_component>
      <object_component id="oc-1c8">
         <name>.bss</name>
         <uninitialized>true</uninitialized>
         <run_address>0xa9e0</run_address>
         <size>0xc</size>
         <input_file_ref idref="fl-67"/>
      </object_component>
      <object_component id="oc-5e">
         <name>.bss</name>
         <uninitialized>true</uninitialized>
         <run_address>0xa9ec</run_address>
         <size>0x8</size>
         <input_file_ref idref="fl-c"/>
      </object_component>
      <object_component id="oc-54">
         <name>.bss</name>
         <uninitialized>true</uninitialized>
         <run_address>0xa9f4</run_address>
         <size>0x8</size>
         <input_file_ref idref="fl-a"/>
      </object_component>
      <object_component id="oc-16c">
         <name>.bss</name>
         <uninitialized>true</uninitialized>
         <run_address>0xa9fc</run_address>
         <size>0x8</size>
         <input_file_ref idref="fl-3e"/>
      </object_component>
      <object_component id="oc-2c">
         <name>.bss</name>
         <uninitialized>true</uninitialized>
         <run_address>0xaa04</run_address>
         <size>0x8</size>
         <input_file_ref idref="fl-5"/>
      </object_component>
      <object_component id="oc-23">
         <name>.bss</name>
         <uninitialized>true</uninitialized>
         <run_address>0xaa0c</run_address>
         <size>0x8</size>
         <input_file_ref idref="fl-4"/>
      </object_component>
      <object_component id="oc-1ef">
         <name>.bss</name>
         <uninitialized>true</uninitialized>
         <run_address>0xaa14</run_address>
         <size>0x8</size>
         <input_file_ref idref="fl-70"/>
      </object_component>
      <object_component id="oc-1ac">
         <name>.bss</name>
         <uninitialized>true</uninitialized>
         <run_address>0xaa1c</run_address>
         <size>0x8</size>
         <input_file_ref idref="fl-61"/>
      </object_component>
      <object_component id="oc-177">
         <name>.bss</name>
         <uninitialized>true</uninitialized>
         <run_address>0xaa24</run_address>
         <size>0x8</size>
         <input_file_ref idref="fl-40"/>
      </object_component>
      <object_component id="oc-cd">
         <name>.bss</name>
         <uninitialized>true</uninitialized>
         <run_address>0xaa2c</run_address>
         <size>0x6</size>
         <input_file_ref idref="fl-21"/>
      </object_component>
      <object_component id="oc-161">
         <name>.bss</name>
         <uninitialized>true</uninitialized>
         <run_address>0xaa34</run_address>
         <size>0x4</size>
         <input_file_ref idref="fl-3c"/>
      </object_component>
      <object_component id="oc-14b">
         <name>.const:.string</name>
         <load_address>0xaa38</load_address>
         <run_address>0xaa38</run_address>
         <size>0x68c</size>
         <input_file_ref idref="fl-38"/>
      </object_component>
      <object_component id="oc-278">
         <name>.const:__ctypes_</name>
         <load_address>0xb0c4</load_address>
         <run_address>0xb0c4</run_address>
         <size>0x202</size>
         <input_file_ref idref="fl-75"/>
      </object_component>
      <object_component id="oc-133">
         <name>.const:.string</name>
         <load_address>0xb2c8</load_address>
         <run_address>0xb2c8</run_address>
         <size>0x102</size>
         <input_file_ref idref="fl-34"/>
      </object_component>
      <object_component id="oc-68">
         <name>.const:.string</name>
         <load_address>0xb3cc</load_address>
         <run_address>0xb3cc</run_address>
         <size>0xc2</size>
         <input_file_ref idref="fl-d"/>
      </object_component>
      <object_component id="oc-a8">
         <name>.const:.string</name>
         <load_address>0xb490</load_address>
         <run_address>0xb490</run_address>
         <size>0xba</size>
         <input_file_ref idref="fl-1a"/>
      </object_component>
      <object_component id="oc-16">
         <name>.const:.string</name>
         <load_address>0xb54c</load_address>
         <run_address>0xb54c</run_address>
         <size>0x7e</size>
         <input_file_ref idref="fl-2"/>
      </object_component>
      <object_component id="oc-37">
         <name>.const:.string</name>
         <load_address>0xb5cc</load_address>
         <run_address>0xb5cc</run_address>
         <size>0x7c</size>
         <input_file_ref idref="fl-6"/>
      </object_component>
      <object_component id="oc-4f">
         <name>.const:.string</name>
         <load_address>0xb648</load_address>
         <run_address>0xb648</run_address>
         <size>0x5a</size>
         <input_file_ref idref="fl-9"/>
      </object_component>
      <object_component id="oc-1f7">
         <name>.const:.string</name>
         <load_address>0xb6a4</load_address>
         <run_address>0xb6a4</run_address>
         <size>0x48</size>
         <input_file_ref idref="fl-71"/>
      </object_component>
      <object_component id="oc-3f">
         <name>.const:.string</name>
         <load_address>0xb6ec</load_address>
         <run_address>0xb6ec</run_address>
         <size>0x42</size>
         <input_file_ref idref="fl-7"/>
      </object_component>
      <object_component id="oc-57">
         <name>.const:.string</name>
         <load_address>0xb730</load_address>
         <run_address>0xb730</run_address>
         <size>0x40</size>
         <input_file_ref idref="fl-a"/>
      </object_component>
      <object_component id="oc-27">
         <name>.const:.string</name>
         <load_address>0xb770</load_address>
         <run_address>0xb770</run_address>
         <size>0x30</size>
         <input_file_ref idref="fl-4"/>
      </object_component>
      <object_component id="oc-26">
         <name>.const</name>
         <load_address>0xb7a0</load_address>
         <run_address>0xb7a0</run_address>
         <size>0x28</size>
         <input_file_ref idref="fl-4"/>
      </object_component>
      <object_component id="oc-1f6">
         <name>.const</name>
         <load_address>0xb7c8</load_address>
         <run_address>0xb7c8</run_address>
         <size>0x18</size>
         <input_file_ref idref="fl-71"/>
      </object_component>
      <object_component id="oc-1e">
         <name>.const:.string</name>
         <load_address>0xb7e0</load_address>
         <run_address>0xb7e0</run_address>
         <size>0x10</size>
         <input_file_ref idref="fl-3"/>
      </object_component>
      <object_component id="oc-277">
         <name>.const:_initial_approx$1</name>
         <load_address>0xb7f0</load_address>
         <run_address>0xb7f0</run_address>
         <size>0x10</size>
         <input_file_ref idref="fl-5e"/>
      </object_component>
      <object_component id="oc-47">
         <name>.const:.string</name>
         <load_address>0xb800</load_address>
         <run_address>0xb800</run_address>
         <size>0xc</size>
         <input_file_ref idref="fl-8"/>
      </object_component>
      <object_component id="oc-2f">
         <name>.const:.string</name>
         <load_address>0xb80c</load_address>
         <run_address>0xb80c</run_address>
         <size>0xa</size>
         <input_file_ref idref="fl-5"/>
      </object_component>
      <object_component id="oc-82">
         <name>.const:.string</name>
         <load_address>0xb818</load_address>
         <run_address>0xb818</run_address>
         <size>0xa</size>
         <input_file_ref idref="fl-12"/>
      </object_component>
      <object_component id="oc-26e">
         <name>.const:_$P$T0$2</name>
         <load_address>0xb822</load_address>
         <run_address>0xb822</run_address>
         <size>0x8</size>
         <input_file_ref idref="fl-d"/>
      </object_component>
      <object_component id="oc-21f">
         <name>.const:.string</name>
         <load_address>0xb82c</load_address>
         <run_address>0xb82c</run_address>
         <size>0x4</size>
         <input_file_ref idref="fl-7b"/>
      </object_component>
      <object_component id="oc-216">
         <name>.const</name>
         <load_address>0xb830</load_address>
         <run_address>0xb830</run_address>
         <size>0x4</size>
         <input_file_ref idref="fl-79"/>
      </object_component>
      <object_component id="oc-1b8">
         <name>.const</name>
         <load_address>0xb834</load_address>
         <run_address>0xb834</run_address>
         <size>0x4</size>
         <input_file_ref idref="fl-63"/>
      </object_component>
      <object_component id="oc-1cb">
         <name>.sysmem</name>
         <uninitialized>true</uninitialized>
         <run_address>0x30c0</run_address>
         <size>0x0</size>
         <input_file_ref idref="fl-67"/>
      </object_component>
      <object_component id="oc-291">
         <name>.sysmem</name>
         <uninitialized>true</uninitialized>
         <run_address>0x30c0</run_address>
         <size>0x0</size>
      </object_component>
      <object_component id="oc-271">
         <name>.switch:_SDIO_eventDisable</name>
         <load_address>0x40908</load_address>
         <run_address>0x40908</run_address>
         <size>0x44</size>
         <input_file_ref idref="fl-22"/>
      </object_component>
      <object_component id="oc-270">
         <name>.switch:_SDIO_eventEnable</name>
         <load_address>0x4094c</load_address>
         <run_address>0x4094c</run_address>
         <size>0x44</size>
         <input_file_ref idref="fl-22"/>
      </object_component>
      <object_component id="oc-273">
         <name>.switch:_DMA_config</name>
         <load_address>0x40990</load_address>
         <run_address>0x40990</run_address>
         <size>0x40</size>
         <input_file_ref idref="fl-32"/>
      </object_component>
      <object_component id="oc-274">
         <name>.switch:_DMA_getConfig</name>
         <load_address>0x409d0</load_address>
         <run_address>0x409d0</run_address>
         <size>0x40</size>
         <input_file_ref idref="fl-32"/>
      </object_component>
      <object_component id="oc-275">
         <name>.switch:_DMA_reset</name>
         <load_address>0x40a10</load_address>
         <run_address>0x40a10</run_address>
         <size>0x40</size>
         <input_file_ref idref="fl-32"/>
      </object_component>
      <object_component id="oc-26f">
         <name>.switch:_USB_coreEventProcessEp0</name>
         <load_address>0x40a50</load_address>
         <run_address>0x40a50</run_address>
         <size>0x30</size>
         <input_file_ref idref="fl-1f"/>
      </object_component>
      <object_component id="oc-276">
         <name>.switch:_NtoC</name>
         <load_address>0x40a80</load_address>
         <run_address>0x40a80</run_address>
         <size>0x28</size>
         <input_file_ref idref="fl-41"/>
      </object_component>
      <object_component id="oc-272">
         <name>.switch:_MSC_Bulk</name>
         <load_address>0x40aa8</load_address>
         <run_address>0x40aa8</run_address>
         <size>0x20</size>
         <input_file_ref idref="fl-27"/>
      </object_component>
      <object_component id="oc-18f">
         <name>.cinit</name>
         <load_address>0x40000</load_address>
         <run_address>0x40000</run_address>
         <size>0x1b8</size>
         <input_file_ref idref="fl-43"/>
      </object_component>
      <object_component id="oc-73">
         <name>.cinit</name>
         <load_address>0x401b8</load_address>
         <run_address>0x401b8</run_address>
         <size>0x170</size>
         <input_file_ref idref="fl-f"/>
      </object_component>
      <object_component id="oc-67">
         <name>.cinit</name>
         <load_address>0x40328</load_address>
         <run_address>0x40328</run_address>
         <size>0xa8</size>
         <input_file_ref idref="fl-d"/>
      </object_component>
      <object_component id="oc-81">
         <name>.cinit</name>
         <load_address>0x403d0</load_address>
         <run_address>0x403d0</run_address>
         <size>0x7a</size>
         <input_file_ref idref="fl-12"/>
      </object_component>
      <object_component id="oc-231">
         <name>.cinit</name>
         <load_address>0x4044a</load_address>
         <run_address>0x4044a</run_address>
         <size>0x5a</size>
         <input_file_ref idref="fl-7f"/>
      </object_component>
      <object_component id="oc-20a">
         <name>.cinit</name>
         <load_address>0x404a4</load_address>
         <run_address>0x404a4</run_address>
         <size>0x54</size>
         <input_file_ref idref="fl-76"/>
      </object_component>
      <object_component id="oc-36">
         <name>.cinit</name>
         <load_address>0x404f8</load_address>
         <run_address>0x404f8</run_address>
         <size>0x3e</size>
         <input_file_ref idref="fl-6"/>
      </object_component>
      <object_component id="oc-f3">
         <name>.cinit</name>
         <load_address>0x40536</load_address>
         <run_address>0x40536</run_address>
         <size>0x2a</size>
         <input_file_ref idref="fl-28"/>
      </object_component>
      <object_component id="oc-3e">
         <name>.cinit</name>
         <load_address>0x40560</load_address>
         <run_address>0x40560</run_address>
         <size>0x28</size>
         <input_file_ref idref="fl-7"/>
      </object_component>
      <object_component id="oc-46">
         <name>.cinit</name>
         <load_address>0x40588</load_address>
         <run_address>0x40588</run_address>
         <size>0x26</size>
         <input_file_ref idref="fl-8"/>
      </object_component>
      <object_component id="oc-179">
         <name>.cinit</name>
         <load_address>0x405ae</load_address>
         <run_address>0x405ae</run_address>
         <size>0x20</size>
         <input_file_ref idref="fl-40"/>
      </object_component>
      <object_component id="oc-4e">
         <name>.cinit</name>
         <load_address>0x405ce</load_address>
         <run_address>0x405ce</run_address>
         <size>0x1c</size>
         <input_file_ref idref="fl-9"/>
      </object_component>
      <object_component id="oc-60">
         <name>.cinit</name>
         <load_address>0x405ea</load_address>
         <run_address>0x405ea</run_address>
         <size>0x1a</size>
         <input_file_ref idref="fl-c"/>
      </object_component>
      <object_component id="oc-152">
         <name>.cinit</name>
         <load_address>0x40604</load_address>
         <run_address>0x40604</run_address>
         <size>0x18</size>
         <input_file_ref idref="fl-39"/>
      </object_component>
      <object_component id="oc-15">
         <name>.cinit</name>
         <load_address>0x4061c</load_address>
         <run_address>0x4061c</run_address>
         <size>0x18</size>
         <input_file_ref idref="fl-2"/>
      </object_component>
      <object_component id="oc-1f1">
         <name>.cinit</name>
         <load_address>0x40634</load_address>
         <run_address>0x40634</run_address>
         <size>0x14</size>
         <input_file_ref idref="fl-70"/>
      </object_component>
      <object_component id="oc-1ae">
         <name>.cinit</name>
         <load_address>0x40648</load_address>
         <run_address>0x40648</run_address>
         <size>0x14</size>
         <input_file_ref idref="fl-61"/>
      </object_component>
      <object_component id="oc-2e">
         <name>.cinit</name>
         <load_address>0x4065c</load_address>
         <run_address>0x4065c</run_address>
         <size>0x12</size>
         <input_file_ref idref="fl-5"/>
      </object_component>
      <object_component id="oc-56">
         <name>.cinit</name>
         <load_address>0x4066e</load_address>
         <run_address>0x4066e</run_address>
         <size>0x10</size>
         <input_file_ref idref="fl-a"/>
      </object_component>
      <object_component id="oc-113">
         <name>.cinit</name>
         <load_address>0x4067e</load_address>
         <run_address>0x4067e</run_address>
         <size>0x10</size>
         <input_file_ref idref="fl-2e"/>
      </object_component>
      <object_component id="oc-180">
         <name>.cinit</name>
         <load_address>0x4068e</load_address>
         <run_address>0x4068e</run_address>
         <size>0x10</size>
         <input_file_ref idref="fl-41"/>
      </object_component>
      <object_component id="oc-25">
         <name>.cinit</name>
         <load_address>0x4069e</load_address>
         <run_address>0x4069e</run_address>
         <size>0x8</size>
         <input_file_ref idref="fl-4"/>
      </object_component>
      <object_component id="oc-188">
         <name>.cinit</name>
         <load_address>0x406a6</load_address>
         <run_address>0x406a6</run_address>
         <size>0x8</size>
         <input_file_ref idref="fl-42"/>
      </object_component>
      <object_component id="oc-1d">
         <name>.cinit</name>
         <load_address>0x406ae</load_address>
         <run_address>0x406ae</run_address>
         <size>0x8</size>
         <input_file_ref idref="fl-3"/>
      </object_component>
      <object_component id="oc-262">
         <name>.cinit</name>
         <load_address>0x406b6</load_address>
         <run_address>0x406b6</run_address>
         <size>0x8</size>
         <input_file_ref idref="fl-8a"/>
      </object_component>
      <object_component id="oc-1ca">
         <name>.cinit</name>
         <load_address>0x406be</load_address>
         <run_address>0x406be</run_address>
         <size>0x8</size>
         <input_file_ref idref="fl-67"/>
      </object_component>
      <object_component id="oc-24b">
         <name>.cio</name>
         <uninitialized>true</uninitialized>
         <run_address>0x406c8</run_address>
         <size>0x240</size>
         <input_file_ref idref="fl-85"/>
      </object_component>
      <object_component id="oc-11">
         <name>vectors</name>
         <load_address>0x4ce00</load_address>
         <run_address>0x4ce00</run_address>
         <size>0x100</size>
         <input_file_ref idref="fl-6f"/>
      </object_component>
      <object_component id="oc-b8">
         <name>vectors</name>
         <load_address>0x4cf00</load_address>
         <run_address>0x4cf00</run_address>
         <size>0x100</size>
         <input_file_ref idref="fl-1d"/>
      </object_component>
      <object_component id="oc-14">
         <name>.debug_info</name>
         <load_address>0x0</load_address>
         <run_address>0x0</run_address>
         <size>0x10eb</size>
         <input_file_ref idref="fl-2"/>
      </object_component>
      <object_component id="oc-1c">
         <name>.debug_info</name>
         <load_address>0x10eb</load_address>
         <run_address>0x10eb</run_address>
         <size>0xafb</size>
         <input_file_ref idref="fl-3"/>
      </object_component>
[...]
         <object_component_ref idref="oc-18c"/>
      </symbol>
      <symbol id="sm-20c2">
         <name>_set_dma0_ch0_i2s0_Lout</name>
         <value>0x327e4</value>
         <object_component_ref idref="oc-18c"/>
      </symbol>
      <symbol id="sm-20c3">
         <name>_RcvR_Sine</name>
         <value>0x9c38</value>
         <object_component_ref idref="oc-18d"/>
      </symbol>
      <symbol id="sm-20c4">
         <name>_RcvL_Sine</name>
         <value>0x9bd8</value>
         <object_component_ref idref="oc-18d"/>
      </symbol>
      <symbol id="sm-20c5">
         <name>_set_dma1_ch1_i2s2_Rout</name>
         <value>0x32850</value>
         <object_component_ref idref="oc-18c"/>
      </symbol>
      <symbol id="sm-20c6">
         <name>_set_dma0_ch1_i2s0_Rout</name>
         <value>0x328bc</value>
         <object_component_ref idref="oc-18c"/>
      </symbol>
      <symbol id="sm-20c7">
         <name>_DMA_Done</name>
         <value>0x9c9e</value>
         <object_component_ref idref="oc-18d"/>
      </symbol>
      <symbol id="sm-20c8">
         <name>_XmitL_Sine_1K</name>
         <value>0x9a58</value>
         <object_component_ref idref="oc-18d"/>
      </symbol>
      <symbol id="sm-20c9">
         <name>_set_dma1_ch0_stop</name>
         <value>0x32718</value>
         <object_component_ref idref="oc-18c"/>
      </symbol>
      <symbol id="sm-20ca">
         <name>_set_dma1_ch1_stop</name>
         <value>0x32748</value>
         <object_component_ref idref="oc-18c"/>
      </symbol>
      <symbol id="sm-20cb">
         <name>_enable_dma_int</name>
         <value>0x32928</value>
         <object_component_ref idref="oc-18c"/>
      </symbol>
      <symbol id="sm-20cc">
         <name>_XmitL_Sine_2K</name>
         <value>0x9ab8</value>
         <object_component_ref idref="oc-18d"/>
      </symbol>
      <symbol id="sm-20cd">
         <name>_set_dma0_ch0_stop</name>
         <value>0x32730</value>
         <object_component_ref idref="oc-18c"/>
      </symbol>
      <symbol id="sm-20ce">
         <name>_set_dma0_ch1_stop</name>
         <value>0x32760</value>
         <object_component_ref idref="oc-18c"/>
      </symbol>
      <symbol id="sm-20cf">
         <name>_XmitR_Sine_1K</name>
         <value>0x9b18</value>
         <object_component_ref idref="oc-18d"/>
      </symbol>
      <symbol id="sm-20d0">
         <name>_XmitR_Sine_2K</name>
         <value>0x9b78</value>
         <object_component_ref idref="oc-18d"/>
      </symbol>
      <symbol id="sm-20da">
         <name>__addd</name>
         <value>0x32284</value>
         <object_component_ref idref="oc-193"/>
      </symbol>
      <symbol id="sm-20e6">
         <name>__sysstack</name>
         <value>0x20c0</value>
         <object_component_ref idref="oc-26d"/>
      </symbol>
      <symbol id="sm-20e7">
         <name>_c_int00</name>
         <value>0x34e50</value>
         <object_component_ref idref="oc-10"/>
      </symbol>
      <symbol id="sm-20e8">
         <name>__stack</name>
         <value>0xc0</value>
         <object_component_ref idref="oc-197"/>
      </symbol>
      <symbol id="sm-20f2">
         <name>__eqld</name>
         <value>0x32e89</value>
         <object_component_ref idref="oc-19b"/>
      </symbol>
      <symbol id="sm-20f3">
         <name>__cmpd</name>
         <value>0x32ebd</value>
         <object_component_ref idref="oc-19b"/>
      </symbol>
      <symbol id="sm-20f4">
         <name>__neqd</name>
         <value>0x32d2b</value>
         <object_component_ref idref="oc-19b"/>
      </symbol>
      <symbol id="sm-20f5">
         <name>__gtrd</name>
         <value>0x32df4</value>
         <object_component_ref idref="oc-19b"/>
      </symbol>
      <symbol id="sm-20f6">
         <name>__geqd</name>
         <value>0x32e3f</value>
         <object_component_ref idref="oc-19b"/>
      </symbol>
      <symbol id="sm-20f7">
         <name>__leqd</name>
         <value>0x32da7</value>
         <object_component_ref idref="oc-19b"/>
      </symbol>
      <symbol id="sm-20f8">
         <name>__lssd</name>
         <value>0x32d5f</value>
         <object_component_ref idref="oc-19b"/>
      </symbol>
      <symbol id="sm-2104">
         <name>__divd</name>
         <value>0x30246</value>
         <object_component_ref idref="oc-19f"/>
      </symbol>
      <symbol id="sm-210e">
         <name>__divli</name>
         <value>0x34d41</value>
         <object_component_ref idref="oc-1a3"/>
      </symbol>
      <symbol id="sm-2119">
         <name>__divul</name>
         <value>0x34265</value>
         <object_component_ref idref="oc-1a7"/>
      </symbol>
      <symbol id="sm-2129">
         <name>C$$EXIT</name>
         <value>0x34f99</value>
         <object_component_ref idref="oc-1af"/>
      </symbol>
      <symbol id="sm-212a">
         <name>_exit</name>
         <value>0x34e12</value>
         <object_component_ref idref="oc-1ab"/>
      </symbol>
      <symbol id="sm-212b">
         <name>_abort</name>
         <value>0x34f98</value>
         <object_component_ref idref="oc-1af"/>
      </symbol>
      <symbol id="sm-212c">
         <name>__cleanup_ptr</name>
         <value>0xaa1c</value>
         <object_component_ref idref="oc-1ac"/>
      </symbol>
      <symbol id="sm-212d">
         <name>__dtors_ptr</name>
         <value>0xaa20</value>
         <object_component_ref idref="oc-1ac"/>
      </symbol>
      <symbol id="sm-2137">
         <name>__fltud</name>
         <value>0x34f80</value>
         <object_component_ref idref="oc-1b2"/>
      </symbol>
      <symbol id="sm-2143">
         <name>__fltuld</name>
         <value>0x34ab6</value>
         <object_component_ref idref="oc-1b6"/>
      </symbol>
      <symbol id="sm-214d">
         <name>__frcmpyd_div</name>
         <value>0x347c7</value>
         <object_component_ref idref="oc-1bb"/>
      </symbol>
      <symbol id="sm-2155">
         <name>__mpyli</name>
         <value>0x34f29</value>
         <object_component_ref idref="oc-1bf"/>
      </symbol>
      <symbol id="sm-2156">
         <name>I$$LMPY</name>
         <value>0x34f29</value>
         <object_component_ref idref="oc-1bf"/>
      </symbol>
      <symbol id="sm-215e">
         <name>_memcpy</name>
         <value>0x34dd3</value>
         <object_component_ref idref="oc-1c3"/>
      </symbol>
      <symbol id="sm-216e">
         <name>__sys_memory</name>
         <value>0x30c0</value>
         <object_component_ref idref="oc-1cb"/>
      </symbol>
      <symbol id="sm-216f">
         <name>_chkheap</name>
         <value>0x2f618</value>
         <object_component_ref idref="oc-1c7"/>
      </symbol>
      <symbol id="sm-2170">
         <name>_realloc</name>
         <value>0x2f3b7</value>
         <object_component_ref idref="oc-1c7"/>
      </symbol>
      <symbol id="sm-2171">
         <name>_free_memory</name>
         <value>0x2f5c2</value>
         <object_component_ref idref="oc-1c7"/>
      </symbol>
      <symbol id="sm-2172">
         <name>_max_free</name>
         <value>0x2f568</value>
         <object_component_ref idref="oc-1c7"/>
      </symbol>
      <symbol id="sm-2173">
         <name>_free</name>
         <value>0x2f191</value>
         <object_component_ref idref="oc-1c7"/>
      </symbol>
      <symbol id="sm-2174">
         <name>_calloc</name>
         <value>0x2f620</value>
         <object_component_ref idref="oc-1c7"/>
      </symbol>
      <symbol id="sm-2175">
         <name>_malloc</name>
         <value>0x2f2c2</value>
         <object_component_ref idref="oc-1c7"/>
      </symbol>
      <symbol id="sm-2176">
         <name>_minit</name>
         <value>0x2f25d</value>
         <object_component_ref idref="oc-1c7"/>
      </symbol>
      <symbol id="sm-2180">
         <name>_memset</name>
         <value>0x34f4e</value>
         <object_component_ref idref="oc-1ce"/>
      </symbol>
      <symbol id="sm-218a">
         <name>__mpyd</name>
         <value>0x3388f</value>
         <object_component_ref idref="oc-1d2"/>
      </symbol>
      <symbol id="sm-2194">
         <name>_printf</name>
         <value>0x34bbe</value>
         <object_component_ref idref="oc-1d6"/>
      </symbol>
      <symbol id="sm-219f">
         <name>__remul</name>
         <value>0x3483a</value>
         <object_component_ref idref="oc-1da"/>
      </symbol>
      <symbol id="sm-21a9">
         <name>_strlen</name>
         <value>0x34f5f</value>
         <object_component_ref idref="oc-1de"/>
      </symbol>
      <symbol id="sm-21b3">
         <name>__subd</name>
         <value>0x34f15</value>
         <object_component_ref idref="oc-1e2"/>
      </symbol>
      <symbol id="sm-21bb">
         <name>__remu</name>
         <value>0x34ec3</value>
         <object_component_ref idref="oc-1e6"/>
      </symbol>
      <symbol id="sm-21bc">
         <name>__divu</name>
         <value>0x34eae</value>
         <object_component_ref idref="oc-1e6"/>
      </symbol>
      <symbol id="sm-21bd">
         <name>I$$UMOD</name>
         <value>0x34ec3</value>
         <object_component_ref idref="oc-1e6"/>
      </symbol>
      <symbol id="sm-21be">
         <name>I$$UDIV</name>
         <value>0x34eae</value>
         <object_component_ref idref="oc-1e6"/>
      </symbol>
      <symbol id="sm-21c8">
         <name>_Reset</name>
         <value>0x4ce00</value>
         <object_component_ref idref="oc-11"/>
      </symbol>
      <symbol id="sm-21d6">
         <name>__unlock</name>
         <value>0xaa18</value>
         <object_component_ref idref="oc-1ef"/>
      </symbol>
      <symbol id="sm-21d7">
         <name>__lock</name>
         <value>0xaa14</value>
         <object_component_ref idref="oc-1ef"/>
      </symbol>
      <symbol id="sm-21d8">
         <name>__register_lock</name>
         <value>0x34f44</value>
         <object_component_ref idref="oc-1ee"/>
      </symbol>
      <symbol id="sm-21d9">
         <name>__nop</name>
         <value>0x34f4c</value>
         <object_component_ref idref="oc-1ee"/>
      </symbol>
      <symbol id="sm-21da">
         <name>__register_unlock</name>
         <value>0x34f3c</value>
         <object_component_ref idref="oc-1ee"/>
      </symbol>
      <symbol id="sm-21ec">
         <name>__printfi</name>
         <value>0x21362</value>
         <object_component_ref idref="oc-1f4"/>
      </symbol>
      <symbol id="sm-21f6">
         <name>__args_main</name>
         <value>0x34cab</value>
         <object_component_ref idref="oc-1fa"/>
      </symbol>
      <symbol id="sm-21f7">
         <name>__TI_args_main</name>
         <value>0x1</value>
      </symbol>
      <symbol id="sm-2201">
         <name>_atoi</name>
         <value>0x34a5a</value>
         <object_component_ref idref="oc-1fe"/>
      </symbol>
      <symbol id="sm-2209">
         <name>_auto_init</name>
         <value>0x34c5e</value>
         <object_component_ref idref="oc-202"/>
      </symbol>
      <symbol id="sm-2211">
         <name>__ctypes_</name>
         <value>0xb0c4</value>
         <object_component_ref idref="oc-278"/>
      </symbol>
      <symbol id="sm-221b">
         <name>__tmpnams</name>
         <value>0x9d90</value>
         <object_component_ref idref="oc-208"/>
      </symbol>
      <symbol id="sm-221c">
         <name>__ft_end</name>
         <value>0x9ed0</value>
         <object_component_ref idref="oc-208"/>
      </symbol>
      <symbol id="sm-221d">
         <name>__ftable</name>
         <value>0x9ca0</value>
         <object_component_ref idref="oc-208"/>
      </symbol>
      <symbol id="sm-2227">
         <name>__fixdi</name>
         <value>0x34e84</value>
         <object_component_ref idref="oc-20c"/>
      </symbol>
      <symbol id="sm-2231">
         <name>__fixdli</name>
         <value>0x348ac</value>
         <object_component_ref idref="oc-210"/>
      </symbol>
      <symbol id="sm-223d">
         <name>__fltlid</name>
         <value>0x349f3</value>
         <object_component_ref idref="oc-214"/>
      </symbol>
      <symbol id="sm-2247">
         <name>_putchar</name>
         <value>0x34256</value>
         <object_component_ref idref="oc-219"/>
      </symbol>
      <symbol id="sm-2248">
         <name>_putc</name>
         <value>0x341bf</value>
         <object_component_ref idref="oc-219"/>
      </symbol>
      <symbol id="sm-2249">
         <name>_fputc</name>
         <value>0x341bf</value>
         <object_component_ref idref="oc-219"/>
      </symbol>
      <symbol id="sm-2257">
         <name>_puts</name>
         <value>0x33861</value>
         <object_component_ref idref="oc-21d"/>
      </symbol>
      <symbol id="sm-2258">
         <name>_fputs</name>
         <value>0x3372c</value>
         <object_component_ref idref="oc-21d"/>
      </symbol>
      <symbol id="sm-2262">
         <name>__frcmpyd</name>
         <value>0x34751</value>
         <object_component_ref idref="oc-222"/>
      </symbol>
      <symbol id="sm-226c">
         <name>___isinf</name>
         <value>0x34efb</value>
         <object_component_ref idref="oc-226"/>
      </symbol>
      <symbol id="sm-2276">
         <name>__divull</name>
         <value>0x3215b</value>
         <object_component_ref idref="oc-22a"/>
      </symbol>
      <symbol id="sm-2277">
         <name>__mpylli</name>
         <value>0x320a3</value>
         <object_component_ref idref="oc-22a"/>
      </symbol>
      <symbol id="sm-2278">
         <name>__remlli</name>
         <value>0x32074</value>
         <object_component_ref idref="oc-22a"/>
      </symbol>
      <symbol id="sm-2279">
         <name>__divlli</name>
         <value>0x3224f</value>
         <object_component_ref idref="oc-22a"/>
      </symbol>
      <symbol id="sm-227a">
         <name>__remull</name>
         <value>0x32026</value>
         <object_component_ref idref="oc-22a"/>
      </symbol>
      <symbol id="sm-228c">
         <name>_add_device</name>
         <value>0x2e16a</value>
         <object_component_ref idref="oc-22e"/>
      </symbol>
      <symbol id="sm-228d">
         <name>_rename</name>
         <value>0x2de8c</value>
         <object_component_ref idref="oc-22e"/>
      </symbol>
      <symbol id="sm-228e">
         <name>_read</name>
         <value>0x2df1b</value>
         <object_component_ref idref="oc-22e"/>
      </symbol>
      <symbol id="sm-228f">
         <name>_unlink</name>
         <value>0x2de59</value>
         <object_component_ref idref="oc-22e"/>
      </symbol>
      <symbol id="sm-2290">
         <name>_remove_device</name>
         <value>0x2dee5</value>
         <object_component_ref idref="oc-22e"/>
      </symbol>
      <symbol id="sm-2291">
         <name>_open</name>
         <value>0x2dfc9</value>
         <object_component_ref idref="oc-22e"/>
      </symbol>
      <symbol id="sm-2292">
         <name>_find_registered_device</name>
         <value>0x2e0ee</value>
         <object_component_ref idref="oc-22e"/>
      </symbol>
      <symbol id="sm-2293">
         <name>_lseek</name>
         <value>0x2e088</value>
         <object_component_ref idref="oc-22e"/>
      </symbol>
      <symbol id="sm-2294">
         <name>_close</name>
         <value>0x2e0f7</value>
         <object_component_ref idref="oc-22e"/>
      </symbol>
      <symbol id="sm-2295">
         <name>_write</name>
         <value>0x2dd17</value>
         <object_component_ref idref="oc-22e"/>
      </symbol>
      <symbol id="sm-229f">
         <name>_ltoa</name>
         <value>0x34659</value>
         <object_component_ref idref="oc-234"/>
      </symbol>
      <symbol id="sm-22aa">
         <name>_memccpy</name>
         <value>0x34ed8</value>
         <object_component_ref idref="oc-238"/>
      </symbol>
      <symbol id="sm-22b4">
         <name>__negd</name>
         <value>0x34f70</value>
         <object_component_ref idref="oc-23c"/>
      </symbol>
      <symbol id="sm-22be">
         <name>__remli</name>
         <value>0x34cf6</value>
         <object_component_ref idref="oc-240"/>
      </symbol>
      <symbol id="sm-22ca">
         <name>_HOSTopen</name>
         <value>0x2ea9f</value>
         <object_component_ref idref="oc-244"/>
      </symbol>
      <symbol id="sm-22cb">
         <name>_HOSTread</name>
         <value>0x2ea12</value>
         <object_component_ref idref="oc-244"/>
      </symbol>
      <symbol id="sm-22cc">
         <name>_HOSTtime</name>
         <value>0x2e906</value>
         <object_component_ref idref="oc-244"/>
      </symbol>
      <symbol id="sm-22cd">
         <name>_getenv</name>
         <value>0x2e794</value>
         <object_component_ref idref="oc-244"/>
      </symbol>
      <symbol id="sm-22ce">
         <name>_HOSTrename</name>
         <value>0x2e964</value>
         <object_component_ref idref="oc-244"/>
      </symbol>
      <symbol id="sm-22cf">
         <name>_HOSTclock</name>
         <value>0x2ec5e</value>
         <object_component_ref idref="oc-244"/>
      </symbol>
      <symbol id="sm-22d0">
         <name>_HOSTwrite</name>
         <value>0x2e80f</value>
         <object_component_ref idref="oc-244"/>
      </symbol>
      <symbol id="sm-22d1">
         <name>_HOSTlseek</name>
         <value>0x2eb3e</value>
         <object_component_ref idref="oc-244"/>
      </symbol>
      <symbol id="sm-22d2">
         <name>_HOSTunlink</name>
         <value>0x2e89c</value>
         <object_component_ref idref="oc-244"/>
      </symbol>
      <symbol id="sm-22d3">
         <name>_HOSTclose</name>
         <value>0x2ebf3</value>
         <object_component_ref idref="oc-244"/>
      </symbol>
      <symbol id="sm-22e5">
         <name>C$$IO$$</name>
         <value>0x3410a</value>
         <object_component_ref idref="oc-24c"/>
      </symbol>
      <symbol id="sm-22e6">
         <name>__CIOBUF_</name>
         <value>0x406c8</value>
         <object_component_ref idref="oc-24b"/>
      </symbol>
      <symbol id="sm-22e7">
         <name>_readmsg</name>
         <value>0x3491b</value>
         <object_component_ref idref="oc-249"/>
      </symbol>
      <symbol id="sm-22e8">
         <name>_writemsg</name>
         <value>0x34055</value>
         <object_component_ref idref="oc-24c"/>
      </symbol>
      <symbol id="sm-22f2">
         <name>__rd_ok</name>
         <value>0x33f36</value>
         <object_component_ref idref="oc-24f"/>
      </symbol>
      <symbol id="sm-22f3">
         <name>__wrt_ok</name>
         <value>0x33eb6</value>
         <object_component_ref idref="oc-24f"/>
      </symbol>
      <symbol id="sm-22fd">
         <name>__doflush</name>
         <value>0x33f93</value>
         <object_component_ref idref="oc-253"/>
      </symbol>
      <symbol id="sm-22fe">
         <name>_fflush</name>
         <value>0x33ffc</value>
         <object_component_ref idref="oc-253"/>
      </symbol>
      <symbol id="sm-2308">
         <name>_fseek</name>
         <value>0x34988</value>
         <object_component_ref idref="oc-257"/>
      </symbol>
      <symbol id="sm-2312">
         <name>_setvbuf</name>
         <value>0x33cf0</value>
         <object_component_ref idref="oc-25b"/>
      </symbol>
      <symbol id="sm-2321">
         <name>__cleanup</name>
         <value>0x31c61</value>
         <object_component_ref idref="oc-25f"/>
      </symbol>
      <symbol id="sm-2322">
         <name>_fopen</name>
         <value>0x31d84</value>
         <object_component_ref idref="oc-25f"/>
      </symbol>
      <symbol id="sm-2323">
         <name>_freopen</name>
         <value>0x31cbb</value>
         <object_component_ref idref="oc-25f"/>
      </symbol>
      <symbol id="sm-232d">
         <name>_fclose</name>
         <value>0x346d6</value>
         <object_component_ref idref="oc-265"/>
      </symbol>
      <symbol id="sm-2337">
         <name>_remove</name>
         <value>0x34f8e</value>
         <object_component_ref idref="oc-269"/>
      </symbol>
   </symbol_table>
</link_info>
